../Core/Src/main.c:39:6:SV_Limit	48	static
../Core/Src/main.c:116:5:main	16	static
../Core/Src/main.c:290:6:SystemClock_Config	120	static
../Core/Src/main.c:350:13:MX_TIM2_Init	40	static
../Core/Src/main.c:395:13:MX_TIM3_Init	56	static
../Core/Src/main.c:444:13:MX_TIM4_Init	56	static
../Core/Src/main.c:493:13:MX_TIM5_Init	40	static
../Core/Src/main.c:538:13:MX_TIM8_Init	104	static
../Core/Src/main.c:612:13:MX_TIM15_Init	104	static
../Core/Src/main.c:682:13:MX_TIM23_Init	56	static
../Core/Src/main.c:731:13:MX_TIM24_Init	56	static
../Core/Src/main.c:780:13:MX_USART10_UART_Init	8	static
../Core/Src/main.c:826:13:MX_DMA_Init	16	static
../Core/Src/main.c:847:13:MX_GPIO_Init	56	static
../Core/Src/main.c:897:6:HAL_TIM_PeriodElapsedCallback	24	static
../Core/Src/main.c:1149:6:Error_Handler	4	static,ignoring_inline_asm
