../Core/Src/main.c:41:6:SV_Limit	48	static
../Core/Src/main.c:100:5:main	8	static
../Core/Src/main.c:173:6:SystemClock_Config	120	static
../Core/Src/main.c:233:13:MX_TIM2_Init	40	static
../Core/Src/main.c:278:13:MX_TIM3_Init	56	static
../Core/Src/main.c:327:13:MX_TIM4_Init	56	static
../Core/Src/main.c:376:13:MX_TIM5_Init	40	static
../Core/Src/main.c:421:13:MX_TIM8_Init	104	static
../Core/Src/main.c:495:13:MX_TIM15_Init	104	static
../Core/Src/main.c:565:13:MX_TIM23_Init	56	static
../Core/Src/main.c:614:13:MX_TIM24_Init	56	static
../Core/Src/main.c:663:13:MX_USART10_UART_Init	8	static
../Core/Src/main.c:709:13:MX_DMA_Init	16	static
../Core/Src/main.c:730:13:MX_GPIO_Init	56	static
../Core/Src/main.c:780:6:HAL_TIM_PeriodElapsedCallback	24	static
../Core/Src/main.c:837:6:Error_Handler	4	static,ignoring_inline_asm
