Archive member included to satisfy reference by file (symbol)

d:/stm32cubeide_1.10.1/stm32cubeide/plugins/com.st.stm32cube.ide.mcu.externaltools.gnu-tools-for-stm32.10.3-2021.10.win32_1.0.0.202111181127/tools/bin/../lib/gcc/arm-none-eabi/10.3.1/../../../../arm-none-eabi/lib/thumb/v7e-m+dp/hard\libstdc++_nano.a(pure.o)
                              ./Core/Src/mainpp.o (__cxa_pure_virtual)
d:/stm32cubeide_1.10.1/stm32cubeide/plugins/com.st.stm32cube.ide.mcu.externaltools.gnu-tools-for-stm32.10.3-2021.10.win32_1.0.0.202111181127/tools/bin/../lib/gcc/arm-none-eabi/10.3.1/../../../../arm-none-eabi/lib/thumb/v7e-m+dp/hard\libstdc++_nano.a(eh_terminate.o)
                              d:/stm32cubeide_1.10.1/stm32cubeide/plugins/com.st.stm32cube.ide.mcu.externaltools.gnu-tools-for-stm32.10.3-2021.10.win32_1.0.0.202111181127/tools/bin/../lib/gcc/arm-none-eabi/10.3.1/../../../../arm-none-eabi/lib/thumb/v7e-m+dp/hard\libstdc++_nano.a(pure.o) (std::terminate())
d:/stm32cubeide_1.10.1/stm32cubeide/plugins/com.st.stm32cube.ide.mcu.externaltools.gnu-tools-for-stm32.10.3-2021.10.win32_1.0.0.202111181127/tools/bin/../lib/gcc/arm-none-eabi/10.3.1/../../../../arm-none-eabi/lib/thumb/v7e-m+dp/hard\libstdc++_nano.a(eh_unex_handler.o)
                              d:/stm32cubeide_1.10.1/stm32cubeide/plugins/com.st.stm32cube.ide.mcu.externaltools.gnu-tools-for-stm32.10.3-2021.10.win32_1.0.0.202111181127/tools/bin/../lib/gcc/arm-none-eabi/10.3.1/../../../../arm-none-eabi/lib/thumb/v7e-m+dp/hard\libstdc++_nano.a(eh_terminate.o) (__cxxabiv1::__unexpected_handler)
d:/stm32cubeide_1.10.1/stm32cubeide/plugins/com.st.stm32cube.ide.mcu.externaltools.gnu-tools-for-stm32.10.3-2021.10.win32_1.0.0.202111181127/tools/bin/../lib/gcc/arm-none-eabi/10.3.1/../../../../arm-none-eabi/lib/thumb/v7e-m+dp/hard\libstdc++_nano.a(eh_term_handler.o)
                              d:/stm32cubeide_1.10.1/stm32cubeide/plugins/com.st.stm32cube.ide.mcu.externaltools.gnu-tools-for-stm32.10.3-2021.10.win32_1.0.0.202111181127/tools/bin/../lib/gcc/arm-none-eabi/10.3.1/../../../../arm-none-eabi/lib/thumb/v7e-m+dp/hard\libstdc++_nano.a(eh_terminate.o) (__cxxabiv1::__terminate_handler)
d:/stm32cubeide_1.10.1/stm32cubeide/plugins/com.st.stm32cube.ide.mcu.externaltools.gnu-tools-for-stm32.10.3-2021.10.win32_1.0.0.202111181127/tools/bin/../lib/gcc/arm-none-eabi/10.3.1/../../../../arm-none-eabi/lib/thumb/v7e-m+dp/hard\libc_nano.a(lib_a-abort.o)
                              d:/stm32cubeide_1.10.1/stm32cubeide/plugins/com.st.stm32cube.ide.mcu.externaltools.gnu-tools-for-stm32.10.3-2021.10.win32_1.0.0.202111181127/tools/bin/../lib/gcc/arm-none-eabi/10.3.1/../../../../arm-none-eabi/lib/thumb/v7e-m+dp/hard\libstdc++_nano.a(eh_terminate.o) (abort)
d:/stm32cubeide_1.10.1/stm32cubeide/plugins/com.st.stm32cube.ide.mcu.externaltools.gnu-tools-for-stm32.10.3-2021.10.win32_1.0.0.202111181127/tools/bin/../lib/gcc/arm-none-eabi/10.3.1/../../../../arm-none-eabi/lib/thumb/v7e-m+dp/hard\libc_nano.a(lib_a-errno.o)
                              ./Core/Src/syscalls.o (__errno)
d:/stm32cubeide_1.10.1/stm32cubeide/plugins/com.st.stm32cube.ide.mcu.externaltools.gnu-tools-for-stm32.10.3-2021.10.win32_1.0.0.202111181127/tools/bin/../lib/gcc/arm-none-eabi/10.3.1/../../../../arm-none-eabi/lib/thumb/v7e-m+dp/hard\libc_nano.a(lib_a-exit.o)
                              d:/stm32cubeide_1.10.1/stm32cubeide/plugins/com.st.stm32cube.ide.mcu.externaltools.gnu-tools-for-stm32.10.3-2021.10.win32_1.0.0.202111181127/tools/bin/../lib/gcc/arm-none-eabi/10.3.1/../../../../arm-none-eabi/lib/thumb/v7e-m+dp/hard/crt0.o (exit)
d:/stm32cubeide_1.10.1/stm32cubeide/plugins/com.st.stm32cube.ide.mcu.externaltools.gnu-tools-for-stm32.10.3-2021.10.win32_1.0.0.202111181127/tools/bin/../lib/gcc/arm-none-eabi/10.3.1/../../../../arm-none-eabi/lib/thumb/v7e-m+dp/hard\libc_nano.a(lib_a-impure.o)
                              d:/stm32cubeide_1.10.1/stm32cubeide/plugins/com.st.stm32cube.ide.mcu.externaltools.gnu-tools-for-stm32.10.3-2021.10.win32_1.0.0.202111181127/tools/bin/../lib/gcc/arm-none-eabi/10.3.1/../../../../arm-none-eabi/lib/thumb/v7e-m+dp/hard\libc_nano.a(lib_a-exit.o) (_global_impure_ptr)
d:/stm32cubeide_1.10.1/stm32cubeide/plugins/com.st.stm32cube.ide.mcu.externaltools.gnu-tools-for-stm32.10.3-2021.10.win32_1.0.0.202111181127/tools/bin/../lib/gcc/arm-none-eabi/10.3.1/../../../../arm-none-eabi/lib/thumb/v7e-m+dp/hard\libc_nano.a(lib_a-init.o)
                              d:/stm32cubeide_1.10.1/stm32cubeide/plugins/com.st.stm32cube.ide.mcu.externaltools.gnu-tools-for-stm32.10.3-2021.10.win32_1.0.0.202111181127/tools/bin/../lib/gcc/arm-none-eabi/10.3.1/../../../../arm-none-eabi/lib/thumb/v7e-m+dp/hard/crt0.o (__libc_init_array)
d:/stm32cubeide_1.10.1/stm32cubeide/plugins/com.st.stm32cube.ide.mcu.externaltools.gnu-tools-for-stm32.10.3-2021.10.win32_1.0.0.202111181127/tools/bin/../lib/gcc/arm-none-eabi/10.3.1/../../../../arm-none-eabi/lib/thumb/v7e-m+dp/hard\libc_nano.a(lib_a-memcpy-stub.o)
[...]
Memory Configuration

Name             Origin             Length             Attributes
ITCMRAM          0x0000000000000000 0x0000000000010000 xrw
DTCMRAM          0x0000000020000000 0x0000000000020000 xrw
FLASH            0x0000000008000000 0x0000000000100000 xr
RAM_D1           0x0000000024000000 0x0000000000050000 xrw
RAM_D2           0x0000000030000000 0x0000000000008000 xrw
RAM_D3           0x0000000038000000 0x0000000000004000 xrw
*default*        0x0000000000000000 0xffffffffffffffff

Linker script and memory map

LOAD d:/stm32cubeide_1.10.1/stm32cubeide/plugins/com.st.stm32cube.ide.mcu.externaltools.gnu-tools-for-stm32.10.3-2021.10.win32_1.0.0.202111181127/tools/bin/../lib/gcc/arm-none-eabi/10.3.1/thumb/v7e-m+dp/hard/crti.o
LOAD d:/stm32cubeide_1.10.1/stm32cubeide/plugins/com.st.stm32cube.ide.mcu.externaltools.gnu-tools-for-stm32.10.3-2021.10.win32_1.0.0.202111181127/tools/bin/../lib/gcc/arm-none-eabi/10.3.1/thumb/v7e-m+dp/hard/crtbegin.o
LOAD d:/stm32cubeide_1.10.1/stm32cubeide/plugins/com.st.stm32cube.ide.mcu.externaltools.gnu-tools-for-stm32.10.3-2021.10.win32_1.0.0.202111181127/tools/bin/../lib/gcc/arm-none-eabi/10.3.1/../../../../arm-none-eabi/lib/thumb/v7e-m+dp/hard/crt0.o
LOAD ./Core/Inc/duration.o
LOAD ./Core/Inc/time.o
LOAD ./Core/Src/PID.o
LOAD ./Core/Src/main.o
LOAD ./Core/Src/mainpp.o
LOAD ./Core/Src/parameter.o
LOAD ./Core/Src/stm32h7xx_hal_msp.o
LOAD ./Core/Src/stm32h7xx_it.o
LOAD ./Core/Src/syscalls.o
LOAD ./Core/Src/sysmem.o
LOAD ./Core/Src/system_stm32h7xx.o
LOAD ./Core/Src/timing.o
LOAD ./Core/Startup/startup_stm32h723zgtx.o
LOAD ./Drivers/STM32H7xx_HAL_Driver/Src/stm32h7xx_hal.o
LOAD ./Drivers/STM32H7xx_HAL_Driver/Src/stm32h7xx_hal_cortex.o
LOAD ./Drivers/STM32H7xx_HAL_Driver/Src/stm32h7xx_hal_dma.o
LOAD ./Drivers/STM32H7xx_HAL_Driver/Src/stm32h7xx_hal_dma_ex.o
LOAD ./Drivers/STM32H7xx_HAL_Driver/Src/stm32h7xx_hal_exti.o
LOAD ./Drivers/STM32H7xx_HAL_Driver/Src/stm32h7xx_hal_flash.o
LOAD ./Drivers/STM32H7xx_HAL_Driver/Src/stm32h7xx_hal_flash_ex.o
LOAD ./Drivers/STM32H7xx_HAL_Driver/Src/stm32h7xx_hal_gpio.o
LOAD ./Drivers/STM32H7xx_HAL_Driver/Src/stm32h7xx_hal_hsem.o
LOAD ./Drivers/STM32H7xx_HAL_Driver/Src/stm32h7xx_hal_i2c.o
LOAD ./Drivers/STM32H7xx_HAL_Driver/Src/stm32h7xx_hal_i2c_ex.o
LOAD ./Drivers/STM32H7xx_HAL_Driver/Src/stm32h7xx_hal_mdma.o
LOAD ./Drivers/STM32H7xx_HAL_Driver/Src/stm32h7xx_hal_pwr.o
LOAD ./Drivers/STM32H7xx_HAL_Driver/Src/stm32h7xx_hal_pwr_ex.o
LOAD ./Drivers/STM32H7xx_HAL_Driver/Src/stm32h7xx_hal_rcc.o
LOAD ./Drivers/STM32H7xx_HAL_Driver/Src/stm32h7xx_hal_rcc_ex.o
LOAD ./Drivers/STM32H7xx_HAL_Driver/Src/stm32h7xx_hal_tim.o
LOAD ./Drivers/STM32H7xx_HAL_Driver/Src/stm32h7xx_hal_tim_ex.o
LOAD ./Drivers/STM32H7xx_HAL_Driver/Src/stm32h7xx_hal_uart.o
LOAD ./Drivers/STM32H7xx_HAL_Driver/Src/stm32h7xx_hal_uart_ex.o
START GROUP
LOAD d:/stm32cubeide_1.10.1/stm32cubeide/plugins/com.st.stm32cube.ide.mcu.externaltools.gnu-tools-for-stm32.10.3-2021.10.win32_1.0.0.202111181127/tools/bin/../lib/gcc/arm-none-eabi/10.3.1/../../../../arm-none-eabi/lib/thumb/v7e-m+dp/hard\libstdc++_nano.a
LOAD d:/stm32cubeide_1.10.1/stm32cubeide/plugins/com.st.stm32cube.ide.mcu.externaltools.gnu-tools-for-stm32.10.3-2021.10.win32_1.0.0.202111181127/tools/bin/../lib/gcc/arm-none-eabi/10.3.1/../../../../arm-none-eabi/lib/thumb/v7e-m+dp/hard\libsupc++_nano.a
END GROUP
LOAD d:/stm32cubeide_1.10.1/stm32cubeide/plugins/com.st.stm32cube.ide.mcu.externaltools.gnu-tools-for-stm32.10.3-2021.10.win32_1.0.0.202111181127/tools/bin/../lib/gcc/arm-none-eabi/10.3.1/../../../../arm-none-eabi/lib/thumb/v7e-m+dp/hard\libstdc++_nano.a
LOAD d:/stm32cubeide_1.10.1/stm32cubeide/plugins/com.st.stm32cube.ide.mcu.externaltools.gnu-tools-for-stm32.10.3-2021.10.win32_1.0.0.202111181127/tools/bin/../lib/gcc/arm-none-eabi/10.3.1/../../../../arm-none-eabi/lib/thumb/v7e-m+dp/hard\libm.a
LOAD d:/stm32cubeide_1.10.1/stm32cubeide/plugins/com.st.stm32cube.ide.mcu.externaltools.gnu-tools-for-stm32.10.3-2021.10.win32_1.0.0.202111181127/tools/bin/../lib/gcc/arm-none-eabi/10.3.1/../../../../arm-none-eabi/lib/thumb/v7e-m+dp/hard\libc_nano.a
START GROUP
LOAD d:/stm32cubeide_1.10.1/stm32cubeide/plugins/com.st.stm32cube.ide.mcu.externaltools.gnu-tools-for-stm32.10.3-2021.10.win32_1.0.0.202111181127/tools/bin/../lib/gcc/arm-none-eabi/10.3.1/thumb/v7e-m+dp/hard\libgcc.a
LOAD d:/stm32cubeide_1.10.1/stm32cubeide/plugins/com.st.stm32cube.ide.mcu.externaltools.gnu-tools-for-stm32.10.3-2021.10.win32_1.0.0.202111181127/tools/bin/../lib/gcc/arm-none-eabi/10.3.1/../../../../arm-none-eabi/lib/thumb/v7e-m+dp/hard\libc_nano.a
END GROUP
START GROUP
LOAD d:/stm32cubeide_1.10.1/stm32cubeide/plugins/com.st.stm32cube.ide.mcu.externaltools.gnu-tools-for-stm32.10.3-2021.10.win32_1.0.0.202111181127/tools/bin/../lib/gcc/arm-none-eabi/10.3.1/thumb/v7e-m+dp/hard\libgcc.a
LOAD d:/stm32cubeide_1.10.1/stm32cubeide/plugins/com.st.stm32cube.ide.mcu.externaltools.gnu-tools-for-stm32.10.3-2021.10.win32_1.0.0.202111181127/tools/bin/../lib/gcc/arm-none-eabi/10.3.1/../../../../arm-none-eabi/lib/thumb/v7e-m+dp/hard\libc_nano.a
LOAD d:/stm32cubeide_1.10.1/stm32cubeide/plugins/com.st.stm32cube.ide.mcu.externaltools.gnu-tools-for-stm32.10.3-2021.10.win32_1.0.0.202111181127/tools/bin/../lib/gcc/arm-none-eabi/10.3.1/../../../../arm-none-eabi/lib/thumb/v7e-m+dp/hard\libnosys.a
END GROUP
START GROUP
LOAD d:/stm32cubeide_1.10.1/stm32cubeide/plugins/com.st.stm32cube.ide.mcu.externaltools.gnu-tools-for-stm32.10.3-2021.10.win32_1.0.0.202111181127/tools/bin/../lib/gcc/arm-none-eabi/10.3.1/thumb/v7e-m+dp/hard\libgcc.a
LOAD d:/stm32cubeide_1.10.1/stm32cubeide/plugins/com.st.stm32cube.ide.mcu.externaltools.gnu-tools-for-stm32.10.3-2021.10.win32_1.0.0.202111181127/tools/bin/../lib/gcc/arm-none-eabi/10.3.1/../../../../arm-none-eabi/lib/thumb/v7e-m+dp/hard\libc_nano.a
LOAD d:/stm32cubeide_1.10.1/stm32cubeide/plugins/com.st.stm32cube.ide.mcu.externaltools.gnu-tools-for-stm32.10.3-2021.10.win32_1.0.0.202111181127/tools/bin/../lib/gcc/arm-none-eabi/10.3.1/../../../../arm-none-eabi/lib/thumb/v7e-m+dp/hard\libnosys.a
END GROUP
LOAD d:/stm32cubeide_1.10.1/stm32cubeide/plugins/com.st.stm32cube.ide.mcu.externaltools.gnu-tools-for-stm32.10.3-2021.10.win32_1.0.0.202111181127/tools/bin/../lib/gcc/arm-none-eabi/10.3.1/thumb/v7e-m+dp/hard/crtend.o
LOAD d:/stm32cubeide_1.10.1/stm32cubeide/plugins/com.st.stm32cube.ide.mcu.externaltools.gnu-tools-for-stm32.10.3-2021.10.win32_1.0.0.202111181127/tools/bin/../lib/gcc/arm-none-eabi/10.3.1/thumb/v7e-m+dp/hard/crtn.o
                0x0000000024050000                _estack = (ORIGIN (RAM_D1) + LENGTH (RAM_D1))
                0x0000000000000200                _Min_Heap_Size = 0x200
                0x0000000000000400                _Min_Stack_Size = 0x400

.isr_vector     0x0000000008000000      0x2cc
                0x0000000008000000                . = ALIGN (0x4)
 *(.isr_vector)
 .isr_vector    0x0000000008000000      0x2cc ./Core/Startup/startup_stm32h723zgtx.o
                0x0000000008000000                g_pfnVectors
                0x00000000080002cc                . = ALIGN (0x4)

.text           0x00000000080002d0     0xe874
                0x00000000080002d0                . = ALIGN (0x4)
 *(.text)
 .text          0x00000000080002d0       0x40 d:/stm32cubeide_1.10.1/stm32cubeide/plugins/com.st.stm32cube.ide.mcu.externaltools.gnu-tools-for-stm32.10.3-2021.10.win32_1.0.0.202111181127/tools/bin/../lib/gcc/arm-none-eabi/10.3.1/thumb/v7e-m+dp/hard/crtbegin.o
 .text          0x0000000008000310       0x10 d:/stm32cubeide_1.10.1/stm32cubeide/plugins/com.st.stm32cube.ide.mcu.externaltools.gnu-tools-for-stm32.10.3-2021.10.win32_1.0.0.202111181127/tools/bin/../lib/gcc/arm-none-eabi/10.3.1/../../../../arm-none-eabi/lib/thumb/v7e-m+dp/hard\libc_nano.a(lib_a-strlen.o)
                0x0000000008000310                strlen
 .text          0x0000000008000320       0x30 d:/stm32cubeide_1.10.1/stm32cubeide/plugins/com.st.stm32cube.ide.mcu.externaltools.gnu-tools-for-stm32.10.3-2021.10.win32_1.0.0.202111181127/tools/bin/../lib/gcc/arm-none-eabi/10.3.1/thumb/v7e-m+dp/hard\libgcc.a(_aeabi_uldivmod.o)
                0x0000000008000320                __aeabi_uldivmod
 .text          0x0000000008000350      0x2d0 d:/stm32cubeide_1.10.1/stm32cubeide/plugins/com.st.stm32cube.ide.mcu.externaltools.gnu-tools-for-stm32.10.3-2021.10.win32_1.0.0.202111181127/tools/bin/../lib/gcc/arm-none-eabi/10.3.1/thumb/v7e-m+dp/hard\libgcc.a(_udivmoddi4.o)
                0x0000000008000350                __udivmoddi4
 .text          0x0000000008000620        0x4 d:/stm32cubeide_1.10.1/stm32cubeide/plugins/com.st.stm32cube.ide.mcu.externaltools.gnu-tools-for-stm32.10.3-2021.10.win32_1.0.0.202111181127/tools/bin/../lib/gcc/arm-none-eabi/10.3.1/thumb/v7e-m+dp/hard\libgcc.a(_dvmd_tls.o)
                0x0000000008000620                __aeabi_idiv0
                0x0000000008000620                __aeabi_ldiv0
 *(.text*)
 .text._ZN3ros16normalizeSecNSecERmS0_
                0x0000000008000624       0x58 ./Core/Inc/time.o
                0x0000000008000624                ros::normalizeSecNSec(unsigned long&, unsigned long&)
 *fill*         0x000000000800067c        0x4 
 .text.pidCtrl  0x0000000008000680      0x338 ./Core/Src/PID.o
                0x0000000008000680                pidCtrl
 .text.main     0x00000000080009b8       0xd0 ./Core/Src/main.o
                0x00000000080009b8                main
 .text.SystemClock_Config
                0x0000000008000a88       0xe4 ./Core/Src/main.o
                0x0000000008000a88                SystemClock_Config
 .text.MX_TIM2_Init
                0x0000000008000b6c       0x9c ./Core/Src/main.o
 .text.MX_TIM3_Init
                0x0000000008000c08       0xac ./Core/Src/main.o
 .text.MX_TIM4_Init
                0x0000000008000cb4       0xac ./Core/Src/main.o
 .text.MX_TIM5_Init
                0x0000000008000d60       0x9c ./Core/Src/main.o
 .text.MX_TIM8_Init
                0x0000000008000dfc      0x138 ./Core/Src/main.o
 .text.MX_TIM15_Init
                0x0000000008000f34      0x124 ./Core/Src/main.o
 .text.MX_TIM23_Init
                0x0000000008001058       0xac ./Core/Src/main.o
 .text.MX_TIM24_Init
                0x0000000008001104       0xac ./Core/Src/main.o
 .text.MX_USART10_UART_Init
                0x00000000080011b0       0x98 ./Core/Src/main.o
 .text.MX_DMA_Init
                0x0000000008001248       0x50 ./Core/Src/main.o
 .text.MX_GPIO_Init
                0x0000000008001298      0x180 ./Core/Src/main.o
 .text.Error_Handler
                0x0000000008001418        0xa ./Core/Src/main.o
                0x0000000008001418                Error_Handler
 .text._ZN3ros4TimeC2Ev
                0x0000000008001422       0x22 ./Core/Src/mainpp.o
                0x0000000008001422                ros::Time::Time()
                0x0000000008001422                ros::Time::Time()
 .text._ZN3ros3MsgC2Ev
                0x0000000008001444       0x20 ./Core/Src/mainpp.o
                0x0000000008001444                ros::Msg::Msg()
                0x0000000008001444                ros::Msg::Msg()
 .text._ZN8std_msgs4TimeC2Ev
                0x0000000008001464       0x30 ./Core/Src/mainpp.o
                0x0000000008001464                std_msgs::Time::Time()
                0x0000000008001464                std_msgs::Time::Time()
 .text._ZNK8std_msgs4Time9serializeEPh
                0x0000000008001494       0xb0 ./Core/Src/mainpp.o
                0x0000000008001494                std_msgs::Time::serialize(unsigned char*) const
 .text._ZN8std_msgs4Time11deserializeEPh
                0x0000000008001544       0xc8 ./Core/Src/mainpp.o
                0x0000000008001544                std_msgs::Time::deserialize(unsigned char*)
 .text._ZN8std_msgs4Time7getTypeEv
                0x000000000800160c       0x1c ./Core/Src/mainpp.o
                0x000000000800160c                std_msgs::Time::getType()
 .text._ZN8std_msgs4Time6getMD5Ev
                0x0000000008001628       0x1c ./Core/Src/mainpp.o
                0x0000000008001628                std_msgs::Time::getMD5()
 .text._ZN14rosserial_msgs9TopicInfoC2Ev
                0x0000000008001644       0x48 ./Core/Src/mainpp.o
                0x0000000008001644                rosserial_msgs::TopicInfo::TopicInfo()
                0x0000000008001644                rosserial_msgs::TopicInfo::TopicInfo()
 .text._ZNK14rosserial_msgs9TopicInfo9serializeEPh
                0x000000000800168c      0x136 ./Core/Src/mainpp.o
                0x000000000800168c                rosserial_msgs::TopicInfo::serialize(unsigned char*) const
 .text._ZN14rosserial_msgs9TopicInfo11deserializeEPh
                0x00000000080017c2      0x1d0 ./Core/Src/mainpp.o
                0x00000000080017c2                rosserial_msgs::TopicInfo::deserialize(unsigned char*)
 *fill*         0x0000000008001992        0x2 
 .text._ZN14rosserial_msgs9TopicInfo7getTypeEv
                0x0000000008001994       0x1c ./Core/Src/mainpp.o
                0x0000000008001994                rosserial_msgs::TopicInfo::getType()
 .text._ZN14rosserial_msgs9TopicInfo6getMD5Ev
                0x00000000080019b0       0x1c ./Core/Src/mainpp.o
                0x00000000080019b0                rosserial_msgs::TopicInfo::getMD5()
 .text._ZN14rosserial_msgs3LogC2Ev
                0x00000000080019cc       0x34 ./Core/Src/mainpp.o
                0x00000000080019cc                rosserial_msgs::Log::Log()
                0x00000000080019cc                rosserial_msgs::Log::Log()
 .text._ZNK14rosserial_msgs3Log9serializeEPh
                0x0000000008001a00       0x64 ./Core/Src/mainpp.o
                0x0000000008001a00                rosserial_msgs::Log::serialize(unsigned char*) const
 .text._ZN14rosserial_msgs3Log11deserializeEPh
                0x0000000008001a64       0x90 ./Core/Src/mainpp.o
                0x0000000008001a64                rosserial_msgs::Log::deserialize(unsigned char*)
 .text._ZN14rosserial_msgs3Log7getTypeEv
                0x0000000008001af4       0x1c ./Core/Src/mainpp.o
                0x0000000008001af4                rosserial_msgs::Log::getType()
 .text._ZN14rosserial_msgs3Log6getMD5Ev
                0x0000000008001b10       0x1c ./Core/Src/mainpp.o
                0x0000000008001b10                rosserial_msgs::Log::getMD5()
 .text._ZN14rosserial_msgs20RequestParamResponseC2Ev
                0x0000000008001b2c       0x48 ./Core/Src/mainpp.o
                0x0000000008001b2c                rosserial_msgs::RequestParamResponse::RequestParamResponse()
                0x0000000008001b2c                rosserial_msgs::RequestParamResponse::RequestParamResponse()
 .text._ZNK14rosserial_msgs20RequestParamResponse9serializeEPh
                0x0000000008001b74      0x222 ./Core/Src/mainpp.o
                0x0000000008001b74                rosserial_msgs::RequestParamResponse::serialize(unsigned char*) const
 .text._ZN14rosserial_msgs20RequestParamResponse11deserializeEPh
                0x0000000008001d96      0x2e2 ./Core/Src/mainpp.o
                0x0000000008001d96                rosserial_msgs::RequestParamResponse::deserialize(unsigned char*)
 .text._ZN14rosserial_msgs20RequestParamResponse7getTypeEv
                0x0000000008002078       0x1c ./Core/Src/mainpp.o
                0x0000000008002078                rosserial_msgs::RequestParamResponse::getType()
 .text._ZN14rosserial_msgs20RequestParamResponse6getMD5Ev
                0x0000000008002094       0x1c ./Core/Src/mainpp.o
                0x0000000008002094                rosserial_msgs::RequestParamResponse::getMD5()
 .text._ZN3ros9PublisherC2EPKcPNS_3MsgEi
                0x00000000080020b0       0x2e ./Core/Src/mainpp.o
                0x00000000080020b0                ros::Publisher::Publisher(char const*, ros::Msg*, int)
                0x00000000080020b0                ros::Publisher::Publisher(char const*, ros::Msg*, int)
 .text._ZN3ros9Publisher7publishEPKNS_3MsgE
                0x00000000080020de       0x28 ./Core/Src/mainpp.o
                0x00000000080020de                ros::Publisher::publish(ros::Msg const*)
 .text._ZN3ros9Publisher15getEndpointTypeEv
                0x0000000008002106       0x18 ./Core/Src/mainpp.o
                0x0000000008002106                ros::Publisher::getEndpointType()
 *fill*         0x000000000800211e        0x2 
 .text._ZN13STM32Hardware10getRdmaIndEv
                0x0000000008002120      0x15c ./Core/Src/mainpp.o
                0x0000000008002120                STM32Hardware::getRdmaInd()
 .text._ZN13STM32HardwareC2Ev
                0x000000000800227c       0x40 ./Core/Src/mainpp.o
                0x000000000800227c                STM32Hardware::STM32Hardware()
                0x000000000800227c                STM32Hardware::STM32Hardware()
 .text._ZN13STM32Hardware4initEv
                0x00000000080022bc       0x16 ./Core/Src/mainpp.o
                0x00000000080022bc                STM32Hardware::init()
 .text._ZN13STM32Hardware10reset_rbufEv
                0x00000000080022d2       0x22 ./Core/Src/mainpp.o
                0x00000000080022d2                STM32Hardware::reset_rbuf()
 .text._ZN13STM32Hardware4readEv
                0x00000000080022f4       0x5a ./Core/Src/mainpp.o
                0x00000000080022f4                STM32Hardware::read()
 *fill*         0x000000000800234e        0x2 
 .text._ZN13STM32Hardware5flushEv
                0x0000000008002350       0xcc ./Core/Src/mainpp.o
                0x0000000008002350                STM32Hardware::flush()
 .text._ZN13STM32Hardware5writeEPhi
                0x000000000800241c       0x94 ./Core/Src/mainpp.o
                0x000000000800241c                STM32Hardware::write(unsigned char*, int)
 .text._ZN13STM32Hardware4timeEv
                0x00000000080024b0       0x16 ./Core/Src/mainpp.o
                0x00000000080024b0                STM32Hardware::time()
 *fill*         0x00000000080024c6        0x2 
 .text._ZN13geometry_msgs7Vector3C2Ev
                0x00000000080024c8       0x50 ./Core/Src/mainpp.o
                0x00000000080024c8                geometry_msgs::Vector3::Vector3()
                0x00000000080024c8                geometry_msgs::Vector3::Vector3()
 .text._ZNK13geometry_msgs7Vector39serializeEPh
                0x0000000008002518      0x2e6 ./Core/Src/mainpp.o
                0x0000000008002518                geometry_msgs::Vector3::serialize(unsigned char*) const
 .text._ZN13geometry_msgs7Vector311deserializeEPh
                0x00000000080027fe      0x6be ./Core/Src/mainpp.o
                0x00000000080027fe                geometry_msgs::Vector3::deserialize(unsigned char*)
 .text._ZN13geometry_msgs7Vector37getTypeEv
                0x0000000008002ebc       0x1c ./Core/Src/mainpp.o
                0x0000000008002ebc                geometry_msgs::Vector3::getType()
 .text._ZN13geometry_msgs7Vector36getMD5Ev
                0x0000000008002ed8       0x1c ./Core/Src/mainpp.o
                0x0000000008002ed8                geometry_msgs::Vector3::getMD5()
 .text._ZN13geometry_msgs5TwistC2Ev
                0x0000000008002ef4       0x38 ./Core/Src/mainpp.o
                0x0000000008002ef4                geometry_msgs::Twist::Twist()
                0x0000000008002ef4                geometry_msgs::Twist::Twist()
 .text._ZNK13geometry_msgs5Twist9serializeEPh
                0x0000000008002f2c       0x4c ./Core/Src/mainpp.o
                0x0000000008002f2c                geometry_msgs::Twist::serialize(unsigned char*) const
 .text._ZN13geometry_msgs5Twist11deserializeEPh
                0x0000000008002f78       0x4c ./Core/Src/mainpp.o
                0x0000000008002f78                geometry_msgs::Twist::deserialize(unsigned char*)
 .text._ZN13geometry_msgs5Twist7getTypeEv
                0x0000000008002fc4       0x1c ./Core/Src/mainpp.o
                0x0000000008002fc4                geometry_msgs::Twist::getType()
 .text._ZN13geometry_msgs5Twist6getMD5Ev
                0x0000000008002fe0       0x1c ./Core/Src/mainpp.o
                0x0000000008002fe0                geometry_msgs::Twist::getMD5()
 .text._Z8callbackRKN13geometry_msgs5TwistE
                0x0000000008002ffc       0x44 ./Core/Src/mainpp.o
                0x0000000008002ffc                callback(geometry_msgs::Twist const&)
 .text.interPub
                0x0000000008003040       0x6c ./Core/Src/mainpp.o
                0x0000000008003040                interPub
 .text._Z13Error_Handlerv
                0x00000000080030ac        0xa ./Core/Src/mainpp.o
                0x00000000080030ac                Error_Handler()
 *fill*         0x00000000080030b6        0x2 
 .text._ZL20MX_USART10_UART_Initv
                0x00000000080030b8       0xc0 ./Core/Src/mainpp.o
 .text.HAL_UART_ErrorCallback
                0x0000000008003178       0x70 ./Core/Src/mainpp.o
                0x0000000008003178                HAL_UART_ErrorCallback
 .text.HAL_UART_TxCpltCallback
                0x00000000080031e8       0x24 ./Core/Src/mainpp.o
                0x00000000080031e8                HAL_UART_TxCpltCallback
 .text.HAL_UART_RxCpltCallback
                0x000000000800320c       0x24 ./Core/Src/mainpp.o
                0x000000000800320c                HAL_UART_RxCpltCallback
 .text.setup    0x0000000008003230       0x2c ./Core/Src/mainpp.o
                0x0000000008003230                setup
 .text.loop     0x000000000800325c       0x14 ./Core/Src/mainpp.o
                0x000000000800325c                loop
 .text._ZN3ros3Msg8varToArrIPhmEEvT_T0_
                0x0000000008003270       0x3c ./Core/Src/mainpp.o
                0x0000000008003270                void ros::Msg::varToArr<unsigned char*, unsigned long>(unsigned char*, unsigned long)
 .text._ZN3ros3Msg8arrToVarImPhEEvRT_T0_
                0x00000000080032ac       0x4a ./Core/Src/mainpp.o
                0x00000000080032ac                void ros::Msg::arrToVar<unsigned long, unsigned char*>(unsigned long&, unsigned char*)
 *fill*         0x00000000080032f6        0x2 
 .text._ZN3ros15NodeHandleBase_C2Ev
                0x00000000080032f8       0x20 ./Core/Src/mainpp.o
                0x00000000080032f8                ros::NodeHandleBase_::NodeHandleBase_()
                0x00000000080032f8                ros::NodeHandleBase_::NodeHandleBase_()
 .text._ZN3ros11NodeHandle_I13STM32HardwareLi25ELi25ELi512ELi512EEC2Ev
                0x0000000008003318      0x134 ./Core/Src/mainpp.o
                0x0000000008003318                ros::NodeHandle_<STM32Hardware, 25, 25, 512, 512>::NodeHandle_()
                0x0000000008003318                ros::NodeHandle_<STM32Hardware, 25, 25, 512, 512>::NodeHandle_()
 .text._ZN3ros11Subscriber_C2Ev
                0x000000000800344c       0x20 ./Core/Src/mainpp.o
                0x000000000800344c                ros::Subscriber_::Subscriber_()
                0x000000000800344c                ros::Subscriber_::Subscriber_()
 .text._ZN3ros10SubscriberIN13geometry_msgs5TwistEvEC2EPKcPFvRKS2_Ei
                0x000000000800346c       0x48 ./Core/Src/mainpp.o
                0x000000000800346c                ros::Subscriber<geometry_msgs::Twist, void>::Subscriber(char const*, void (*)(geometry_msgs::Twist const&), int)
                0x000000000800346c                ros::Subscriber<geometry_msgs::Twist, void>::Subscriber(char const*, void (*)(geometry_msgs::Twist const&), int)
 .text._ZN3ros11NodeHandle_I13STM32HardwareLi25ELi25ELi512ELi512EE11getHardwareEv
                0x00000000080034b4       0x18 ./Core/Src/mainpp.o
                0x00000000080034b4                ros::NodeHandle_<STM32Hardware, 25, 25, 512, 512>::getHardware()
 .text._ZN3ros11NodeHandle_I13STM32HardwareLi25ELi25ELi512ELi512EE8initNodeEv
                0x00000000080034cc       0x52 ./Core/Src/mainpp.o
                0x00000000080034cc                ros::NodeHandle_<STM32Hardware, 25, 25, 512, 512>::initNode()
 .text._ZN3ros11NodeHandle_I13STM32HardwareLi25ELi25ELi512ELi512EE9subscribeINS_10SubscriberIN13geometry_msgs5TwistEvEEEEbRT_
                0x000000000800351e       0x56 ./Core/Src/mainpp.o
                0x000000000800351e                bool ros::NodeHandle_<STM32Hardware, 25, 25, 512, 512>::subscribe<ros::Subscriber<geometry_msgs::Twist, void> >(ros::Subscriber<geometry_msgs::Twist, void>&)
 .text._ZN3ros11NodeHandle_I13STM32HardwareLi25ELi25ELi512ELi512EE9advertiseERNS_9PublisherE
                0x0000000008003574       0x60 ./Core/Src/mainpp.o
                0x0000000008003574                ros::NodeHandle_<STM32Hardware, 25, 25, 512, 512>::advertise(ros::Publisher&)
 .text._ZN3ros11NodeHandle_I13STM32HardwareLi25ELi25ELi512ELi512EE8spinOnceEv
                0x00000000080035d4      0x4f0 ./Core/Src/mainpp.o
                0x00000000080035d4                ros::NodeHandle_<STM32Hardware, 25, 25, 512, 512>::spinOnce()
 .text._ZN3ros11NodeHandle_I13STM32HardwareLi25ELi25ELi512ELi512EE15requestSyncTimeEv
                0x0000000008003ac4       0x3e ./Core/Src/mainpp.o
                0x0000000008003ac4                ros::NodeHandle_<STM32Hardware, 25, 25, 512, 512>::requestSyncTime()
 .text._ZN3ros11NodeHandle_I13STM32HardwareLi25ELi25ELi512ELi512EE15negotiateTopicsEv
                0x0000000008003b02      0x1c2 ./Core/Src/mainpp.o
                0x0000000008003b02                ros::NodeHandle_<STM32Hardware, 25, 25, 512, 512>::negotiateTopics()
 .text._ZN3ros11NodeHandle_I13STM32HardwareLi25ELi25ELi512ELi512EE8syncTimeEPh
                0x0000000008003cc4       0x9c ./Core/Src/mainpp.o
                0x0000000008003cc4                ros::NodeHandle_<STM32Hardware, 25, 25, 512, 512>::syncTime(unsigned char*)
 .text._ZN3ros11NodeHandle_I13STM32HardwareLi25ELi25ELi512ELi512EE7publishEiPKNS_3MsgE
                0x0000000008003d60      0x158 ./Core/Src/mainpp.o
                0x0000000008003d60                ros::NodeHandle_<STM32Hardware, 25, 25, 512, 512>::publish(int, ros::Msg const*)
 .text._ZN3ros11NodeHandle_I13STM32HardwareLi25ELi25ELi512ELi512EE6setNowERNS_4TimeE
                0x0000000008003eb8       0x88 ./Core/Src/mainpp.o
                0x0000000008003eb8                ros::NodeHandle_<STM32Hardware, 25, 25, 512, 512>::setNow(ros::Time&)
 .text._ZN3ros11NodeHandle_I13STM32HardwareLi25ELi25ELi512ELi512EE8logerrorEPKc
                0x0000000008003f40       0x1c ./Core/Src/mainpp.o
                0x0000000008003f40                ros::NodeHandle_<STM32Hardware, 25, 25, 512, 512>::logerror(char const*)
 .text._ZN3ros11NodeHandle_I13STM32HardwareLi25ELi25ELi512ELi512EE3logEcPKc
                0x0000000008003f5c       0x38 ./Core/Src/mainpp.o
                0x0000000008003f5c                ros::NodeHandle_<STM32Hardware, 25, 25, 512, 512>::log(char, char const*)
 .text._Z41__static_initialization_and_destruction_0ii
                0x0000000008003f94       0x64 ./Core/Src/mainpp.o
 .text._ZN3ros10SubscriberIN13geometry_msgs5TwistEvE8callbackEPh
                0x0000000008003ff8       0x2a ./Core/Src/mainpp.o
                0x0000000008003ff8                ros::Subscriber<geometry_msgs::Twist, void>::callback(unsigned char*)
 .text._ZN3ros10SubscriberIN13geometry_msgs5TwistEvE15getEndpointTypeEv
                0x0000000008004022       0x18 ./Core/Src/mainpp.o
                0x0000000008004022                ros::Subscriber<geometry_msgs::Twist, void>::getEndpointType()
 .text._ZN3ros10SubscriberIN13geometry_msgs5TwistEvE10getMsgTypeEv
                0x000000000800403a       0x1c ./Core/Src/mainpp.o
                0x000000000800403a                ros::Subscriber<geometry_msgs::Twist, void>::getMsgType()
 .text._ZN3ros10SubscriberIN13geometry_msgs5TwistEvE9getMsgMD5Ev
                0x0000000008004056       0x1c ./Core/Src/mainpp.o
                0x0000000008004056                ros::Subscriber<geometry_msgs::Twist, void>::getMsgMD5()
 .text._ZN3ros11NodeHandle_I13STM32HardwareLi25ELi25ELi512ELi512EE9connectedEv
                0x0000000008004072       0x1e ./Core/Src/mainpp.o
                0x0000000008004072                ros::NodeHandle_<STM32Hardware, 25, 25, 512, 512>::connected()
 .text._GLOBAL__sub_I_nh
                0x0000000008004090       0x10 ./Core/Src/mainpp.o
 .text.HAL_MspInit
                0x00000000080040a0       0x40 ./Core/Src/stm32h7xx_hal_msp.o
                0x00000000080040a0                HAL_MspInit
 .text.HAL_TIM_Base_MspInit
                0x00000000080040e0       0x8c ./Core/Src/stm32h7xx_hal_msp.o
                0x00000000080040e0                HAL_TIM_Base_MspInit
 .text.HAL_TIM_Encoder_MspInit
                0x000000000800416c      0x1e4 ./Core/Src/stm32h7xx_hal_msp.o
                0x000000000800416c                HAL_TIM_Encoder_MspInit
 .text.HAL_TIM_PWM_MspInit
                0x0000000008004350       0x74 ./Core/Src/stm32h7xx_hal_msp.o
                0x0000000008004350                HAL_TIM_PWM_MspInit
 .text.HAL_TIM_MspPostInit
                0x00000000080043c4      0x10c ./Core/Src/stm32h7xx_hal_msp.o
                0x00000000080043c4                HAL_TIM_MspPostInit
 .text.HAL_UART_MspInit
                0x00000000080044d0      0x1d0 ./Core/Src/stm32h7xx_hal_msp.o
                0x00000000080044d0                HAL_UART_MspInit
 .text.HAL_UART_MspDeInit
                0x00000000080046a0       0x58 ./Core/Src/stm32h7xx_hal_msp.o
                0x00000000080046a0                HAL_UART_MspDeInit
 .text.NMI_Handler
                0x00000000080046f8        0x6 ./Core/Src/stm32h7xx_it.o
                0x00000000080046f8                NMI_Handler
 .text.HardFault_Handler
                0x00000000080046fe        0x6 ./Core/Src/stm32h7xx_it.o
                0x00000000080046fe                HardFault_Handler
 .text.MemManage_Handler
                0x0000000008004704        0x6 ./Core/Src/stm32h7xx_it.o
                0x0000000008004704                MemManage_Handler
 .text.BusFault_Handler
                0x000000000800470a        0x6 ./Core/Src/stm32h7xx_it.o
                0x000000000800470a                BusFault_Handler
 .text.UsageFault_Handler
                0x0000000008004710        0x6 ./Core/Src/stm32h7xx_it.o
                0x0000000008004710                UsageFault_Handler
 .text.SVC_Handler
                0x0000000008004716        0xe ./Core/Src/stm32h7xx_it.o
                0x0000000008004716                SVC_Handler
 .text.DebugMon_Handler
                0x0000000008004724        0xe ./Core/Src/stm32h7xx_it.o
                0x0000000008004724                DebugMon_Handler
 .text.PendSV_Handler
                0x0000000008004732        0xe ./Core/Src/stm32h7xx_it.o
                0x0000000008004732                PendSV_Handler
 .text.SysTick_Handler
                0x0000000008004740        0xc ./Core/Src/stm32h7xx_it.o
                0x0000000008004740                SysTick_Handler
 .text.RCC_IRQHandler
                0x000000000800474c        0xe ./Core/Src/stm32h7xx_it.o
                0x000000000800474c                RCC_IRQHandler
 *fill*         0x000000000800475a        0x2 
 .text.DMA1_Stream0_IRQHandler
                0x000000000800475c       0x14 ./Core/Src/stm32h7xx_it.o
                0x000000000800475c                DMA1_Stream0_IRQHandler
 .text.DMA1_Stream1_IRQHandler
                0x0000000008004770       0x14 ./Core/Src/stm32h7xx_it.o
                0x0000000008004770                DMA1_Stream1_IRQHandler
 .text.TIM2_IRQHandler
                0x0000000008004784       0x14 ./Core/Src/stm32h7xx_it.o
                0x0000000008004784                TIM2_IRQHandler
 .text.EXTI15_10_IRQHandler
                0x0000000008004798       0x10 ./Core/Src/stm32h7xx_it.o
                0x0000000008004798                EXTI15_10_IRQHandler
 .text.TIM5_IRQHandler
                0x00000000080047a8       0x14 ./Core/Src/stm32h7xx_it.o
                0x00000000080047a8                TIM5_IRQHandler
 .text.USART10_IRQHandler
                0x00000000080047bc       0x14 ./Core/Src/stm32h7xx_it.o
                0x00000000080047bc                USART10_IRQHandler
 .text._getpid  0x00000000080047d0       0x10 ./Core/Src/syscalls.o
                0x00000000080047d0                _getpid
 .text._kill    0x00000000080047e0       0x20 ./Core/Src/syscalls.o
                0x00000000080047e0                _kill
 .text._exit    0x0000000008004800       0x14 ./Core/Src/syscalls.o
                0x0000000008004800                _exit
 .text._sbrk    0x0000000008004814       0x6c ./Core/Src/sysmem.o
                0x0000000008004814                _sbrk
 .text.SystemInit
                0x0000000008004880       0xf0 ./Core/Src/system_stm32h7xx.o
                0x0000000008004880                SystemInit
 .text.HAL_TIM_PeriodElapsedCallback
                0x0000000008004970      0x3b4 ./Core/Src/timing.o
                0x0000000008004970                HAL_TIM_PeriodElapsedCallback
 .text.Reset_Handler
                0x0000000008004d24       0x50 ./Core/Startup/startup_stm32h723zgtx.o
                0x0000000008004d24                Reset_Handler
 .text.Default_Handler
                0x0000000008004d74        0x2 ./Core/Startup/startup_stm32h723zgtx.o
                0x0000000008004d74                RTC_Alarm_IRQHandler
                0x0000000008004d74                EXTI2_IRQHandler
                0x0000000008004d74                TIM8_CC_IRQHandler
                0x0000000008004d74                UART8_IRQHandler
                0x0000000008004d74                SPI4_IRQHandler
                0x0000000008004d74                FDCAN3_IT0_IRQHandler
                0x0000000008004d74                TIM1_CC_IRQHandler
                0x0000000008004d74                BDMA_Channel6_IRQHandler
                0x0000000008004d74                DMA2_Stream5_IRQHandler
                0x0000000008004d74                DMA1_Stream5_IRQHandler
                0x0000000008004d74                CORDIC_IRQHandler
                0x0000000008004d74                BDMA_Channel1_IRQHandler
                0x0000000008004d74                TAMP_STAMP_IRQHandler
                0x0000000008004d74                EXTI3_IRQHandler
                0x0000000008004d74                LPTIM4_IRQHandler
                0x0000000008004d74                TIM8_TRG_COM_TIM14_IRQHandler
                0x0000000008004d74                LPTIM2_IRQHandler
                0x0000000008004d74                DFSDM1_FLT1_IRQHandler
                0x0000000008004d74                DMAMUX2_OVR_IRQHandler
                0x0000000008004d74                TIM8_UP_TIM13_IRQHandler
                0x0000000008004d74                I2C3_ER_IRQHandler
                0x0000000008004d74                DFSDM1_FLT2_IRQHandler
                0x0000000008004d74                I2C5_EV_IRQHandler
                0x0000000008004d74                MDMA_IRQHandler
                0x0000000008004d74                LPTIM3_IRQHandler
                0x0000000008004d74                HSEM1_IRQHandler
                0x0000000008004d74                EXTI0_IRQHandler
                0x0000000008004d74                I2C2_EV_IRQHandler
                0x0000000008004d74                DMA1_Stream2_IRQHandler
                0x0000000008004d74                FPU_IRQHandler
                0x0000000008004d74                OTG_HS_WKUP_IRQHandler
                0x0000000008004d74                FDCAN1_IT1_IRQHandler
                0x0000000008004d74                LTDC_ER_IRQHandler
                0x0000000008004d74                DMA2_Stream2_IRQHandler
                0x0000000008004d74                SPI1_IRQHandler
                0x0000000008004d74                OCTOSPI1_IRQHandler
                0x0000000008004d74                TIM6_DAC_IRQHandler
                0x0000000008004d74                DMA2_Stream3_IRQHandler
                0x0000000008004d74                OCTOSPI2_IRQHandler
                0x0000000008004d74                DFSDM1_FLT3_IRQHandler
                0x0000000008004d74                TIM23_IRQHandler
                0x0000000008004d74                USART6_IRQHandler
                0x0000000008004d74                TIM17_IRQHandler
                0x0000000008004d74                USART3_IRQHandler
                0x0000000008004d74                BDMA_Channel7_IRQHandler
                0x0000000008004d74                LPTIM5_IRQHandler
                0x0000000008004d74                UART5_IRQHandler
                0x0000000008004d74                ADC3_IRQHandler
                0x0000000008004d74                DMA2_Stream0_IRQHandler
                0x0000000008004d74                TIM4_IRQHandler
                0x0000000008004d74                BDMA_Channel2_IRQHandler
                0x0000000008004d74                I2C1_EV_IRQHandler
                0x0000000008004d74                DMA1_Stream6_IRQHandler
                0x0000000008004d74                DMAMUX1_OVR_IRQHandler
                0x0000000008004d74                TIM16_IRQHandler
                0x0000000008004d74                UART4_IRQHandler
                0x0000000008004d74                BDMA_Channel5_IRQHandler
                0x0000000008004d74                TIM3_IRQHandler
                0x0000000008004d74                UART9_IRQHandler
                0x0000000008004d74                TIM8_BRK_TIM12_IRQHandler
                0x0000000008004d74                TIM1_TRG_COM_IRQHandler
                0x0000000008004d74                Default_Handler
                0x0000000008004d74                ECC_IRQHandler
                0x0000000008004d74                FMAC_IRQHandler
                0x0000000008004d74                CEC_IRQHandler
                0x0000000008004d74                BDMA_Channel0_IRQHandler
                0x0000000008004d74                ADC_IRQHandler
                0x0000000008004d74                I2C5_ER_IRQHandler
                0x0000000008004d74                DMA1_Stream7_IRQHandler
                0x0000000008004d74                SPI5_IRQHandler
                0x0000000008004d74                TIM7_IRQHandler
                0x0000000008004d74                FDCAN3_IT1_IRQHandler
                0x0000000008004d74                SDMMC1_IRQHandler
                0x0000000008004d74                DMA2_Stream7_IRQHandler
                0x0000000008004d74                TIM15_IRQHandler
                0x0000000008004d74                PVD_AVD_IRQHandler
                0x0000000008004d74                I2C3_EV_IRQHandler
                0x0000000008004d74                EXTI9_5_IRQHandler
                0x0000000008004d74                RTC_WKUP_IRQHandler
                0x0000000008004d74                LTDC_IRQHandler
                0x0000000008004d74                ETH_WKUP_IRQHandler
                0x0000000008004d74                SPDIF_RX_IRQHandler
                0x0000000008004d74                SPI2_IRQHandler
                0x0000000008004d74                OTG_HS_EP1_IN_IRQHandler
                0x0000000008004d74                TIM24_IRQHandler
                0x0000000008004d74                CRS_IRQHandler
                0x0000000008004d74                EXTI4_IRQHandler
                0x0000000008004d74                RNG_IRQHandler
                0x0000000008004d74                FDCAN2_IT1_IRQHandler
                0x0000000008004d74                ETH_IRQHandler
                0x0000000008004d74                TIM1_UP_IRQHandler
                0x0000000008004d74                BDMA_Channel4_IRQHandler
                0x0000000008004d74                OTG_HS_EP1_OUT_IRQHandler
                0x0000000008004d74                WWDG_IRQHandler
                0x0000000008004d74                SPI6_IRQHandler
                0x0000000008004d74                MDIOS_IRQHandler
                0x0000000008004d74                I2C4_EV_IRQHandler
                0x0000000008004d74                FDCAN2_IT0_IRQHandler
                0x0000000008004d74                LPUART1_IRQHandler
                0x0000000008004d74                FDCAN1_IT0_IRQHandler
                0x0000000008004d74                OTG_HS_IRQHandler
                0x0000000008004d74                DMA2D_IRQHandler
                0x0000000008004d74                TIM1_BRK_IRQHandler
                0x0000000008004d74                EXTI1_IRQHandler
                0x0000000008004d74                SDMMC2_IRQHandler
                0x0000000008004d74                BDMA_Channel3_IRQHandler
                0x0000000008004d74                DTS_IRQHandler
                0x0000000008004d74                UART7_IRQHandler
                0x0000000008004d74                MDIOS_WKUP_IRQHandler
                0x0000000008004d74                USART2_IRQHandler
                0x0000000008004d74                DFSDM1_FLT0_IRQHandler
                0x0000000008004d74                SAI4_IRQHandler
                0x0000000008004d74                I2C2_ER_IRQHandler
                0x0000000008004d74                DMA2_Stream1_IRQHandler
                0x0000000008004d74                FLASH_IRQHandler
                0x0000000008004d74                DMA2_Stream4_IRQHandler
                0x0000000008004d74                USART1_IRQHandler
                0x0000000008004d74                SPI3_IRQHandler
                0x0000000008004d74                WAKEUP_PIN_IRQHandler
                0x0000000008004d74                DMA1_Stream4_IRQHandler
                0x0000000008004d74                I2C1_ER_IRQHandler
                0x0000000008004d74                FMC_IRQHandler
                0x0000000008004d74                FDCAN_CAL_IRQHandler
                0x0000000008004d74                SWPMI1_IRQHandler
                0x0000000008004d74                COMP1_IRQHandler
                0x0000000008004d74                LPTIM1_IRQHandler
                0x0000000008004d74                DCMI_PSSI_IRQHandler
                0x0000000008004d74                I2C4_ER_IRQHandler
                0x0000000008004d74                DMA2_Stream6_IRQHandler
                0x0000000008004d74                SAI1_IRQHandler
                0x0000000008004d74                DMA1_Stream3_IRQHandler
 *fill*         0x0000000008004d76        0x2 
 .text.HAL_Init
                0x0000000008004d78       0x78 ./Drivers/STM32H7xx_HAL_Driver/Src/stm32h7xx_hal.o
                0x0000000008004d78                HAL_Init
 .text.HAL_InitTick
                0x0000000008004df0       0x6c ./Drivers/STM32H7xx_HAL_Driver/Src/stm32h7xx_hal.o
                0x0000000008004df0                HAL_InitTick
 .text.HAL_IncTick
                0x0000000008004e5c       0x28 ./Drivers/STM32H7xx_HAL_Driver/Src/stm32h7xx_hal.o
                0x0000000008004e5c                HAL_IncTick
 .text.HAL_GetTick
                0x0000000008004e84       0x18 ./Drivers/STM32H7xx_HAL_Driver/Src/stm32h7xx_hal.o
                0x0000000008004e84                HAL_GetTick
 .text.__NVIC_SetPriorityGrouping
                0x0000000008004e9c       0x48 ./Drivers/STM32H7xx_HAL_Driver/Src/stm32h7xx_hal_cortex.o
 .text.__NVIC_GetPriorityGrouping
                0x0000000008004ee4       0x1c ./Drivers/STM32H7xx_HAL_Driver/Src/stm32h7xx_hal_cortex.o
 .text.__NVIC_EnableIRQ
                0x0000000008004f00       0x3c ./Drivers/STM32H7xx_HAL_Driver/Src/stm32h7xx_hal_cortex.o
 .text.__NVIC_DisableIRQ
                0x0000000008004f3c       0x48 ./Drivers/STM32H7xx_HAL_Driver/Src/stm32h7xx_hal_cortex.o
 .text.__NVIC_SetPriority
                0x0000000008004f84       0x54 ./Drivers/STM32H7xx_HAL_Driver/Src/stm32h7xx_hal_cortex.o
 .text.NVIC_EncodePriority
                0x0000000008004fd8       0x66 ./Drivers/STM32H7xx_HAL_Driver/Src/stm32h7xx_hal_cortex.o
 *fill*         0x000000000800503e        0x2 
 .text.SysTick_Config
                0x0000000008005040       0x44 ./Drivers/STM32H7xx_HAL_Driver/Src/stm32h7xx_hal_cortex.o
 .text.HAL_NVIC_SetPriorityGrouping
                0x0000000008005084       0x16 ./Drivers/STM32H7xx_HAL_Driver/Src/stm32h7xx_hal_cortex.o
                0x0000000008005084                HAL_NVIC_SetPriorityGrouping
 .text.HAL_NVIC_SetPriority
                0x000000000800509a       0x34 ./Drivers/STM32H7xx_HAL_Driver/Src/stm32h7xx_hal_cortex.o
                0x000000000800509a                HAL_NVIC_SetPriority
 .text.HAL_NVIC_EnableIRQ
                0x00000000080050ce       0x1c ./Drivers/STM32H7xx_HAL_Driver/Src/stm32h7xx_hal_cortex.o
                0x00000000080050ce                HAL_NVIC_EnableIRQ
 .text.HAL_NVIC_DisableIRQ
                0x00000000080050ea       0x1c ./Drivers/STM32H7xx_HAL_Driver/Src/stm32h7xx_hal_cortex.o
                0x00000000080050ea                HAL_NVIC_DisableIRQ
 .text.HAL_SYSTICK_Config
                0x0000000008005106       0x18 ./Drivers/STM32H7xx_HAL_Driver/Src/stm32h7xx_hal_cortex.o
                0x0000000008005106                HAL_SYSTICK_Config
 *fill*         0x000000000800511e        0x2 
 .text.HAL_DMA_Init
                0x0000000008005120      0x6b4 ./Drivers/STM32H7xx_HAL_Driver/Src/stm32h7xx_hal_dma.o
                0x0000000008005120                HAL_DMA_Init
 .text.HAL_DMA_DeInit
                0x00000000080057d4      0x36c ./Drivers/STM32H7xx_HAL_Driver/Src/stm32h7xx_hal_dma.o
                0x00000000080057d4                HAL_DMA_DeInit
 .text.HAL_DMA_Start_IT
                0x0000000008005b40      0x4d4 ./Drivers/STM32H7xx_HAL_Driver/Src/stm32h7xx_hal_dma.o
                0x0000000008005b40                HAL_DMA_Start_IT
 .text.HAL_DMA_Abort
                0x0000000008006014      0x63c ./Drivers/STM32H7xx_HAL_Driver/Src/stm32h7xx_hal_dma.o
                0x0000000008006014                HAL_DMA_Abort
 .text.HAL_DMA_Abort_IT
                0x0000000008006650      0x48c ./Drivers/STM32H7xx_HAL_Driver/Src/stm32h7xx_hal_dma.o
                0x0000000008006650                HAL_DMA_Abort_IT
 .text.HAL_DMA_IRQHandler
                0x0000000008006adc      0xe54 ./Drivers/STM32H7xx_HAL_Driver/Src/stm32h7xx_hal_dma.o
                0x0000000008006adc                HAL_DMA_IRQHandler
 .text.DMA_SetConfig
                0x0000000008007930      0x358 ./Drivers/STM32H7xx_HAL_Driver/Src/stm32h7xx_hal_dma.o
 .text.DMA_CalcBaseAndBitshift
                0x0000000008007c88      0x164 ./Drivers/STM32H7xx_HAL_Driver/Src/stm32h7xx_hal_dma.o
 .text.DMA_CheckFifoParam
                0x0000000008007dec       0xf8 ./Drivers/STM32H7xx_HAL_Driver/Src/stm32h7xx_hal_dma.o
 .text.DMA_CalcDMAMUXChannelBaseAndMask
                0x0000000008007ee4      0x134 ./Drivers/STM32H7xx_HAL_Driver/Src/stm32h7xx_hal_dma.o
 .text.DMA_CalcDMAMUXRequestGenBaseAndMask
                0x0000000008008018       0xe8 ./Drivers/STM32H7xx_HAL_Driver/Src/stm32h7xx_hal_dma.o
 .text.HAL_GPIO_Init
                0x0000000008008100      0x350 ./Drivers/STM32H7xx_HAL_Driver/Src/stm32h7xx_hal_gpio.o
                0x0000000008008100                HAL_GPIO_Init
 .text.HAL_GPIO_DeInit
                0x0000000008008450      0x204 ./Drivers/STM32H7xx_HAL_Driver/Src/stm32h7xx_hal_gpio.o
                0x0000000008008450                HAL_GPIO_DeInit
 .text.HAL_GPIO_WritePin
                0x0000000008008654       0x32 ./Drivers/STM32H7xx_HAL_Driver/Src/stm32h7xx_hal_gpio.o
                0x0000000008008654                HAL_GPIO_WritePin
 .text.HAL_GPIO_EXTI_IRQHandler
                0x0000000008008686       0x34 ./Drivers/STM32H7xx_HAL_Driver/Src/stm32h7xx_hal_gpio.o
                0x0000000008008686                HAL_GPIO_EXTI_IRQHandler
 .text.HAL_GPIO_EXTI_Callback
                0x00000000080086ba       0x16 ./Drivers/STM32H7xx_HAL_Driver/Src/stm32h7xx_hal_gpio.o
                0x00000000080086ba                HAL_GPIO_EXTI_Callback
 .text.HAL_PWREx_ConfigSupply
                0x00000000080086d0       0x74 ./Drivers/STM32H7xx_HAL_Driver/Src/stm32h7xx_hal_pwr_ex.o
                0x00000000080086d0                HAL_PWREx_ConfigSupply
 .text.HAL_RCC_OscConfig
                0x0000000008008744      0x75c ./Drivers/STM32H7xx_HAL_Driver/Src/stm32h7xx_hal_rcc.o
                0x0000000008008744                HAL_RCC_OscConfig
 .text.HAL_RCC_ClockConfig
                0x0000000008008ea0      0x36c ./Drivers/STM32H7xx_HAL_Driver/Src/stm32h7xx_hal_rcc.o
                0x0000000008008ea0                HAL_RCC_ClockConfig
 .text.HAL_RCC_GetSysClockFreq
                0x000000000800920c      0x2f4 ./Drivers/STM32H7xx_HAL_Driver/Src/stm32h7xx_hal_rcc.o
                0x000000000800920c                HAL_RCC_GetSysClockFreq
 .text.HAL_RCC_GetHCLKFreq
                0x0000000008009500       0x60 ./Drivers/STM32H7xx_HAL_Driver/Src/stm32h7xx_hal_rcc.o
                0x0000000008009500                HAL_RCC_GetHCLKFreq
 .text.HAL_RCC_GetPCLK1Freq
                0x0000000008009560       0x2c ./Drivers/STM32H7xx_HAL_Driver/Src/stm32h7xx_hal_rcc.o
                0x0000000008009560                HAL_RCC_GetPCLK1Freq
 .text.HAL_RCC_GetPCLK2Freq
                0x000000000800958c       0x2c ./Drivers/STM32H7xx_HAL_Driver/Src/stm32h7xx_hal_rcc.o
                0x000000000800958c                HAL_RCC_GetPCLK2Freq
 .text.HAL_RCCEx_PeriphCLKConfig
                0x00000000080095b8      0xdf4 ./Drivers/STM32H7xx_HAL_Driver/Src/stm32h7xx_hal_rcc_ex.o
                0x00000000080095b8                HAL_RCCEx_PeriphCLKConfig
 .text.HAL_RCCEx_GetD3PCLK1Freq
                0x000000000800a3ac       0x2c ./Drivers/STM32H7xx_HAL_Driver/Src/stm32h7xx_hal_rcc_ex.o
                0x000000000800a3ac                HAL_RCCEx_GetD3PCLK1Freq
 .text.HAL_RCCEx_GetPLL2ClockFreq
                0x000000000800a3d8      0x2a8 ./Drivers/STM32H7xx_HAL_Driver/Src/stm32h7xx_hal_rcc_ex.o
                0x000000000800a3d8                HAL_RCCEx_GetPLL2ClockFreq
 .text.HAL_RCCEx_GetPLL3ClockFreq
                0x000000000800a680      0x2a8 ./Drivers/STM32H7xx_HAL_Driver/Src/stm32h7xx_hal_rcc_ex.o
                0x000000000800a680                HAL_RCCEx_GetPLL3ClockFreq
 .text.RCCEx_PLL2_Config
                0x000000000800a928      0x164 ./Drivers/STM32H7xx_HAL_Driver/Src/stm32h7xx_hal_rcc_ex.o
 .text.RCCEx_PLL3_Config
                0x000000000800aa8c      0x164 ./Drivers/STM32H7xx_HAL_Driver/Src/stm32h7xx_hal_rcc_ex.o
 .text.HAL_TIM_Base_Init
                0x000000000800abf0       0xae ./Drivers/STM32H7xx_HAL_Driver/Src/stm32h7xx_hal_tim.o
                0x000000000800abf0                HAL_TIM_Base_Init
 *fill*         0x000000000800ac9e        0x2 
 .text.HAL_TIM_Base_Start_IT
                0x000000000800aca0      0x10c ./Drivers/STM32H7xx_HAL_Driver/Src/stm32h7xx_hal_tim.o
                0x000000000800aca0                HAL_TIM_Base_Start_IT
 .text.HAL_TIM_PWM_Init
                0x000000000800adac       0xae ./Drivers/STM32H7xx_HAL_Driver/Src/stm32h7xx_hal_tim.o
                0x000000000800adac                HAL_TIM_PWM_Init
 *fill*         0x000000000800ae5a        0x2 
 .text.HAL_TIM_PWM_Start
                0x000000000800ae5c      0x238 ./Drivers/STM32H7xx_HAL_Driver/Src/stm32h7xx_hal_tim.o
                0x000000000800ae5c                HAL_TIM_PWM_Start
 .text.HAL_TIM_Encoder_Init
                0x000000000800b094      0x14c ./Drivers/STM32H7xx_HAL_Driver/Src/stm32h7xx_hal_tim.o
                0x000000000800b094                HAL_TIM_Encoder_Init
 .text.HAL_TIM_Encoder_Start
                0x000000000800b1e0      0x11c ./Drivers/STM32H7xx_HAL_Driver/Src/stm32h7xx_hal_tim.o
                0x000000000800b1e0                HAL_TIM_Encoder_Start
 .text.HAL_TIM_IRQHandler
                0x000000000800b2fc      0x23e ./Drivers/STM32H7xx_HAL_Driver/Src/stm32h7xx_hal_tim.o
                0x000000000800b2fc                HAL_TIM_IRQHandler
 *fill*         0x000000000800b53a        0x2 
 .text.HAL_TIM_PWM_ConfigChannel
                0x000000000800b53c      0x228 ./Drivers/STM32H7xx_HAL_Driver/Src/stm32h7xx_hal_tim.o
                0x000000000800b53c                HAL_TIM_PWM_ConfigChannel
 .text.HAL_TIM_ConfigClockSource
                0x000000000800b764      0x1f0 ./Drivers/STM32H7xx_HAL_Driver/Src/stm32h7xx_hal_tim.o
                0x000000000800b764                HAL_TIM_ConfigClockSource
 .text.HAL_TIM_OC_DelayElapsedCallback
                0x000000000800b954       0x14 ./Drivers/STM32H7xx_HAL_Driver/Src/stm32h7xx_hal_tim.o
                0x000000000800b954                HAL_TIM_OC_DelayElapsedCallback
 .text.HAL_TIM_IC_CaptureCallback
                0x000000000800b968       0x14 ./Drivers/STM32H7xx_HAL_Driver/Src/stm32h7xx_hal_tim.o
                0x000000000800b968                HAL_TIM_IC_CaptureCallback
 .text.HAL_TIM_PWM_PulseFinishedCallback
                0x000000000800b97c       0x14 ./Drivers/STM32H7xx_HAL_Driver/Src/stm32h7xx_hal_tim.o
                0x000000000800b97c                HAL_TIM_PWM_PulseFinishedCallback
 .text.HAL_TIM_TriggerCallback
                0x000000000800b990       0x14 ./Drivers/STM32H7xx_HAL_Driver/Src/stm32h7xx_hal_tim.o
                0x000000000800b990                HAL_TIM_TriggerCallback
 .text.TIM_Base_SetConfig
                0x000000000800b9a4      0x14c ./Drivers/STM32H7xx_HAL_Driver/Src/stm32h7xx_hal_tim.o
                0x000000000800b9a4                TIM_Base_SetConfig
 .text.TIM_OC1_SetConfig
                0x000000000800baf0      0x120 ./Drivers/STM32H7xx_HAL_Driver/Src/stm32h7xx_hal_tim.o
 .text.TIM_OC2_SetConfig
                0x000000000800bc10      0x114 ./Drivers/STM32H7xx_HAL_Driver/Src/stm32h7xx_hal_tim.o
                0x000000000800bc10                TIM_OC2_SetConfig
 .text.TIM_OC3_SetConfig
                0x000000000800bd24      0x110 ./Drivers/STM32H7xx_HAL_Driver/Src/stm32h7xx_hal_tim.o
 .text.TIM_OC4_SetConfig
                0x000000000800be34       0xd4 ./Drivers/STM32H7xx_HAL_Driver/Src/stm32h7xx_hal_tim.o
 .text.TIM_OC5_SetConfig
                0x000000000800bf08       0xc8 ./Drivers/STM32H7xx_HAL_Driver/Src/stm32h7xx_hal_tim.o
 .text.TIM_OC6_SetConfig
                0x000000000800bfd0       0xcc ./Drivers/STM32H7xx_HAL_Driver/Src/stm32h7xx_hal_tim.o
 .text.TIM_TI1_ConfigInputStage
                0x000000000800c09c       0x5e ./Drivers/STM32H7xx_HAL_Driver/Src/stm32h7xx_hal_tim.o
 .text.TIM_TI2_ConfigInputStage
                0x000000000800c0fa       0x60 ./Drivers/STM32H7xx_HAL_Driver/Src/stm32h7xx_hal_tim.o
 *fill*         0x000000000800c15a        0x2 
 .text.TIM_ITRx_SetConfig
                0x000000000800c15c       0x3c ./Drivers/STM32H7xx_HAL_Driver/Src/stm32h7xx_hal_tim.o
 .text.TIM_ETR_SetConfig
                0x000000000800c198       0x40 ./Drivers/STM32H7xx_HAL_Driver/Src/stm32h7xx_hal_tim.o
                0x000000000800c198                TIM_ETR_SetConfig
 .text.TIM_CCxChannelCmd
                0x000000000800c1d8       0x4a ./Drivers/STM32H7xx_HAL_Driver/Src/stm32h7xx_hal_tim.o
                0x000000000800c1d8                TIM_CCxChannelCmd
 *fill*         0x000000000800c222        0x2 
 .text.HAL_TIMEx_MasterConfigSynchronization
                0x000000000800c224      0x138 ./Drivers/STM32H7xx_HAL_Driver/Src/stm32h7xx_hal_tim_ex.o
                0x000000000800c224                HAL_TIMEx_MasterConfigSynchronization
 .text.HAL_TIMEx_ConfigBreakDeadTime
                0x000000000800c35c      0x140 ./Drivers/STM32H7xx_HAL_Driver/Src/stm32h7xx_hal_tim_ex.o
                0x000000000800c35c                HAL_TIMEx_ConfigBreakDeadTime
 .text.HAL_TIMEx_CommutCallback
                0x000000000800c49c       0x14 ./Drivers/STM32H7xx_HAL_Driver/Src/stm32h7xx_hal_tim_ex.o
                0x000000000800c49c                HAL_TIMEx_CommutCallback
 .text.HAL_TIMEx_BreakCallback
                0x000000000800c4b0       0x14 ./Drivers/STM32H7xx_HAL_Driver/Src/stm32h7xx_hal_tim_ex.o
                0x000000000800c4b0                HAL_TIMEx_BreakCallback
 .text.HAL_TIMEx_Break2Callback
                0x000000000800c4c4       0x14 ./Drivers/STM32H7xx_HAL_Driver/Src/stm32h7xx_hal_tim_ex.o
                0x000000000800c4c4                HAL_TIMEx_Break2Callback
 .text.HAL_UART_Init
                0x000000000800c4d8       0xa0 ./Drivers/STM32H7xx_HAL_Driver/Src/stm32h7xx_hal_uart.o
                0x000000000800c4d8                HAL_UART_Init
 .text.HAL_UART_DeInit
                0x000000000800c578       0x78 ./Drivers/STM32H7xx_HAL_Driver/Src/stm32h7xx_hal_uart.o
                0x000000000800c578                HAL_UART_DeInit
 .text.HAL_UART_Transmit_DMA
                0x000000000800c5f0      0x124 ./Drivers/STM32H7xx_HAL_Driver/Src/stm32h7xx_hal_uart.o
                0x000000000800c5f0                HAL_UART_Transmit_DMA
 .text.HAL_UART_Receive_DMA
                0x000000000800c714       0xac ./Drivers/STM32H7xx_HAL_Driver/Src/stm32h7xx_hal_uart.o
                0x000000000800c714                HAL_UART_Receive_DMA
 .text.HAL_UART_IRQHandler
                0x000000000800c7c0      0x73c ./Drivers/STM32H7xx_HAL_Driver/Src/stm32h7xx_hal_uart.o
                0x000000000800c7c0                HAL_UART_IRQHandler
 .text.HAL_UART_TxHalfCpltCallback
                0x000000000800cefc       0x14 ./Drivers/STM32H7xx_HAL_Driver/Src/stm32h7xx_hal_uart.o
                0x000000000800cefc                HAL_UART_TxHalfCpltCallback
 .text.HAL_UART_RxHalfCpltCallback
                0x000000000800cf10       0x14 ./Drivers/STM32H7xx_HAL_Driver/Src/stm32h7xx_hal_uart.o
                0x000000000800cf10                HAL_UART_RxHalfCpltCallback
 .text.HAL_UARTEx_RxEventCallback
                0x000000000800cf24       0x18 ./Drivers/STM32H7xx_HAL_Driver/Src/stm32h7xx_hal_uart.o
                0x000000000800cf24                HAL_UARTEx_RxEventCallback
 .text.UART_SetConfig
                0x000000000800cf3c      0xcd8 ./Drivers/STM32H7xx_HAL_Driver/Src/stm32h7xx_hal_uart.o
                0x000000000800cf3c                UART_SetConfig
 .text.UART_AdvFeatureConfig
                0x000000000800dc14      0x144 ./Drivers/STM32H7xx_HAL_Driver/Src/stm32h7xx_hal_uart.o
                0x000000000800dc14                UART_AdvFeatureConfig
 .text.UART_CheckIdleState
                0x000000000800dd58       0x96 ./Drivers/STM32H7xx_HAL_Driver/Src/stm32h7xx_hal_uart.o
                0x000000000800dd58                UART_CheckIdleState
 .text.UART_WaitOnFlagUntilTimeout
                0x000000000800ddee      0x190 ./Drivers/STM32H7xx_HAL_Driver/Src/stm32h7xx_hal_uart.o
                0x000000000800ddee                UART_WaitOnFlagUntilTimeout
 *fill*         0x000000000800df7e        0x2 
 .text.UART_Start_Receive_DMA
                0x000000000800df80      0x150 ./Drivers/STM32H7xx_HAL_Driver/Src/stm32h7xx_hal_uart.o
                0x000000000800df80                UART_Start_Receive_DMA
 .text.UART_EndTxTransfer
                0x000000000800e0d0       0x82 ./Drivers/STM32H7xx_HAL_Driver/Src/stm32h7xx_hal_uart.o
 *fill*         0x000000000800e152        0x2 
 .text.UART_EndRxTransfer
                0x000000000800e154       0xcc ./Drivers/STM32H7xx_HAL_Driver/Src/stm32h7xx_hal_uart.o
 .text.UART_DMATransmitCplt
                0x000000000800e220       0x96 ./Drivers/STM32H7xx_HAL_Driver/Src/stm32h7xx_hal_uart.o
 .text.UART_DMATxHalfCplt
                0x000000000800e2b6       0x1c ./Drivers/STM32H7xx_HAL_Driver/Src/stm32h7xx_hal_uart.o
 .text.UART_DMAReceiveCplt
                0x000000000800e2d2      0x122 ./Drivers/STM32H7xx_HAL_Driver/Src/stm32h7xx_hal_uart.o
 .text.UART_DMARxHalfCplt
                0x000000000800e3f4       0x38 ./Drivers/STM32H7xx_HAL_Driver/Src/stm32h7xx_hal_uart.o
 .text.UART_DMAError
                0x000000000800e42c       0x80 ./Drivers/STM32H7xx_HAL_Driver/Src/stm32h7xx_hal_uart.o
 .text.UART_DMAAbortOnError
                0x000000000800e4ac       0x2c ./Drivers/STM32H7xx_HAL_Driver/Src/stm32h7xx_hal_uart.o
 .text.UART_EndTransmit_IT
                0x000000000800e4d8       0x56 ./Drivers/STM32H7xx_HAL_Driver/Src/stm32h7xx_hal_uart.o
 .text.HAL_UARTEx_WakeupCallback
                0x000000000800e52e       0x14 ./Drivers/STM32H7xx_HAL_Driver/Src/stm32h7xx_hal_uart_ex.o
                0x000000000800e52e                HAL_UARTEx_WakeupCallback
 .text.HAL_UARTEx_RxFifoFullCallback
                0x000000000800e542       0x14 ./Drivers/STM32H7xx_HAL_Driver/Src/stm32h7xx_hal_uart_ex.o
                0x000000000800e542                HAL_UARTEx_RxFifoFullCallback
 .text.HAL_UARTEx_TxFifoEmptyCallback
                0x000000000800e556       0x14 ./Drivers/STM32H7xx_HAL_Driver/Src/stm32h7xx_hal_uart_ex.o
                0x000000000800e556                HAL_UARTEx_TxFifoEmptyCallback
 .text.HAL_UARTEx_DisableFifoMode
                0x000000000800e56a       0x72 ./Drivers/STM32H7xx_HAL_Driver/Src/stm32h7xx_hal_uart_ex.o
                0x000000000800e56a                HAL_UARTEx_DisableFifoMode
 .text.HAL_UARTEx_SetTxFifoThreshold
                0x000000000800e5dc       0x7c ./Drivers/STM32H7xx_HAL_Driver/Src/stm32h7xx_hal_uart_ex.o
                0x000000000800e5dc                HAL_UARTEx_SetTxFifoThreshold
 .text.HAL_UARTEx_SetRxFifoThreshold
                0x000000000800e658       0x7c ./Drivers/STM32H7xx_HAL_Driver/Src/stm32h7xx_hal_uart_ex.o
                0x000000000800e658                HAL_UARTEx_SetRxFifoThreshold
 .text.UARTEx_SetNbDataToProcess
                0x000000000800e6d4       0x9c ./Drivers/STM32H7xx_HAL_Driver/Src/stm32h7xx_hal_uart_ex.o
 .text.__cxa_pure_virtual
                0x000000000800e770        0x6 d:/stm32cubeide_1.10.1/stm32cubeide/plugins/com.st.stm32cube.ide.mcu.externaltools.gnu-tools-for-stm32.10.3-2021.10.win32_1.0.0.202111181127/tools/bin/../lib/gcc/arm-none-eabi/10.3.1/../../../../arm-none-eabi/lib/thumb/v7e-m+dp/hard\libstdc++_nano.a(pure.o)
                0x000000000800e770                __cxa_pure_virtual
 .text._ZN10__cxxabiv111__terminateEPFvvE
                0x000000000800e776        0x8 d:/stm32cubeide_1.10.1/stm32cubeide/plugins/com.st.stm32cube.ide.mcu.externaltools.gnu-tools-for-stm32.10.3-2021.10.win32_1.0.0.202111181127/tools/bin/../lib/gcc/arm-none-eabi/10.3.1/../../../../arm-none-eabi/lib/thumb/v7e-m+dp/hard\libstdc++_nano.a(eh_terminate.o)
                0x000000000800e776                __cxxabiv1::__terminate(void (*)())
 *fill*         0x000000000800e77e        0x2 
 .text._ZSt13get_terminatev
                0x000000000800e780       0x10 d:/stm32cubeide_1.10.1/stm32cubeide/plugins/com.st.stm32cube.ide.mcu.externaltools.gnu-tools-for-stm32.10.3-2021.10.win32_1.0.0.202111181127/tools/bin/../lib/gcc/arm-none-eabi/10.3.1/../../../../arm-none-eabi/lib/thumb/v7e-m+dp/hard\libstdc++_nano.a(eh_terminate.o)
                0x000000000800e780                std::get_terminate()
 .text._ZSt9terminatev
                0x000000000800e790        0xa d:/stm32cubeide_1.10.1/stm32cubeide/plugins/com.st.stm32cube.ide.mcu.externaltools.gnu-tools-for-stm32.10.3-2021.10.win32_1.0.0.202111181127/tools/bin/../lib/gcc/arm-none-eabi/10.3.1/../../../../arm-none-eabi/lib/thumb/v7e-m+dp/hard\libstdc++_nano.a(eh_terminate.o)
                0x000000000800e790                std::terminate()
 .text.abort    0x000000000800e79a        0xe d:/stm32cubeide_1.10.1/stm32cubeide/plugins/com.st.stm32cube.ide.mcu.externaltools.gnu-tools-for-stm32.10.3-2021.10.win32_1.0.0.202111181127/tools/bin/../lib/gcc/arm-none-eabi/10.3.1/../../../../arm-none-eabi/lib/thumb/v7e-m+dp/hard\libc_nano.a(lib_a-abort.o)
                0x000000000800e79a                abort
 .text.__errno  0x000000000800e7a8        0xc d:/stm32cubeide_1.10.1/stm32cubeide/plugins/com.st.stm32cube.ide.mcu.externaltools.gnu-tools-for-stm32.10.3-2021.10.win32_1.0.0.202111181127/tools/bin/../lib/gcc/arm-none-eabi/10.3.1/../../../../arm-none-eabi/lib/thumb/v7e-m+dp/hard\libc_nano.a(lib_a-errno.o)
                0x000000000800e7a8                __errno
 .text.__libc_init_array
                0x000000000800e7b4       0x48 d:/stm32cubeide_1.10.1/stm32cubeide/plugins/com.st.stm32cube.ide.mcu.externaltools.gnu-tools-for-stm32.10.3-2021.10.win32_1.0.0.202111181127/tools/bin/../lib/gcc/arm-none-eabi/10.3.1/../../../../arm-none-eabi/lib/thumb/v7e-m+dp/hard\libc_nano.a(lib_a-init.o)
                0x000000000800e7b4                __libc_init_array
 .text.memcpy   0x000000000800e7fc       0x1c d:/stm32cubeide_1.10.1/stm32cubeide/plugins/com.st.stm32cube.ide.mcu.externaltools.gnu-tools-for-stm32.10.3-2021.10.win32_1.0.0.202111181127/tools/bin/../lib/gcc/arm-none-eabi/10.3.1/../../../../arm-none-eabi/lib/thumb/v7e-m+dp/hard\libc_nano.a(lib_a-memcpy-stub.o)
                0x000000000800e7fc                memcpy
 .text.memset   0x000000000800e818       0x10 d:/stm32cubeide_1.10.1/stm32cubeide/plugins/com.st.stm32cube.ide.mcu.externaltools.gnu-tools-for-stm32.10.3-2021.10.win32_1.0.0.202111181127/tools/bin/../lib/gcc/arm-none-eabi/10.3.1/../../../../arm-none-eabi/lib/thumb/v7e-m+dp/hard\libc_nano.a(lib_a-memset.o)
                0x000000000800e818                memset
 .text.realloc  0x000000000800e828       0x10 d:/stm32cubeide_1.10.1/stm32cubeide/plugins/com.st.stm32cube.ide.mcu.externaltools.gnu-tools-for-stm32.10.3-2021.10.win32_1.0.0.202111181127/tools/bin/../lib/gcc/arm-none-eabi/10.3.1/../../../../arm-none-eabi/lib/thumb/v7e-m+dp/hard\libc_nano.a(lib_a-realloc.o)
                0x000000000800e828                realloc
 .text._raise_r
                0x000000000800e838       0x50 d:/stm32cubeide_1.10.1/stm32cubeide/plugins/com.st.stm32cube.ide.mcu.externaltools.gnu-tools-for-stm32.10.3-2021.10.win32_1.0.0.202111181127/tools/bin/../lib/gcc/arm-none-eabi/10.3.1/../../../../arm-none-eabi/lib/thumb/v7e-m+dp/hard\libc_nano.a(lib_a-signal.o)
                0x000000000800e838                _raise_r
 .text.raise    0x000000000800e888       0x10 d:/stm32cubeide_1.10.1/stm32cubeide/plugins/com.st.stm32cube.ide.mcu.externaltools.gnu-tools-for-stm32.10.3-2021.10.win32_1.0.0.202111181127/tools/bin/../lib/gcc/arm-none-eabi/10.3.1/../../../../arm-none-eabi/lib/thumb/v7e-m+dp/hard\libc_nano.a(lib_a-signal.o)
                0x000000000800e888                raise
 .text._kill_r  0x000000000800e898       0x24 d:/stm32cubeide_1.10.1/stm32cubeide/plugins/com.st.stm32cube.ide.mcu.externaltools.gnu-tools-for-stm32.10.3-2021.10.win32_1.0.0.202111181127/tools/bin/../lib/gcc/arm-none-eabi/10.3.1/../../../../arm-none-eabi/lib/thumb/v7e-m+dp/hard\libc_nano.a(lib_a-signalr.o)
                0x000000000800e898                _kill_r
 .text._getpid_r
                0x000000000800e8bc        0x4 d:/stm32cubeide_1.10.1/stm32cubeide/plugins/com.st.stm32cube.ide.mcu.externaltools.gnu-tools-for-stm32.10.3-2021.10.win32_1.0.0.202111181127/tools/bin/../lib/gcc/arm-none-eabi/10.3.1/../../../../arm-none-eabi/lib/thumb/v7e-m+dp/hard\libc_nano.a(lib_a-signalr.o)
                0x000000000800e8bc                _getpid_r
 .text.sbrk_aligned
                0x000000000800e8c0       0x40 d:/stm32cubeide_1.10.1/stm32cubeide/plugins/com.st.stm32cube.ide.mcu.externaltools.gnu-tools-for-stm32.10.3-2021.10.win32_1.0.0.202111181127/tools/bin/../lib/gcc/arm-none-eabi/10.3.1/../../../../arm-none-eabi/lib/thumb/v7e-m+dp/hard\libc_nano.a(lib_a-nano-mallocr.o)
 .text._malloc_r
                0x000000000800e900       0xe8 d:/stm32cubeide_1.10.1/stm32cubeide/plugins/com.st.stm32cube.ide.mcu.externaltools.gnu-tools-for-stm32.10.3-2021.10.win32_1.0.0.202111181127/tools/bin/../lib/gcc/arm-none-eabi/10.3.1/../../../../arm-none-eabi/lib/thumb/v7e-m+dp/hard\libc_nano.a(lib_a-nano-mallocr.o)
                0x000000000800e900                _malloc_r
 .text._realloc_r
                0x000000000800e9e8       0x5e d:/stm32cubeide_1.10.1/stm32cubeide/plugins/com.st.stm32cube.ide.mcu.externaltools.gnu-tools-for-stm32.10.3-2021.10.win32_1.0.0.202111181127/tools/bin/../lib/gcc/arm-none-eabi/10.3.1/../../../../arm-none-eabi/lib/thumb/v7e-m+dp/hard\libc_nano.a(lib_a-nano-reallocr.o)
                0x000000000800e9e8                _realloc_r
 *fill*         0x000000000800ea46        0x2 
 .text._sbrk_r  0x000000000800ea48       0x20 d:/stm32cubeide_1.10.1/stm32cubeide/plugins/com.st.stm32cube.ide.mcu.externaltools.gnu-tools-for-stm32.10.3-2021.10.win32_1.0.0.202111181127/tools/bin/../lib/gcc/arm-none-eabi/10.3.1/../../../../arm-none-eabi/lib/thumb/v7e-m+dp/hard\libc_nano.a(lib_a-sbrkr.o)
                0x000000000800ea48                _sbrk_r
 .text.__malloc_lock
                0x000000000800ea68        0xc d:/stm32cubeide_1.10.1/stm32cubeide/plugins/com.st.stm32cube.ide.mcu.externaltools.gnu-tools-for-stm32.10.3-2021.10.win32_1.0.0.202111181127/tools/bin/../lib/gcc/arm-none-eabi/10.3.1/../../../../arm-none-eabi/lib/thumb/v7e-m+dp/hard\libc_nano.a(lib_a-mlock.o)
                0x000000000800ea68                __malloc_lock
 .text.__malloc_unlock
                0x000000000800ea74        0xc d:/stm32cubeide_1.10.1/stm32cubeide/plugins/com.st.stm32cube.ide.mcu.externaltools.gnu-tools-for-stm32.10.3-2021.10.win32_1.0.0.202111181127/tools/bin/../lib/gcc/arm-none-eabi/10.3.1/../../../../arm-none-eabi/lib/thumb/v7e-m+dp/hard\libc_nano.a(lib_a-mlock.o)
                0x000000000800ea74                __malloc_unlock
 .text._free_r  0x000000000800ea80       0x98 d:/stm32cubeide_1.10.1/stm32cubeide/plugins/com.st.stm32cube.ide.mcu.externaltools.gnu-tools-for-stm32.10.3-2021.10.win32_1.0.0.202111181127/tools/bin/../lib/gcc/arm-none-eabi/10.3.1/../../../../arm-none-eabi/lib/thumb/v7e-m+dp/hard\libc_nano.a(lib_a-nano-freer.o)
                0x000000000800ea80                _free_r
 .text._malloc_usable_size_r
                0x000000000800eb18       0x10 d:/stm32cubeide_1.10.1/stm32cubeide/plugins/com.st.stm32cube.ide.mcu.externaltools.gnu-tools-for-stm32.10.3-2021.10.win32_1.0.0.202111181127/tools/bin/../lib/gcc/arm-none-eabi/10.3.1/../../../../arm-none-eabi/lib/thumb/v7e-m+dp/hard\libc_nano.a(lib_a-nano-msizer.o)
                0x000000000800eb18                _malloc_usable_size_r
 .text.__retarget_lock_acquire_recursive
                0x000000000800eb28        0x2 d:/stm32cubeide_1.10.1/stm32cubeide/plugins/com.st.stm32cube.ide.mcu.externaltools.gnu-tools-for-stm32.10.3-2021.10.win32_1.0.0.202111181127/tools/bin/../lib/gcc/arm-none-eabi/10.3.1/../../../../arm-none-eabi/lib/thumb/v7e-m+dp/hard\libc_nano.a(lib_a-lock.o)
                0x000000000800eb28                __retarget_lock_acquire_recursive
 .text.__retarget_lock_release_recursive
                0x000000000800eb2a        0x2 d:/stm32cubeide_1.10.1/stm32cubeide/plugins/com.st.stm32cube.ide.mcu.externaltools.gnu-tools-for-stm32.10.3-2021.10.win32_1.0.0.202111181127/tools/bin/../lib/gcc/arm-none-eabi/10.3.1/../../../../arm-none-eabi/lib/thumb/v7e-m+dp/hard\libc_nano.a(lib_a-lock.o)
                0x000000000800eb2a                __retarget_lock_release_recursive
 *(.glue_7)
 .glue_7        0x000000000800eb2c        0x0 linker stubs
 *(.glue_7t)
 .glue_7t       0x000000000800eb2c        0x0 linker stubs
 *(.eh_frame)
 .eh_frame      0x000000000800eb2c        0x0 d:/stm32cubeide_1.10.1/stm32cubeide/plugins/com.st.stm32cube.ide.mcu.externaltools.gnu-tools-for-stm32.10.3-2021.10.win32_1.0.0.202111181127/tools/bin/../lib/gcc/arm-none-eabi/10.3.1/thumb/v7e-m+dp/hard/crtbegin.o
 *(.init)
 .init          0x000000000800eb2c        0x4 d:/stm32cubeide_1.10.1/stm32cubeide/plugins/com.st.stm32cube.ide.mcu.externaltools.gnu-tools-for-stm32.10.3-2021.10.win32_1.0.0.202111181127/tools/bin/../lib/gcc/arm-none-eabi/10.3.1/thumb/v7e-m+dp/hard/crti.o
                0x000000000800eb2c                _init
 .init          0x000000000800eb30        0x8 d:/stm32cubeide_1.10.1/stm32cubeide/plugins/com.st.stm32cube.ide.mcu.externaltools.gnu-tools-for-stm32.10.3-2021.10.win32_1.0.0.202111181127/tools/bin/../lib/gcc/arm-none-eabi/10.3.1/thumb/v7e-m+dp/hard/crtn.o
 *(.fini)
 .fini          0x000000000800eb38        0x4 d:/stm32cubeide_1.10.1/stm32cubeide/plugins/com.st.stm32cube.ide.mcu.externaltools.gnu-tools-for-stm32.10.3-2021.10.win32_1.0.0.202111181127/tools/bin/../lib/gcc/arm-none-eabi/10.3.1/thumb/v7e-m+dp/hard/crti.o
                0x000000000800eb38                _fini
 .fini          0x000000000800eb3c        0x8 d:/stm32cubeide_1.10.1/stm32cubeide/plugins/com.st.stm32cube.ide.mcu.externaltools.gnu-tools-for-stm32.10.3-2021.10.win32_1.0.0.202111181127/tools/bin/../lib/gcc/arm-none-eabi/10.3.1/thumb/v7e-m+dp/hard/crtn.o
                0x000000000800eb44                . = ALIGN (0x4)
                0x000000000800eb44                _etext = .

.vfp11_veneer   0x000000000800eb44        0x0
 .vfp11_veneer  0x000000000800eb44        0x0 linker stubs

.v4_bx          0x000000000800eb44        0x0
 .v4_bx         0x000000000800eb44        0x0 linker stubs

.iplt           0x000000000800eb44        0x0
 .iplt          0x000000000800eb44        0x0 d:/stm32cubeide_1.10.1/stm32cubeide/plugins/com.st.stm32cube.ide.mcu.externaltools.gnu-tools-for-stm32.10.3-2021.10.win32_1.0.0.202111181127/tools/bin/../lib/gcc/arm-none-eabi/10.3.1/thumb/v7e-m+dp/hard/crtbegin.o

.rodata         0x000000000800eb44      0x2f8
                0x000000000800eb44                . = ALIGN (0x4)
 *(.rodata)
 .rodata        0x000000000800eb44      0x19c ./Core/Src/mainpp.o
 *(.rodata*)
 .rodata._ZN14rosserial_msgsL12REQUESTPARAME
                0x000000000800ece0       0x1c ./Core/Src/mainpp.o
 .rodata._ZTVN3ros10SubscriberIN13geometry_msgs5TwistEvEE
                0x000000000800ecfc       0x18 ./Core/Src/mainpp.o
                0x000000000800ecfc                vtable for ros::Subscriber<geometry_msgs::Twist, void>
 .rodata._ZTVN3ros11NodeHandle_I13STM32HardwareLi25ELi25ELi512ELi512EEE
                0x000000000800ed14       0x14 ./Core/Src/mainpp.o
                0x000000000800ed14                vtable for ros::NodeHandle_<STM32Hardware, 25, 25, 512, 512>
 .rodata._ZTVN13geometry_msgs5TwistE
                0x000000000800ed28       0x18 ./Core/Src/mainpp.o
                0x000000000800ed28                vtable for geometry_msgs::Twist
 .rodata._ZTVN13geometry_msgs7Vector3E
                0x000000000800ed40       0x18 ./Core/Src/mainpp.o
                0x000000000800ed40                vtable for geometry_msgs::Vector3
 .rodata._ZTVN3ros11Subscriber_E
                0x000000000800ed58       0x18 ./Core/Src/mainpp.o
                0x000000000800ed58                vtable for ros::Subscriber_
 .rodata._ZTVN3ros15NodeHandleBase_E
                0x000000000800ed70       0x14 ./Core/Src/mainpp.o
                0x000000000800ed70                vtable for ros::NodeHandleBase_
 .rodata._ZTVN14rosserial_msgs20RequestParamResponseE
                0x000000000800ed84       0x18 ./Core/Src/mainpp.o
                0x000000000800ed84                vtable for rosserial_msgs::RequestParamResponse
 .rodata._ZTVN14rosserial_msgs3LogE
                0x000000000800ed9c       0x18 ./Core/Src/mainpp.o
                0x000000000800ed9c                vtable for rosserial_msgs::Log
 .rodata._ZTVN14rosserial_msgs9TopicInfoE
                0x000000000800edb4       0x18 ./Core/Src/mainpp.o
                0x000000000800edb4                vtable for rosserial_msgs::TopicInfo
 .rodata._ZTVN8std_msgs4TimeE
                0x000000000800edcc       0x18 ./Core/Src/mainpp.o
                0x000000000800edcc                vtable for std_msgs::Time
 .rodata._ZTVN3ros3MsgE
                0x000000000800ede4       0x18 ./Core/Src/mainpp.o
                0x000000000800ede4                vtable for ros::Msg
 .rodata.D1CorePrescTable
                0x000000000800edfc       0x10 ./Core/Src/system_stm32h7xx.o
                0x000000000800edfc                D1CorePrescTable
 .rodata.flagBitshiftOffset.0
                0x000000000800ee0c        0x8 ./Drivers/STM32H7xx_HAL_Driver/Src/stm32h7xx_hal_dma.o
 .rodata.UARTPrescTable
                0x000000000800ee14       0x18 ./Drivers/STM32H7xx_HAL_Driver/Src/stm32h7xx_hal_uart.o
                0x000000000800ee14                UARTPrescTable
 .rodata.numerator.1
                0x000000000800ee2c        0x8 ./Drivers/STM32H7xx_HAL_Driver/Src/stm32h7xx_hal_uart_ex.o
 .rodata.denominator.0
                0x000000000800ee34        0x8 ./Drivers/STM32H7xx_HAL_Driver/Src/stm32h7xx_hal_uart_ex.o
                0x000000000800ee3c                . = ALIGN (0x4)

.ARM.extab
 *(.ARM.extab* .gnu.linkonce.armextab.*)

.ARM            0x000000000800ee3c        0x8
                0x000000000800ee3c                __exidx_start = .
 *(.ARM.exidx*)
 .ARM.exidx     0x000000000800ee3c        0x8 d:/stm32cubeide_1.10.1/stm32cubeide/plugins/com.st.stm32cube.ide.mcu.externaltools.gnu-tools-for-stm32.10.3-2021.10.win32_1.0.0.202111181127/tools/bin/../lib/gcc/arm-none-eabi/10.3.1/thumb/v7e-m+dp/hard\libgcc.a(_udivmoddi4.o)
                0x000000000800ee44                __exidx_end = .

.rel.dyn        0x000000000800ee44        0x0
 .rel.iplt      0x000000000800ee44        0x0 d:/stm32cubeide_1.10.1/stm32cubeide/plugins/com.st.stm32cube.ide.mcu.externaltools.gnu-tools-for-stm32.10.3-2021.10.win32_1.0.0.202111181127/tools/bin/../lib/gcc/arm-none-eabi/10.3.1/thumb/v7e-m+dp/hard/crtbegin.o

.preinit_array  0x000000000800ee44        0x0
                0x000000000800ee44                PROVIDE (__preinit_array_start = .)
 *(.preinit_array*)
                0x000000000800ee44                PROVIDE (__preinit_array_end = .)

.init_array     0x000000000800ee44        0x8
                0x000000000800ee44                PROVIDE (__init_array_start = .)
 *(SORT_BY_NAME(.init_array.*))
 *(.init_array*)
 .init_array    0x000000000800ee44        0x4 d:/stm32cubeide_1.10.1/stm32cubeide/plugins/com.st.stm32cube.ide.mcu.externaltools.gnu-tools-for-stm32.10.3-2021.10.win32_1.0.0.202111181127/tools/bin/../lib/gcc/arm-none-eabi/10.3.1/thumb/v7e-m+dp/hard/crtbegin.o
 .init_array    0x000000000800ee48        0x4 ./Core/Src/mainpp.o
                0x000000000800ee4c                PROVIDE (__init_array_end = .)

.fini_array     0x000000000800ee4c        0x4
                [!provide]                        PROVIDE (__fini_array_start = .)
 *(SORT_BY_NAME(.fini_array.*))
 *(.fini_array*)
 .fini_array    0x000000000800ee4c        0x4 d:/stm32cubeide_1.10.1/stm32cubeide/plugins/com.st.stm32cube.ide.mcu.externaltools.gnu-tools-for-stm32.10.3-2021.10.win32_1.0.0.202111181127/tools/bin/../lib/gcc/arm-none-eabi/10.3.1/thumb/v7e-m+dp/hard/crtbegin.o
                [!provide]                        PROVIDE (__fini_array_end = .)
                0x000000000800ee50                _sidata = LOADADDR (.data)

.data           0x0000000024000000      0x238 load address 0x000000000800ee50
                0x0000000024000000                . = ALIGN (0x4)
                0x0000000024000000                _sdata = .
 *(.data)
 *(.data*)
 .data.Kpid     0x0000000024000000      0x1c0 ./Core/Src/PID.o
                0x0000000024000000                Kpid
 .data.SystemCoreClock
                0x00000000240001c0        0x4 ./Core/Src/system_stm32h7xx.o
                0x00000000240001c0                SystemCoreClock
 .data.SystemD2Clock
                0x00000000240001c4        0x4 ./Core/Src/system_stm32h7xx.o
                0x00000000240001c4                SystemD2Clock
 .data.uwTickPrio
                0x00000000240001c8        0x4 ./Drivers/STM32H7xx_HAL_Driver/Src/stm32h7xx_hal.o
                0x00000000240001c8                uwTickPrio
 .data.uwTickFreq
                0x00000000240001cc        0x1 ./Drivers/STM32H7xx_HAL_Driver/Src/stm32h7xx_hal.o
                0x00000000240001cc                uwTickFreq
 *fill*         0x00000000240001cd        0x3 
 .data._ZN10__cxxabiv119__terminate_handlerE
                0x00000000240001d0        0x4 d:/stm32cubeide_1.10.1/stm32cubeide/plugins/com.st.stm32cube.ide.mcu.externaltools.gnu-tools-for-stm32.10.3-2021.10.win32_1.0.0.202111181127/tools/bin/../lib/gcc/arm-none-eabi/10.3.1/../../../../arm-none-eabi/lib/thumb/v7e-m+dp/hard\libstdc++_nano.a(eh_term_handler.o)
                0x00000000240001d0                __cxxabiv1::__terminate_handler
 .data._impure_ptr
                0x00000000240001d4        0x4 d:/stm32cubeide_1.10.1/stm32cubeide/plugins/com.st.stm32cube.ide.mcu.externaltools.gnu-tools-for-stm32.10.3-2021.10.win32_1.0.0.202111181127/tools/bin/../lib/gcc/arm-none-eabi/10.3.1/../../../../arm-none-eabi/lib/thumb/v7e-m+dp/hard\libc_nano.a(lib_a-impure.o)
                0x00000000240001d4                _impure_ptr
 .data.impure_data
                0x00000000240001d8       0x60 d:/stm32cubeide_1.10.1/stm32cubeide/plugins/com.st.stm32cube.ide.mcu.externaltools.gnu-tools-for-stm32.10.3-2021.10.win32_1.0.0.202111181127/tools/bin/../lib/gcc/arm-none-eabi/10.3.1/../../../../arm-none-eabi/lib/thumb/v7e-m+dp/hard\libc_nano.a(lib_a-impure.o)
 *(.RamFunc)
 *(.RamFunc*)
                0x0000000024000238                . = ALIGN (0x4)
                0x0000000024000238                _edata = .

.igot.plt       0x0000000024000238        0x0 load address 0x000000000800f088
 .igot.plt      0x0000000024000238        0x0 d:/stm32cubeide_1.10.1/stm32cubeide/plugins/com.st.stm32cube.ide.mcu.externaltools.gnu-tools-for-stm32.10.3-2021.10.win32_1.0.0.202111181127/tools/bin/../lib/gcc/arm-none-eabi/10.3.1/thumb/v7e-m+dp/hard/crtbegin.o
                0x0000000024000238                . = ALIGN (0x4)

.bss            0x0000000024000238     0x1a50 load address 0x000000000800f088
                0x0000000024000238                _sbss = .
                0x0000000024000238                __bss_start__ = _sbss
 *(.bss)
 .bss           0x0000000024000238       0x1c d:/stm32cubeide_1.10.1/stm32cubeide/plugins/com.st.stm32cube.ide.mcu.externaltools.gnu-tools-for-stm32.10.3-2021.10.win32_1.0.0.202111181127/tools/bin/../lib/gcc/arm-none-eabi/10.3.1/thumb/v7e-m+dp/hard/crtbegin.o
 *(.bss*)
 .bss.htim2     0x0000000024000254       0x4c ./Core/Src/main.o
                0x0000000024000254                htim2
 .bss.htim3     0x00000000240002a0       0x4c ./Core/Src/main.o
                0x00000000240002a0                htim3
 .bss.htim4     0x00000000240002ec       0x4c ./Core/Src/main.o
                0x00000000240002ec                htim4
 .bss.htim5     0x0000000024000338       0x4c ./Core/Src/main.o
                0x0000000024000338                htim5
 .bss.htim8     0x0000000024000384       0x4c ./Core/Src/main.o
                0x0000000024000384                htim8
 .bss.htim15    0x00000000240003d0       0x4c ./Core/Src/main.o
                0x00000000240003d0                htim15
 .bss.htim23    0x000000002400041c       0x4c ./Core/Src/main.o
                0x000000002400041c                htim23
 .bss.htim24    0x0000000024000468       0x4c ./Core/Src/main.o
                0x0000000024000468                htim24
 .bss.huart10   0x00000000240004b4       0x90 ./Core/Src/main.o
                0x00000000240004b4                huart10
 .bss.hdma_usart10_rx
                0x0000000024000544       0x78 ./Core/Src/main.o
                0x0000000024000544                hdma_usart10_rx
 .bss.hdma_usart10_tx
                0x00000000240005bc       0x78 ./Core/Src/main.o
                0x00000000240005bc                hdma_usart10_tx
 .bss._ZZN13STM32Hardware5flushEvE5mutex
                0x0000000024000634        0x1 ./Core/Src/mainpp.o
                0x0000000024000634                STM32Hardware::flush()::mutex
 *fill*         0x0000000024000635        0x3 
 .bss.nh        0x0000000024000638     0x153c ./Core/Src/mainpp.o
                0x0000000024000638                nh
 .bss.run_inter0
                0x0000000024001b74        0x4 ./Core/Src/mainpp.o
                0x0000000024001b74                run_inter0
 .bss.run_inter1
                0x0000000024001b78        0x4 ./Core/Src/mainpp.o
                0x0000000024001b78                run_inter1
 *fill*         0x0000000024001b7c        0x4 
 .bss.Vx        0x0000000024001b80        0x8 ./Core/Src/mainpp.o
                0x0000000024001b80                Vx
 .bss.Vy        0x0000000024001b88        0x8 ./Core/Src/mainpp.o
                0x0000000024001b88                Vy
 .bss.W         0x0000000024001b90        0x8 ./Core/Src/mainpp.o
                0x0000000024001b90                W
 .bss.rVx       0x0000000024001b98        0x8 ./Core/Src/mainpp.o
                0x0000000024001b98                rVx
 .bss.rVy       0x0000000024001ba0        0x8 ./Core/Src/mainpp.o
                0x0000000024001ba0                rVy
 .bss.rW        0x0000000024001ba8        0x8 ./Core/Src/mainpp.o
                0x0000000024001ba8                rW
 .bss.insVel    0x0000000024001bb0       0x48 ./Core/Src/mainpp.o
                0x0000000024001bb0                insVel
 .bss.pub       0x0000000024001bf8       0x14 ./Core/Src/mainpp.o
                0x0000000024001bf8                pub
 *fill*         0x0000000024001c0c        0x4 
 .bss.sub       0x0000000024001c10       0x60 ./Core/Src/mainpp.o
                0x0000000024001c10                sub
 .bss.__sbrk_heap_end
                0x0000000024001c70        0x4 ./Core/Src/sysmem.o
 .bss.uwTick    0x0000000024001c74        0x4 ./Drivers/STM32H7xx_HAL_Driver/Src/stm32h7xx_hal.o
                0x0000000024001c74                uwTick
 .bss.__malloc_free_list
                0x0000000024001c78        0x4 d:/stm32cubeide_1.10.1/stm32cubeide/plugins/com.st.stm32cube.ide.mcu.externaltools.gnu-tools-for-stm32.10.3-2021.10.win32_1.0.0.202111181127/tools/bin/../lib/gcc/arm-none-eabi/10.3.1/../../../../arm-none-eabi/lib/thumb/v7e-m+dp/hard\libc_nano.a(lib_a-nano-mallocr.o)
                0x0000000024001c78                __malloc_free_list
 .bss.__malloc_sbrk_start
                0x0000000024001c7c        0x4 d:/stm32cubeide_1.10.1/stm32cubeide/plugins/com.st.stm32cube.ide.mcu.externaltools.gnu-tools-for-stm32.10.3-2021.10.win32_1.0.0.202111181127/tools/bin/../lib/gcc/arm-none-eabi/10.3.1/../../../../arm-none-eabi/lib/thumb/v7e-m+dp/hard\libc_nano.a(lib_a-nano-mallocr.o)
                0x0000000024001c7c                __malloc_sbrk_start
 .bss.errno     0x0000000024001c80        0x4 d:/stm32cubeide_1.10.1/stm32cubeide/plugins/com.st.stm32cube.ide.mcu.externaltools.gnu-tools-for-stm32.10.3-2021.10.win32_1.0.0.202111181127/tools/bin/../lib/gcc/arm-none-eabi/10.3.1/../../../../arm-none-eabi/lib/thumb/v7e-m+dp/hard\libc_nano.a(lib_a-reent.o)
                0x0000000024001c80                errno
 .bss.__lock___malloc_recursive_mutex
                0x0000000024001c84        0x1 d:/stm32cubeide_1.10.1/stm32cubeide/plugins/com.st.stm32cube.ide.mcu.externaltools.gnu-tools-for-stm32.10.3-2021.10.win32_1.0.0.202111181127/tools/bin/../lib/gcc/arm-none-eabi/10.3.1/../../../../arm-none-eabi/lib/thumb/v7e-m+dp/hard\libc_nano.a(lib_a-lock.o)
                0x0000000024001c84                __lock___malloc_recursive_mutex
 *(COMMON)
                0x0000000024001c88                . = ALIGN (0x4)
 *fill*         0x0000000024001c85        0x3 
                0x0000000024001c88                _ebss = .
                0x0000000024001c88                __bss_end__ = _ebss

._user_heap_stack
                0x0000000024001c88      0x600 load address 0x000000000800f088
                0x0000000024001c88                . = ALIGN (0x8)
                [!provide]                        PROVIDE (end = .)
                0x0000000024001c88                PROVIDE (_end = .)
                0x0000000024001e88                . = (. + _Min_Heap_Size)
 *fill*         0x0000000024001c88      0x200 
                0x0000000024002288                . = (. + _Min_Stack_Size)
 *fill*         0x0000000024001e88      0x400 
                0x0000000024002288                . = ALIGN (0x8)

/DISCARD/
 libc.a(*)
 libm.a(*)
 libgcc.a(*)

.ARM.attributes
                0x0000000000000000       0x2e
 *(.ARM.attributes)
 .ARM.attributes
                0x0000000000000000       0x1e d:/stm32cubeide_1.10.1/stm32cubeide/plugins/com.st.stm32cube.ide.mcu.externaltools.gnu-tools-for-stm32.10.3-2021.10.win32_1.0.0.202111181127/tools/bin/../lib/gcc/arm-none-eabi/10.3.1/thumb/v7e-m+dp/hard/crti.o
 .ARM.attributes
                0x000000000000001e       0x32 d:/stm32cubeide_1.10.1/stm32cubeide/plugins/com.st.stm32cube.ide.mcu.externaltools.gnu-tools-for-stm32.10.3-2021.10.win32_1.0.0.202111181127/tools/bin/../lib/gcc/arm-none-eabi/10.3.1/thumb/v7e-m+dp/hard/crtbegin.o
 .ARM.attributes
                0x0000000000000050       0x32 ./Core/Inc/time.o
 .ARM.attributes
                0x0000000000000082       0x32 ./Core/Src/PID.o
 .ARM.attributes
                0x00000000000000b4       0x32 ./Core/Src/main.o
 .ARM.attributes
                0x00000000000000e6       0x32 ./Core/Src/mainpp.o
 .ARM.attributes
                0x0000000000000118       0x32 ./Core/Src/stm32h7xx_hal_msp.o
 .ARM.attributes
                0x000000000000014a       0x32 ./Core/Src/stm32h7xx_it.o
 .ARM.attributes
                0x000000000000017c       0x32 ./Core/Src/syscalls.o
 .ARM.attributes
                0x00000000000001ae       0x32 ./Core/Src/sysmem.o
 .ARM.attributes
                0x00000000000001e0       0x32 ./Core/Src/system_stm32h7xx.o
 .ARM.attributes
                0x0000000000000212       0x32 ./Core/Src/timing.o
 .ARM.attributes
                0x0000000000000244       0x21 ./Core/Startup/startup_stm32h723zgtx.o
 .ARM.attributes
                0x0000000000000265       0x32 ./Drivers/STM32H7xx_HAL_Driver/Src/stm32h7xx_hal.o
 .ARM.attributes
                0x0000000000000297       0x32 ./Drivers/STM32H7xx_HAL_Driver/Src/stm32h7xx_hal_cortex.o
 .ARM.attributes
                0x00000000000002c9       0x32 ./Drivers/STM32H7xx_HAL_Driver/Src/stm32h7xx_hal_dma.o
 .ARM.attributes
                0x00000000000002fb       0x32 ./Drivers/STM32H7xx_HAL_Driver/Src/stm32h7xx_hal_gpio.o
 .ARM.attributes
                0x000000000000032d       0x32 ./Drivers/STM32H7xx_HAL_Driver/Src/stm32h7xx_hal_pwr_ex.o
 .ARM.attributes
                0x000000000000035f       0x32 ./Drivers/STM32H7xx_HAL_Driver/Src/stm32h7xx_hal_rcc.o
 .ARM.attributes
                0x0000000000000391       0x32 ./Drivers/STM32H7xx_HAL_Driver/Src/stm32h7xx_hal_rcc_ex.o
 .ARM.attributes
                0x00000000000003c3       0x32 ./Drivers/STM32H7xx_HAL_Driver/Src/stm32h7xx_hal_tim.o
 .ARM.attributes
                0x00000000000003f5       0x32 ./Drivers/STM32H7xx_HAL_Driver/Src/stm32h7xx_hal_tim_ex.o
 .ARM.attributes
                0x0000000000000427       0x32 ./Drivers/STM32H7xx_HAL_Driver/Src/stm32h7xx_hal_uart.o
 .ARM.attributes
                0x0000000000000459       0x32 ./Drivers/STM32H7xx_HAL_Driver/Src/stm32h7xx_hal_uart_ex.o
 .ARM.attributes
                0x000000000000048b       0x32 d:/stm32cubeide_1.10.1/stm32cubeide/plugins/com.st.stm32cube.ide.mcu.externaltools.gnu-tools-for-stm32.10.3-2021.10.win32_1.0.0.202111181127/tools/bin/../lib/gcc/arm-none-eabi/10.3.1/../../../../arm-none-eabi/lib/thumb/v7e-m+dp/hard\libstdc++_nano.a(pure.o)
 .ARM.attributes
                0x00000000000004bd       0x32 d:/stm32cubeide_1.10.1/stm32cubeide/plugins/com.st.stm32cube.ide.mcu.externaltools.gnu-tools-for-stm32.10.3-2021.10.win32_1.0.0.202111181127/tools/bin/../lib/gcc/arm-none-eabi/10.3.1/../../../../arm-none-eabi/lib/thumb/v7e-m+dp/hard\libstdc++_nano.a(eh_terminate.o)
 .ARM.attributes
                0x00000000000004ef       0x32 d:/stm32cubeide_1.10.1/stm32cubeide/plugins/com.st.stm32cube.ide.mcu.externaltools.gnu-tools-for-stm32.10.3-2021.10.win32_1.0.0.202111181127/tools/bin/../lib/gcc/arm-none-eabi/10.3.1/../../../../arm-none-eabi/lib/thumb/v7e-m+dp/hard\libstdc++_nano.a(eh_term_handler.o)
 .ARM.attributes
                0x0000000000000521       0x32 d:/stm32cubeide_1.10.1/stm32cubeide/plugins/com.st.stm32cube.ide.mcu.externaltools.gnu-tools-for-stm32.10.3-2021.10.win32_1.0.0.202111181127/tools/bin/../lib/gcc/arm-none-eabi/10.3.1/../../../../arm-none-eabi/lib/thumb/v7e-m+dp/hard\libc_nano.a(lib_a-abort.o)
 .ARM.attributes
                0x0000000000000553       0x32 d:/stm32cubeide_1.10.1/stm32cubeide/plugins/com.st.stm32cube.ide.mcu.externaltools.gnu-tools-for-stm32.10.3-2021.10.win32_1.0.0.202111181127/tools/bin/../lib/gcc/arm-none-eabi/10.3.1/../../../../arm-none-eabi/lib/thumb/v7e-m+dp/hard\libc_nano.a(lib_a-errno.o)
 .ARM.attributes
                0x0000000000000585       0x32 d:/stm32cubeide_1.10.1/stm32cubeide/plugins/com.st.stm32cube.ide.mcu.externaltools.gnu-tools-for-stm32.10.3-2021.10.win32_1.0.0.202111181127/tools/bin/../lib/gcc/arm-none-eabi/10.3.1/../../../../arm-none-eabi/lib/thumb/v7e-m+dp/hard\libc_nano.a(lib_a-impure.o)
 .ARM.attributes
                0x00000000000005b7       0x32 d:/stm32cubeide_1.10.1/stm32cubeide/plugins/com.st.stm32cube.ide.mcu.externaltools.gnu-tools-for-stm32.10.3-2021.10.win32_1.0.0.202111181127/tools/bin/../lib/gcc/arm-none-eabi/10.3.1/../../../../arm-none-eabi/lib/thumb/v7e-m+dp/hard\libc_nano.a(lib_a-init.o)
 .ARM.attributes
                0x00000000000005e9       0x32 d:/stm32cubeide_1.10.1/stm32cubeide/plugins/com.st.stm32cube.ide.mcu.externaltools.gnu-tools-for-stm32.10.3-2021.10.win32_1.0.0.202111181127/tools/bin/../lib/gcc/arm-none-eabi/10.3.1/../../../../arm-none-eabi/lib/thumb/v7e-m+dp/hard\libc_nano.a(lib_a-memcpy-stub.o)
 .ARM.attributes
                0x000000000000061b       0x32 d:/stm32cubeide_1.10.1/stm32cubeide/plugins/com.st.stm32cube.ide.mcu.externaltools.gnu-tools-for-stm32.10.3-2021.10.win32_1.0.0.202111181127/tools/bin/../lib/gcc/arm-none-eabi/10.3.1/../../../../arm-none-eabi/lib/thumb/v7e-m+dp/hard\libc_nano.a(lib_a-memset.o)
 .ARM.attributes
                0x000000000000064d       0x32 d:/stm32cubeide_1.10.1/stm32cubeide/plugins/com.st.stm32cube.ide.mcu.externaltools.gnu-tools-for-stm32.10.3-2021.10.win32_1.0.0.202111181127/tools/bin/../lib/gcc/arm-none-eabi/10.3.1/../../../../arm-none-eabi/lib/thumb/v7e-m+dp/hard\libc_nano.a(lib_a-realloc.o)
 .ARM.attributes
                0x000000000000067f       0x32 d:/stm32cubeide_1.10.1/stm32cubeide/plugins/com.st.stm32cube.ide.mcu.externaltools.gnu-tools-for-stm32.10.3-2021.10.win32_1.0.0.202111181127/tools/bin/../lib/gcc/arm-none-eabi/10.3.1/../../../../arm-none-eabi/lib/thumb/v7e-m+dp/hard\libc_nano.a(lib_a-signal.o)
 .ARM.attributes
                0x00000000000006b1       0x32 d:/stm32cubeide_1.10.1/stm32cubeide/plugins/com.st.stm32cube.ide.mcu.externaltools.gnu-tools-for-stm32.10.3-2021.10.win32_1.0.0.202111181127/tools/bin/../lib/gcc/arm-none-eabi/10.3.1/../../../../arm-none-eabi/lib/thumb/v7e-m+dp/hard\libc_nano.a(lib_a-signalr.o)
 .ARM.attributes