../Core/Src/main.c:96:5:main	8	static
../Core/Src/main.c:258:6:SystemClock_Config	120	static
../Core/Src/main.c:318:13:MX_TIM2_Init	40	static
../Core/Src/main.c:363:13:MX_TIM3_Init	56	static
../Core/Src/main.c:412:13:MX_TIM4_Init	56	static
../Core/Src/main.c:461:13:MX_TIM5_Init	40	static
../Core/Src/main.c:506:13:MX_TIM8_Init	104	static
../Core/Src/main.c:580:13:MX_TIM15_Init	104	static
../Core/Src/main.c:650:13:MX_TIM23_Init	56	static
../Core/Src/main.c:699:13:MX_TIM24_Init	56	static
../Core/Src/main.c:748:13:MX_USART10_UART_Init	8	static
../Core/Src/main.c:794:13:MX_DMA_Init	16	static
../Core/Src/main.c:815:13:MX_GPIO_Init	56	static
../Core/Src/main.c:865:6:HAL_TIM_PeriodElapsedCallback	16	static
../Core/Src/main.c:1081:6:Error_Handler	4	static,ignoring_inline_asm
