../Core/Src/main.c:41:6:SV_Limit	48	static
../Core/Src/main.c:100:5:main	8	static
../Core/Src/main.c:170:6:SystemClock_Config	120	static
../Core/Src/main.c:230:13:MX_TIM2_Init	40	static
../Core/Src/main.c:275:13:MX_TIM3_Init	56	static
../Core/Src/main.c:324:13:MX_TIM4_Init	56	static
../Core/Src/main.c:373:13:MX_TIM5_Init	40	static
../Core/Src/main.c:418:13:MX_TIM8_Init	104	static
../Core/Src/main.c:492:13:MX_TIM15_Init	104	static
../Core/Src/main.c:562:13:MX_TIM23_Init	56	static
../Core/Src/main.c:611:13:MX_TIM24_Init	56	static
../Core/Src/main.c:660:13:MX_USART10_UART_Init	8	static
../Core/Src/main.c:706:13:MX_DMA_Init	16	static
../Core/Src/main.c:727:13:MX_GPIO_Init	56	static
../Core/Src/main.c:835:6:Error_Handler	4	static,ignoring_inline_asm
