../Core/Src/stm32h7xx_it.c:73:6:NMI_Handler	4	static
../Core/Src/stm32h7xx_it.c:88:6:HardFault_Handler	4	static
../Core/Src/stm32h7xx_it.c:104:6:MemManage_Handler	4	static
../Core/Src/stm32h7xx_it.c:119:6:BusFault_Handler	4	static
../Core/Src/stm32h7xx_it.c:134:6:UsageFault_Handler	4	static
../Core/Src/stm32h7xx_it.c:149:6:SVC_Handler	4	static
../Core/Src/stm32h7xx_it.c:162:6:DebugMon_Handler	4	static
../Core/Src/stm32h7xx_it.c:175:6:PendSV_Handler	4	static
../Core/Src/stm32h7xx_it.c:188:6:SysTick_Handler	8	static
../Core/Src/stm32h7xx_it.c:209:6:RCC_IRQHandler	4	static
../Core/Src/stm32h7xx_it.c:222:6:DMA1_Stream0_IRQHandler	8	static
../Core/Src/stm32h7xx_it.c:236:6:DMA1_Stream1_IRQHandler	8	static
../Core/Src/stm32h7xx_it.c:250:6:TIM2_IRQHandler	8	static
../Core/Src/stm32h7xx_it.c:264:6:TIM5_IRQHandler	8	static
../Core/Src/stm32h7xx_it.c:278:6:USART10_IRQHandler	8	static
