Archive member included to satisfy reference by file (symbol)

d:/stm32cubeide_1.10.1/stm32cubeide/plugins/com.st.stm32cube.ide.mcu.externaltools.gnu-tools-for-stm32.10.3-2021.10.win32_1.0.0.202111181127/tools/bin/../lib/gcc/arm-none-eabi/10.3.1/../../../../arm-none-eabi/lib/thumb/v7e-m+dp/hard\libstdc++_nano.a(pure.o)
                              ./Core/Src/mainpp.o (__cxa_pure_virtual)
d:/stm32cubeide_1.10.1/stm32cubeide/plugins/com.st.stm32cube.ide.mcu.externaltools.gnu-tools-for-stm32.10.3-2021.10.win32_1.0.0.202111181127/tools/bin/../lib/gcc/arm-none-eabi/10.3.1/../../../../arm-none-eabi/lib/thumb/v7e-m+dp/hard\libstdc++_nano.a(eh_terminate.o)
                              d:/stm32cubeide_1.10.1/stm32cubeide/plugins/com.st.stm32cube.ide.mcu.externaltools.gnu-tools-for-stm32.10.3-2021.10.win32_1.0.0.202111181127/tools/bin/../lib/gcc/arm-none-eabi/10.3.1/../../../../arm-none-eabi/lib/thumb/v7e-m+dp/hard\libstdc++_nano.a(pure.o) (std::terminate())
d:/stm32cubeide_1.10.1/stm32cubeide/plugins/com.st.stm32cube.ide.mcu.externaltools.gnu-tools-for-stm32.10.3-2021.10.win32_1.0.0.202111181127/tools/bin/../lib/gcc/arm-none-eabi/10.3.1/../../../../arm-none-eabi/lib/thumb/v7e-m+dp/hard\libstdc++_nano.a(eh_unex_handler.o)
                              d:/stm32cubeide_1.10.1/stm32cubeide/plugins/com.st.stm32cube.ide.mcu.externaltools.gnu-tools-for-stm32.10.3-2021.10.win32_1.0.0.202111181127/tools/bin/../lib/gcc/arm-none-eabi/10.3.1/../../../../arm-none-eabi/lib/thumb/v7e-m+dp/hard\libstdc++_nano.a(eh_terminate.o) (__cxxabiv1::__unexpected_handler)
d:/stm32cubeide_1.10.1/stm32cubeide/plugins/com.st.stm32cube.ide.mcu.externaltools.gnu-tools-for-stm32.10.3-2021.10.win32_1.0.0.202111181127/tools/bin/../lib/gcc/arm-none-eabi/10.3.1/../../../../arm-none-eabi/lib/thumb/v7e-m+dp/hard\libstdc++_nano.a(eh_term_handler.o)
                              d:/stm32cubeide_1.10.1/stm32cubeide/plugins/com.st.stm32cube.ide.mcu.externaltools.gnu-tools-for-stm32.10.3-2021.10.win32_1.0.0.202111181127/tools/bin/../lib/gcc/arm-none-eabi/10.3.1/../../../../arm-none-eabi/lib/thumb/v7e-m+dp/hard\libstdc++_nano.a(eh_terminate.o) (__cxxabiv1::__terminate_handler)
d:/stm32cubeide_1.10.1/stm32cubeide/plugins/com.st.stm32cube.ide.mcu.externaltools.gnu-tools-for-stm32.10.3-2021.10.win32_1.0.0.202111181127/tools/bin/../lib/gcc/arm-none-eabi/10.3.1/../../../../arm-none-eabi/lib/thumb/v7e-m+dp/hard\libc_nano.a(lib_a-abort.o)
                              d:/stm32cubeide_1.10.1/stm32cubeide/plugins/com.st.stm32cube.ide.mcu.externaltools.gnu-tools-for-stm32.10.3-2021.10.win32_1.0.0.202111181127/tools/bin/../lib/gcc/arm-none-eabi/10.3.1/../../../../arm-none-eabi/lib/thumb/v7e-m+dp/hard\libstdc++_nano.a(eh_terminate.o) (abort)
d:/stm32cubeide_1.10.1/stm32cubeide/plugins/com.st.stm32cube.ide.mcu.externaltools.gnu-tools-for-stm32.10.3-2021.10.win32_1.0.0.202111181127/tools/bin/../lib/gcc/arm-none-eabi/10.3.1/../../../../arm-none-eabi/lib/thumb/v7e-m+dp/hard\libc_nano.a(lib_a-errno.o)
                              ./Core/Src/syscalls.o (__errno)
d:/stm32cubeide_1.10.1/stm32cubeide/plugins/com.st.stm32cube.ide.mcu.externaltools.gnu-tools-for-stm32.10.3-2021.10.win32_1.0.0.202111181127/tools/bin/../lib/gcc/arm-none-eabi/10.3.1/../../../../arm-none-eabi/lib/thumb/v7e-m+dp/hard\libc_nano.a(lib_a-exit.o)
                              d:/stm32cubeide_1.10.1/stm32cubeide/plugins/com.st.stm32cube.ide.mcu.externaltools.gnu-tools-for-stm32.10.3-2021.10.win32_1.0.0.202111181127/tools/bin/../lib/gcc/arm-none-eabi/10.3.1/../../../../arm-none-eabi/lib/thumb/v7e-m+dp/hard/crt0.o (exit)
d:/stm32cubeide_1.10.1/stm32cubeide/plugins/com.st.stm32cube.ide.mcu.externaltools.gnu-tools-for-stm32.10.3-2021.10.win32_1.0.0.202111181127/tools/bin/../lib/gcc/arm-none-eabi/10.3.1/../../../../arm-none-eabi/lib/thumb/v7e-m+dp/hard\libc_nano.a(lib_a-impure.o)
                              d:/stm32cubeide_1.10.1/stm32cubeide/plugins/com.st.stm32cube.ide.mcu.externaltools.gnu-tools-for-stm32.10.3-2021.10.win32_1.0.0.202111181127/tools/bin/../lib/gcc/arm-none-eabi/10.3.1/../../../../arm-none-eabi/lib/thumb/v7e-m+dp/hard\libc_nano.a(lib_a-exit.o) (_global_impure_ptr)
d:/stm32cubeide_1.10.1/stm32cubeide/plugins/com.st.stm32cube.ide.mcu.externaltools.gnu-tools-for-stm32.10.3-2021.10.win32_1.0.0.202111181127/tools/bin/../lib/gcc/arm-none-eabi/10.3.1/../../../../arm-none-eabi/lib/thumb/v7e-m+dp/hard\libc_nano.a(lib_a-init.o)
                              d:/stm32cubeide_1.10.1/stm32cubeide/plugins/com.st.stm32cube.ide.mcu.externaltools.gnu-tools-for-stm32.10.3-2021.10.win32_1.0.0.202111181127/tools/bin/../lib/gcc/arm-none-eabi/10.3.1/../../../../arm-none-eabi/lib/thumb/v7e-m+dp/hard/crt0.o (__libc_init_array)
d:/stm32cubeide_1.10.1/stm32cubeide/plugins/com.st.stm32cube.ide.mcu.externaltools.gnu-tools-for-stm32.10.3-2021.10.win32_1.0.0.202111181127/tools/bin/../lib/gcc/arm-none-eabi/10.3.1/../../../../arm-none-eabi/lib/thumb/v7e-m+dp/hard\libc_nano.a(lib_a-memcpy-stub.o)
[...]
Memory Configuration

Name             Origin             Length             Attributes
ITCMRAM          0x0000000000000000 0x0000000000010000 xrw
DTCMRAM          0x0000000020000000 0x0000000000020000 xrw
FLASH            0x0000000008000000 0x0000000000100000 xr
RAM_D1           0x0000000024000000 0x0000000000050000 xrw
RAM_D2           0x0000000030000000 0x0000000000008000 xrw
RAM_D3           0x0000000038000000 0x0000000000004000 xrw
*default*        0x0000000000000000 0xffffffffffffffff

Linker script and memory map

LOAD d:/stm32cubeide_1.10.1/stm32cubeide/plugins/com.st.stm32cube.ide.mcu.externaltools.gnu-tools-for-stm32.10.3-2021.10.win32_1.0.0.202111181127/tools/bin/../lib/gcc/arm-none-eabi/10.3.1/thumb/v7e-m+dp/hard/crti.o
LOAD d:/stm32cubeide_1.10.1/stm32cubeide/plugins/com.st.stm32cube.ide.mcu.externaltools.gnu-tools-for-stm32.10.3-2021.10.win32_1.0.0.202111181127/tools/bin/../lib/gcc/arm-none-eabi/10.3.1/thumb/v7e-m+dp/hard/crtbegin.o
LOAD d:/stm32cubeide_1.10.1/stm32cubeide/plugins/com.st.stm32cube.ide.mcu.externaltools.gnu-tools-for-stm32.10.3-2021.10.win32_1.0.0.202111181127/tools/bin/../lib/gcc/arm-none-eabi/10.3.1/../../../../arm-none-eabi/lib/thumb/v7e-m+dp/hard/crt0.o
LOAD ./Core/Inc/duration.o
LOAD ./Core/Inc/time.o
LOAD ./Core/Src/PID.o
LOAD ./Core/Src/main.o
LOAD ./Core/Src/mainpp.o
LOAD ./Core/Src/parameter.o
LOAD ./Core/Src/stm32h7xx_hal_msp.o
LOAD ./Core/Src/stm32h7xx_it.o
LOAD ./Core/Src/syscalls.o
LOAD ./Core/Src/sysmem.o
LOAD ./Core/Src/system_stm32h7xx.o
LOAD ./Core/Startup/startup_stm32h723zgtx.o
LOAD ./Drivers/STM32H7xx_HAL_Driver/Src/stm32h7xx_hal.o
LOAD ./Drivers/STM32H7xx_HAL_Driver/Src/stm32h7xx_hal_cortex.o
LOAD ./Drivers/STM32H7xx_HAL_Driver/Src/stm32h7xx_hal_dma.o
LOAD ./Drivers/STM32H7xx_HAL_Driver/Src/stm32h7xx_hal_dma_ex.o
LOAD ./Drivers/STM32H7xx_HAL_Driver/Src/stm32h7xx_hal_exti.o
LOAD ./Drivers/STM32H7xx_HAL_Driver/Src/stm32h7xx_hal_flash.o
LOAD ./Drivers/STM32H7xx_HAL_Driver/Src/stm32h7xx_hal_flash_ex.o
LOAD ./Drivers/STM32H7xx_HAL_Driver/Src/stm32h7xx_hal_gpio.o
LOAD ./Drivers/STM32H7xx_HAL_Driver/Src/stm32h7xx_hal_hsem.o
LOAD ./Drivers/STM32H7xx_HAL_Driver/Src/stm32h7xx_hal_i2c.o
LOAD ./Drivers/STM32H7xx_HAL_Driver/Src/stm32h7xx_hal_i2c_ex.o
LOAD ./Drivers/STM32H7xx_HAL_Driver/Src/stm32h7xx_hal_mdma.o
LOAD ./Drivers/STM32H7xx_HAL_Driver/Src/stm32h7xx_hal_pwr.o
LOAD ./Drivers/STM32H7xx_HAL_Driver/Src/stm32h7xx_hal_pwr_ex.o
LOAD ./Drivers/STM32H7xx_HAL_Driver/Src/stm32h7xx_hal_rcc.o
LOAD ./Drivers/STM32H7xx_HAL_Driver/Src/stm32h7xx_hal_rcc_ex.o
LOAD ./Drivers/STM32H7xx_HAL_Driver/Src/stm32h7xx_hal_tim.o
LOAD ./Drivers/STM32H7xx_HAL_Driver/Src/stm32h7xx_hal_tim_ex.o
LOAD ./Drivers/STM32H7xx_HAL_Driver/Src/stm32h7xx_hal_uart.o
LOAD ./Drivers/STM32H7xx_HAL_Driver/Src/stm32h7xx_hal_uart_ex.o
START GROUP
LOAD d:/stm32cubeide_1.10.1/stm32cubeide/plugins/com.st.stm32cube.ide.mcu.externaltools.gnu-tools-for-stm32.10.3-2021.10.win32_1.0.0.202111181127/tools/bin/../lib/gcc/arm-none-eabi/10.3.1/../../../../arm-none-eabi/lib/thumb/v7e-m+dp/hard\libstdc++_nano.a
LOAD d:/stm32cubeide_1.10.1/stm32cubeide/plugins/com.st.stm32cube.ide.mcu.externaltools.gnu-tools-for-stm32.10.3-2021.10.win32_1.0.0.202111181127/tools/bin/../lib/gcc/arm-none-eabi/10.3.1/../../../../arm-none-eabi/lib/thumb/v7e-m+dp/hard\libsupc++_nano.a
END GROUP
LOAD d:/stm32cubeide_1.10.1/stm32cubeide/plugins/com.st.stm32cube.ide.mcu.externaltools.gnu-tools-for-stm32.10.3-2021.10.win32_1.0.0.202111181127/tools/bin/../lib/gcc/arm-none-eabi/10.3.1/../../../../arm-none-eabi/lib/thumb/v7e-m+dp/hard\libstdc++_nano.a
LOAD d:/stm32cubeide_1.10.1/stm32cubeide/plugins/com.st.stm32cube.ide.mcu.externaltools.gnu-tools-for-stm32.10.3-2021.10.win32_1.0.0.202111181127/tools/bin/../lib/gcc/arm-none-eabi/10.3.1/../../../../arm-none-eabi/lib/thumb/v7e-m+dp/hard\libm.a
LOAD d:/stm32cubeide_1.10.1/stm32cubeide/plugins/com.st.stm32cube.ide.mcu.externaltools.gnu-tools-for-stm32.10.3-2021.10.win32_1.0.0.202111181127/tools/bin/../lib/gcc/arm-none-eabi/10.3.1/../../../../arm-none-eabi/lib/thumb/v7e-m+dp/hard\libc_nano.a
START GROUP
LOAD d:/stm32cubeide_1.10.1/stm32cubeide/plugins/com.st.stm32cube.ide.mcu.externaltools.gnu-tools-for-stm32.10.3-2021.10.win32_1.0.0.202111181127/tools/bin/../lib/gcc/arm-none-eabi/10.3.1/thumb/v7e-m+dp/hard\libgcc.a
LOAD d:/stm32cubeide_1.10.1/stm32cubeide/plugins/com.st.stm32cube.ide.mcu.externaltools.gnu-tools-for-stm32.10.3-2021.10.win32_1.0.0.202111181127/tools/bin/../lib/gcc/arm-none-eabi/10.3.1/../../../../arm-none-eabi/lib/thumb/v7e-m+dp/hard\libc_nano.a
END GROUP
START GROUP
LOAD d:/stm32cubeide_1.10.1/stm32cubeide/plugins/com.st.stm32cube.ide.mcu.externaltools.gnu-tools-for-stm32.10.3-2021.10.win32_1.0.0.202111181127/tools/bin/../lib/gcc/arm-none-eabi/10.3.1/thumb/v7e-m+dp/hard\libgcc.a
LOAD d:/stm32cubeide_1.10.1/stm32cubeide/plugins/com.st.stm32cube.ide.mcu.externaltools.gnu-tools-for-stm32.10.3-2021.10.win32_1.0.0.202111181127/tools/bin/../lib/gcc/arm-none-eabi/10.3.1/../../../../arm-none-eabi/lib/thumb/v7e-m+dp/hard\libc_nano.a
LOAD d:/stm32cubeide_1.10.1/stm32cubeide/plugins/com.st.stm32cube.ide.mcu.externaltools.gnu-tools-for-stm32.10.3-2021.10.win32_1.0.0.202111181127/tools/bin/../lib/gcc/arm-none-eabi/10.3.1/../../../../arm-none-eabi/lib/thumb/v7e-m+dp/hard\libnosys.a
END GROUP
START GROUP
LOAD d:/stm32cubeide_1.10.1/stm32cubeide/plugins/com.st.stm32cube.ide.mcu.externaltools.gnu-tools-for-stm32.10.3-2021.10.win32_1.0.0.202111181127/tools/bin/../lib/gcc/arm-none-eabi/10.3.1/thumb/v7e-m+dp/hard\libgcc.a
LOAD d:/stm32cubeide_1.10.1/stm32cubeide/plugins/com.st.stm32cube.ide.mcu.externaltools.gnu-tools-for-stm32.10.3-2021.10.win32_1.0.0.202111181127/tools/bin/../lib/gcc/arm-none-eabi/10.3.1/../../../../arm-none-eabi/lib/thumb/v7e-m+dp/hard\libc_nano.a
LOAD d:/stm32cubeide_1.10.1/stm32cubeide/plugins/com.st.stm32cube.ide.mcu.externaltools.gnu-tools-for-stm32.10.3-2021.10.win32_1.0.0.202111181127/tools/bin/../lib/gcc/arm-none-eabi/10.3.1/../../../../arm-none-eabi/lib/thumb/v7e-m+dp/hard\libnosys.a
END GROUP
LOAD d:/stm32cubeide_1.10.1/stm32cubeide/plugins/com.st.stm32cube.ide.mcu.externaltools.gnu-tools-for-stm32.10.3-2021.10.win32_1.0.0.202111181127/tools/bin/../lib/gcc/arm-none-eabi/10.3.1/thumb/v7e-m+dp/hard/crtend.o
LOAD d:/stm32cubeide_1.10.1/stm32cubeide/plugins/com.st.stm32cube.ide.mcu.externaltools.gnu-tools-for-stm32.10.3-2021.10.win32_1.0.0.202111181127/tools/bin/../lib/gcc/arm-none-eabi/10.3.1/thumb/v7e-m+dp/hard/crtn.o
                0x0000000024050000                _estack = (ORIGIN (RAM_D1) + LENGTH (RAM_D1))
                0x0000000000000200                _Min_Heap_Size = 0x200
                0x0000000000000400                _Min_Stack_Size = 0x400

.isr_vector     0x0000000008000000      0x2cc
                0x0000000008000000                . = ALIGN (0x4)
 *(.isr_vector)
 .isr_vector    0x0000000008000000      0x2cc ./Core/Startup/startup_stm32h723zgtx.o
                0x0000000008000000                g_pfnVectors
                0x00000000080002cc                . = ALIGN (0x4)

.text           0x00000000080002d0     0xe60c
                0x00000000080002d0                . = ALIGN (0x4)
 *(.text)
 .text          0x00000000080002d0       0x40 d:/stm32cubeide_1.10.1/stm32cubeide/plugins/com.st.stm32cube.ide.mcu.externaltools.gnu-tools-for-stm32.10.3-2021.10.win32_1.0.0.202111181127/tools/bin/../lib/gcc/arm-none-eabi/10.3.1/thumb/v7e-m+dp/hard/crtbegin.o
 .text          0x0000000008000310       0x10 d:/stm32cubeide_1.10.1/stm32cubeide/plugins/com.st.stm32cube.ide.mcu.externaltools.gnu-tools-for-stm32.10.3-2021.10.win32_1.0.0.202111181127/tools/bin/../lib/gcc/arm-none-eabi/10.3.1/../../../../arm-none-eabi/lib/thumb/v7e-m+dp/hard\libc_nano.a(lib_a-strlen.o)
                0x0000000008000310                strlen
 .text          0x0000000008000320       0x30 d:/stm32cubeide_1.10.1/stm32cubeide/plugins/com.st.stm32cube.ide.mcu.externaltools.gnu-tools-for-stm32.10.3-2021.10.win32_1.0.0.202111181127/tools/bin/../lib/gcc/arm-none-eabi/10.3.1/thumb/v7e-m+dp/hard\libgcc.a(_aeabi_uldivmod.o)
                0x0000000008000320                __aeabi_uldivmod
 .text          0x0000000008000350      0x2d0 d:/stm32cubeide_1.10.1/stm32cubeide/plugins/com.st.stm32cube.ide.mcu.externaltools.gnu-tools-for-stm32.10.3-2021.10.win32_1.0.0.202111181127/tools/bin/../lib/gcc/arm-none-eabi/10.3.1/thumb/v7e-m+dp/hard\libgcc.a(_udivmoddi4.o)
                0x0000000008000350                __udivmoddi4
 .text          0x0000000008000620        0x4 d:/stm32cubeide_1.10.1/stm32cubeide/plugins/com.st.stm32cube.ide.mcu.externaltools.gnu-tools-for-stm32.10.3-2021.10.win32_1.0.0.202111181127/tools/bin/../lib/gcc/arm-none-eabi/10.3.1/thumb/v7e-m+dp/hard\libgcc.a(_dvmd_tls.o)
                0x0000000008000620                __aeabi_idiv0
                0x0000000008000620                __aeabi_ldiv0
 *(.text*)
 .text._ZN3ros16normalizeSecNSecERmS0_
                0x0000000008000624       0x58 ./Core/Inc/time.o
                0x0000000008000624                ros::normalizeSecNSec(unsigned long&, unsigned long&)
 *fill*         0x000000000800067c        0x4 
 .text.pidCtrl  0x0000000008000680      0x2bc ./Core/Src/PID.o
                0x0000000008000680                pidCtrl
 .text.main     0x000000000800093c       0xd0 ./Core/Src/main.o
                0x000000000800093c                main
 .text.SystemClock_Config
                0x0000000008000a0c       0xe4 ./Core/Src/main.o
                0x0000000008000a0c                SystemClock_Config
 .text.MX_TIM2_Init
                0x0000000008000af0       0x9c ./Core/Src/main.o
 .text.MX_TIM3_Init
                0x0000000008000b8c       0xac ./Core/Src/main.o
 .text.MX_TIM4_Init
                0x0000000008000c38       0xac ./Core/Src/main.o
 .text.MX_TIM5_Init
                0x0000000008000ce4       0x9c ./Core/Src/main.o
 .text.MX_TIM8_Init
                0x0000000008000d80      0x138 ./Core/Src/main.o
 .text.MX_TIM15_Init
                0x0000000008000eb8      0x124 ./Core/Src/main.o
 .text.MX_TIM23_Init
                0x0000000008000fdc       0xac ./Core/Src/main.o
 .text.MX_TIM24_Init
                0x0000000008001088       0xac ./Core/Src/main.o
 .text.MX_USART10_UART_Init
                0x0000000008001134       0x98 ./Core/Src/main.o
 .text.MX_DMA_Init
                0x00000000080011cc       0x50 ./Core/Src/main.o
 .text.MX_GPIO_Init
                0x000000000800121c      0x180 ./Core/Src/main.o
 *fill*         0x000000000800139c        0x4 
 .text.HAL_TIM_PeriodElapsedCallback
                0x00000000080013a0      0x3d0 ./Core/Src/main.o
                0x00000000080013a0                HAL_TIM_PeriodElapsedCallback
 .text.Error_Handler
                0x0000000008001770        0xa ./Core/Src/main.o
                0x0000000008001770                Error_Handler
 .text._ZN3ros4TimeC2Ev
                0x000000000800177a       0x22 ./Core/Src/mainpp.o
                0x000000000800177a                ros::Time::Time()
                0x000000000800177a                ros::Time::Time()
 .text._ZN3ros3MsgC2Ev
                0x000000000800179c       0x20 ./Core/Src/mainpp.o
                0x000000000800179c                ros::Msg::Msg()
                0x000000000800179c                ros::Msg::Msg()
 .text._ZN8std_msgs4TimeC2Ev
                0x00000000080017bc       0x30 ./Core/Src/mainpp.o
                0x00000000080017bc                std_msgs::Time::Time()
                0x00000000080017bc                std_msgs::Time::Time()
 .text._ZNK8std_msgs4Time9serializeEPh
                0x00000000080017ec       0xb0 ./Core/Src/mainpp.o
                0x00000000080017ec                std_msgs::Time::serialize(unsigned char*) const
 .text._ZN8std_msgs4Time11deserializeEPh
                0x000000000800189c       0xc8 ./Core/Src/mainpp.o
                0x000000000800189c                std_msgs::Time::deserialize(unsigned char*)
 .text._ZN8std_msgs4Time7getTypeEv
                0x0000000008001964       0x1c ./Core/Src/mainpp.o
                0x0000000008001964                std_msgs::Time::getType()
 .text._ZN8std_msgs4Time6getMD5Ev
                0x0000000008001980       0x1c ./Core/Src/mainpp.o
                0x0000000008001980                std_msgs::Time::getMD5()
 .text._ZN14rosserial_msgs9TopicInfoC2Ev
                0x000000000800199c       0x48 ./Core/Src/mainpp.o
                0x000000000800199c                rosserial_msgs::TopicInfo::TopicInfo()
                0x000000000800199c                rosserial_msgs::TopicInfo::TopicInfo()
 .text._ZNK14rosserial_msgs9TopicInfo9serializeEPh
                0x00000000080019e4      0x136 ./Core/Src/mainpp.o
                0x00000000080019e4                rosserial_msgs::TopicInfo::serialize(unsigned char*) const
 .text._ZN14rosserial_msgs9TopicInfo11deserializeEPh
                0x0000000008001b1a      0x1d0 ./Core/Src/mainpp.o
                0x0000000008001b1a                rosserial_msgs::TopicInfo::deserialize(unsigned char*)
 *fill*         0x0000000008001cea        0x2 
 .text._ZN14rosserial_msgs9TopicInfo7getTypeEv
                0x0000000008001cec       0x1c ./Core/Src/mainpp.o
                0x0000000008001cec                rosserial_msgs::TopicInfo::getType()
 .text._ZN14rosserial_msgs9TopicInfo6getMD5Ev
                0x0000000008001d08       0x1c ./Core/Src/mainpp.o
                0x0000000008001d08                rosserial_msgs::TopicInfo::getMD5()
 .text._ZN14rosserial_msgs3LogC2Ev
                0x0000000008001d24       0x34 ./Core/Src/mainpp.o
                0x0000000008001d24                rosserial_msgs::Log::Log()
                0x0000000008001d24                rosserial_msgs::Log::Log()
 .text._ZNK14rosserial_msgs3Log9serializeEPh
                0x0000000008001d58       0x64 ./Core/Src/mainpp.o
                0x0000000008001d58                rosserial_msgs::Log::serialize(unsigned char*) const
 .text._ZN14rosserial_msgs3Log11deserializeEPh
                0x0000000008001dbc       0x90 ./Core/Src/mainpp.o
                0x0000000008001dbc                rosserial_msgs::Log::deserialize(unsigned char*)
 .text._ZN14rosserial_msgs3Log7getTypeEv
                0x0000000008001e4c       0x1c ./Core/Src/mainpp.o
                0x0000000008001e4c                rosserial_msgs::Log::getType()
 .text._ZN14rosserial_msgs3Log6getMD5Ev
                0x0000000008001e68       0x1c ./Core/Src/mainpp.o
                0x0000000008001e68                rosserial_msgs::Log::getMD5()
 .text._ZN14rosserial_msgs20RequestParamResponseC2Ev
                0x0000000008001e84       0x48 ./Core/Src/mainpp.o
                0x0000000008001e84                rosserial_msgs::RequestParamResponse::RequestParamResponse()
                0x0000000008001e84                rosserial_msgs::RequestParamResponse::RequestParamResponse()
 .text._ZNK14rosserial_msgs20RequestParamResponse9serializeEPh
                0x0000000008001ecc      0x222 ./Core/Src/mainpp.o
                0x0000000008001ecc                rosserial_msgs::RequestParamResponse::serialize(unsigned char*) const
 .text._ZN14rosserial_msgs20RequestParamResponse11deserializeEPh
                0x00000000080020ee      0x2e2 ./Core/Src/mainpp.o
                0x00000000080020ee                rosserial_msgs::RequestParamResponse::deserialize(unsigned char*)
 .text._ZN14rosserial_msgs20RequestParamResponse7getTypeEv
                0x00000000080023d0       0x1c ./Core/Src/mainpp.o
                0x00000000080023d0                rosserial_msgs::RequestParamResponse::getType()
 .text._ZN14rosserial_msgs20RequestParamResponse6getMD5Ev
                0x00000000080023ec       0x1c ./Core/Src/mainpp.o
                0x00000000080023ec                rosserial_msgs::RequestParamResponse::getMD5()
 .text._ZN3ros9PublisherC2EPKcPNS_3MsgEi
                0x0000000008002408       0x2e ./Core/Src/mainpp.o
                0x0000000008002408                ros::Publisher::Publisher(char const*, ros::Msg*, int)
                0x0000000008002408                ros::Publisher::Publisher(char const*, ros::Msg*, int)
 .text._ZN3ros9Publisher7publishEPKNS_3MsgE
                0x0000000008002436       0x28 ./Core/Src/mainpp.o
                0x0000000008002436                ros::Publisher::publish(ros::Msg const*)
 .text._ZN3ros9Publisher15getEndpointTypeEv
                0x000000000800245e       0x18 ./Core/Src/mainpp.o
                0x000000000800245e                ros::Publisher::getEndpointType()
 *fill*         0x0000000008002476        0x2 
 .text._ZN13STM32Hardware10getRdmaIndEv
                0x0000000008002478      0x15c ./Core/Src/mainpp.o
                0x0000000008002478                STM32Hardware::getRdmaInd()
 .text._ZN13STM32HardwareC2Ev
                0x00000000080025d4       0x38 ./Core/Src/mainpp.o
                0x00000000080025d4                STM32Hardware::STM32Hardware()
                0x00000000080025d4                STM32Hardware::STM32Hardware()
 .text._ZN13STM32Hardware4initEv
                0x000000000800260c       0x16 ./Core/Src/mainpp.o
                0x000000000800260c                STM32Hardware::init()
 .text._ZN13STM32Hardware10reset_rbufEv
                0x0000000008002622       0x22 ./Core/Src/mainpp.o
                0x0000000008002622                STM32Hardware::reset_rbuf()
 .text._ZN13STM32Hardware4readEv
                0x0000000008002644       0x5a ./Core/Src/mainpp.o
                0x0000000008002644                STM32Hardware::read()
 *fill*         0x000000000800269e        0x2 
 .text._ZN13STM32Hardware5flushEv
                0x00000000080026a0       0xb8 ./Core/Src/mainpp.o
                0x00000000080026a0                STM32Hardware::flush()
 .text._ZN13STM32Hardware5writeEPhi
                0x0000000008002758       0x8c ./Core/Src/mainpp.o
                0x0000000008002758                STM32Hardware::write(unsigned char*, int)
 .text._ZN13STM32Hardware4timeEv
                0x00000000080027e4       0x16 ./Core/Src/mainpp.o
                0x00000000080027e4                STM32Hardware::time()
 *fill*         0x00000000080027fa        0x2 
 .text._ZN13geometry_msgs7Vector3C2Ev
                0x00000000080027fc       0x50 ./Core/Src/mainpp.o
                0x00000000080027fc                geometry_msgs::Vector3::Vector3()
                0x00000000080027fc                geometry_msgs::Vector3::Vector3()
 .text._ZNK13geometry_msgs7Vector39serializeEPh
                0x000000000800284c      0x2e6 ./Core/Src/mainpp.o
                0x000000000800284c                geometry_msgs::Vector3::serialize(unsigned char*) const
 .text._ZN13geometry_msgs7Vector311deserializeEPh
                0x0000000008002b32      0x6be ./Core/Src/mainpp.o
                0x0000000008002b32                geometry_msgs::Vector3::deserialize(unsigned char*)
 .text._ZN13geometry_msgs7Vector37getTypeEv
                0x00000000080031f0       0x1c ./Core/Src/mainpp.o
                0x00000000080031f0                geometry_msgs::Vector3::getType()
 .text._ZN13geometry_msgs7Vector36getMD5Ev
                0x000000000800320c       0x1c ./Core/Src/mainpp.o
                0x000000000800320c                geometry_msgs::Vector3::getMD5()
 .text._ZN13geometry_msgs5TwistC2Ev
                0x0000000008003228       0x38 ./Core/Src/mainpp.o
                0x0000000008003228                geometry_msgs::Twist::Twist()
                0x0000000008003228                geometry_msgs::Twist::Twist()
 .text._ZNK13geometry_msgs5Twist9serializeEPh
                0x0000000008003260       0x4c ./Core/Src/mainpp.o
                0x0000000008003260                geometry_msgs::Twist::serialize(unsigned char*) const
 .text._ZN13geometry_msgs5Twist11deserializeEPh
                0x00000000080032ac       0x4c ./Core/Src/mainpp.o
                0x00000000080032ac                geometry_msgs::Twist::deserialize(unsigned char*)
 .text._ZN13geometry_msgs5Twist7getTypeEv
                0x00000000080032f8       0x1c ./Core/Src/mainpp.o
                0x00000000080032f8                geometry_msgs::Twist::getType()
 .text._ZN13geometry_msgs5Twist6getMD5Ev
                0x0000000008003314       0x1c ./Core/Src/mainpp.o
                0x0000000008003314                geometry_msgs::Twist::getMD5()
 .text._Z8callbackRKN13geometry_msgs5TwistE
                0x0000000008003330       0x44 ./Core/Src/mainpp.o
                0x0000000008003330                callback(geometry_msgs::Twist const&)
 .text._Z13Error_Handlerv
                0x0000000008003374        0xa ./Core/Src/mainpp.o
                0x0000000008003374                Error_Handler()
 *fill*         0x000000000800337e        0x2 
 .text._ZL20MX_USART10_UART_Initv
                0x0000000008003380       0xc0 ./Core/Src/mainpp.o
 .text.HAL_UART_ErrorCallback
                0x0000000008003440       0x70 ./Core/Src/mainpp.o
                0x0000000008003440                HAL_UART_ErrorCallback
 .text.HAL_UART_RxCpltCallback
                0x00000000080034b0       0x24 ./Core/Src/mainpp.o
                0x00000000080034b0                HAL_UART_RxCpltCallback
 .text.setup    0x00000000080034d4       0x2c ./Core/Src/mainpp.o
                0x00000000080034d4                setup
 .text.loop     0x0000000008003500       0x14 ./Core/Src/mainpp.o
                0x0000000008003500                loop
 .text.interPub
                0x0000000008003514       0x64 ./Core/Src/mainpp.o
                0x0000000008003514                interPub
 .text._ZN3ros3Msg8varToArrIPhmEEvT_T0_
                0x0000000008003578       0x3c ./Core/Src/mainpp.o
                0x0000000008003578                void ros::Msg::varToArr<unsigned char*, unsigned long>(unsigned char*, unsigned long)
 .text._ZN3ros3Msg8arrToVarImPhEEvRT_T0_
                0x00000000080035b4       0x4a ./Core/Src/mainpp.o
                0x00000000080035b4                void ros::Msg::arrToVar<unsigned long, unsigned char*>(unsigned long&, unsigned char*)
 *fill*         0x00000000080035fe        0x2 
 .text._ZN3ros15NodeHandleBase_C2Ev
                0x0000000008003600       0x20 ./Core/Src/mainpp.o
                0x0000000008003600                ros::NodeHandleBase_::NodeHandleBase_()
                0x0000000008003600                ros::NodeHandleBase_::NodeHandleBase_()
 .text._ZN3ros11NodeHandle_I13STM32HardwareLi25ELi25ELi512ELi512EEC2Ev
                0x0000000008003620      0x100 ./Core/Src/mainpp.o
                0x0000000008003620                ros::NodeHandle_<STM32Hardware, 25, 25, 512, 512>::NodeHandle_()
                0x0000000008003620                ros::NodeHandle_<STM32Hardware, 25, 25, 512, 512>::NodeHandle_()
 .text._ZN3ros11Subscriber_C2Ev
                0x0000000008003720       0x20 ./Core/Src/mainpp.o
                0x0000000008003720                ros::Subscriber_::Subscriber_()
                0x0000000008003720                ros::Subscriber_::Subscriber_()
 .text._ZN3ros10SubscriberIN13geometry_msgs5TwistEvEC2EPKcPFvRKS2_Ei
                0x0000000008003740       0x48 ./Core/Src/mainpp.o
                0x0000000008003740                ros::Subscriber<geometry_msgs::Twist, void>::Subscriber(char const*, void (*)(geometry_msgs::Twist const&), int)
                0x0000000008003740                ros::Subscriber<geometry_msgs::Twist, void>::Subscriber(char const*, void (*)(geometry_msgs::Twist const&), int)
 .text._ZN3ros11NodeHandle_I13STM32HardwareLi25ELi25ELi512ELi512EE11getHardwareEv
                0x0000000008003788       0x18 ./Core/Src/mainpp.o
                0x0000000008003788                ros::NodeHandle_<STM32Hardware, 25, 25, 512, 512>::getHardware()
 .text._ZN3ros11NodeHandle_I13STM32HardwareLi25ELi25ELi512ELi512EE8initNodeEv
                0x00000000080037a0       0x3a ./Core/Src/mainpp.o
                0x00000000080037a0                ros::NodeHandle_<STM32Hardware, 25, 25, 512, 512>::initNode()
 .text._ZN3ros11NodeHandle_I13STM32HardwareLi25ELi25ELi512ELi512EE9subscribeINS_10SubscriberIN13geometry_msgs5TwistEvEEEEbRT_
                0x00000000080037da       0x56 ./Core/Src/mainpp.o
                0x00000000080037da                bool ros::NodeHandle_<STM32Hardware, 25, 25, 512, 512>::subscribe<ros::Subscriber<geometry_msgs::Twist, void> >(ros::Subscriber<geometry_msgs::Twist, void>&)
 .text._ZN3ros11NodeHandle_I13STM32HardwareLi25ELi25ELi512ELi512EE9advertiseERNS_9PublisherE
                0x0000000008003830       0x60 ./Core/Src/mainpp.o
                0x0000000008003830                ros::NodeHandle_<STM32Hardware, 25, 25, 512, 512>::advertise(ros::Publisher&)
 .text._ZN3ros11NodeHandle_I13STM32HardwareLi25ELi25ELi512ELi512EE8spinOnceEv
                0x0000000008003890      0x3b2 ./Core/Src/mainpp.o
                0x0000000008003890                ros::NodeHandle_<STM32Hardware, 25, 25, 512, 512>::spinOnce()
 .text._ZN3ros11NodeHandle_I13STM32HardwareLi25ELi25ELi512ELi512EE15requestSyncTimeEv
                0x0000000008003c42       0x3c ./Core/Src/mainpp.o
                0x0000000008003c42                ros::NodeHandle_<STM32Hardware, 25, 25, 512, 512>::requestSyncTime()
 .text._ZN3ros11NodeHandle_I13STM32HardwareLi25ELi25ELi512ELi512EE15negotiateTopicsEv
                0x0000000008003c7e      0x1be ./Core/Src/mainpp.o
                0x0000000008003c7e                ros::NodeHandle_<STM32Hardware, 25, 25, 512, 512>::negotiateTopics()
 .text._ZN3ros11NodeHandle_I13STM32HardwareLi25ELi25ELi512ELi512EE8syncTimeEPh
                0x0000000008003e3c       0x98 ./Core/Src/mainpp.o
                0x0000000008003e3c                ros::NodeHandle_<STM32Hardware, 25, 25, 512, 512>::syncTime(unsigned char*)
 .text._ZN3ros11NodeHandle_I13STM32HardwareLi25ELi25ELi512ELi512EE7publishEiPKNS_3MsgE
                0x0000000008003ed4      0x128 ./Core/Src/mainpp.o
                0x0000000008003ed4                ros::NodeHandle_<STM32Hardware, 25, 25, 512, 512>::publish(int, ros::Msg const*)
 .text._ZN3ros11NodeHandle_I13STM32HardwareLi25ELi25ELi512ELi512EE6setNowERNS_4TimeE
                0x0000000008003ffc       0x80 ./Core/Src/mainpp.o
                0x0000000008003ffc                ros::NodeHandle_<STM32Hardware, 25, 25, 512, 512>::setNow(ros::Time&)
 .text._ZN3ros11NodeHandle_I13STM32HardwareLi25ELi25ELi512ELi512EE8logerrorEPKc
                0x000000000800407c       0x1c ./Core/Src/mainpp.o
                0x000000000800407c                ros::NodeHandle_<STM32Hardware, 25, 25, 512, 512>::logerror(char const*)
 .text._ZN3ros11NodeHandle_I13STM32HardwareLi25ELi25ELi512ELi512EE3logEcPKc
                0x0000000008004098       0x38 ./Core/Src/mainpp.o
                0x0000000008004098                ros::NodeHandle_<STM32Hardware, 25, 25, 512, 512>::log(char, char const*)
 .text._Z41__static_initialization_and_destruction_0ii
                0x00000000080040d0       0x64 ./Core/Src/mainpp.o
 .text._ZN3ros10SubscriberIN13geometry_msgs5TwistEvE8callbackEPh
                0x0000000008004134       0x2a ./Core/Src/mainpp.o
                0x0000000008004134                ros::Subscriber<geometry_msgs::Twist, void>::callback(unsigned char*)
 .text._ZN3ros10SubscriberIN13geometry_msgs5TwistEvE15getEndpointTypeEv
                0x000000000800415e       0x18 ./Core/Src/mainpp.o
                0x000000000800415e                ros::Subscriber<geometry_msgs::Twist, void>::getEndpointType()
 .text._ZN3ros10SubscriberIN13geometry_msgs5TwistEvE10getMsgTypeEv
                0x0000000008004176       0x1c ./Core/Src/mainpp.o
                0x0000000008004176                ros::Subscriber<geometry_msgs::Twist, void>::getMsgType()
 .text._ZN3ros10SubscriberIN13geometry_msgs5TwistEvE9getMsgMD5Ev
                0x0000000008004192       0x1c ./Core/Src/mainpp.o
                0x0000000008004192                ros::Subscriber<geometry_msgs::Twist, void>::getMsgMD5()
 .text._ZN3ros11NodeHandle_I13STM32HardwareLi25ELi25ELi512ELi512EE9connectedEv
                0x00000000080041ae       0x1a ./Core/Src/mainpp.o
                0x00000000080041ae                ros::NodeHandle_<STM32Hardware, 25, 25, 512, 512>::connected()
 .text._GLOBAL__sub_I_run_inter0
                0x00000000080041c8       0x10 ./Core/Src/mainpp.o
 .text.HAL_MspInit
                0x00000000080041d8       0x40 ./Core/Src/stm32h7xx_hal_msp.o
                0x00000000080041d8                HAL_MspInit
 .text.HAL_TIM_Base_MspInit
                0x0000000008004218       0x8c ./Core/Src/stm32h7xx_hal_msp.o
                0x0000000008004218                HAL_TIM_Base_MspInit
 .text.HAL_TIM_Encoder_MspInit
                0x00000000080042a4      0x1e4 ./Core/Src/stm32h7xx_hal_msp.o
                0x00000000080042a4                HAL_TIM_Encoder_MspInit
 .text.HAL_TIM_PWM_MspInit
                0x0000000008004488       0x74 ./Core/Src/stm32h7xx_hal_msp.o
                0x0000000008004488                HAL_TIM_PWM_MspInit
 .text.HAL_TIM_MspPostInit
                0x00000000080044fc      0x10c ./Core/Src/stm32h7xx_hal_msp.o
                0x00000000080044fc                HAL_TIM_MspPostInit
 .text.HAL_UART_MspInit
                0x0000000008004608      0x1d0 ./Core/Src/stm32h7xx_hal_msp.o
                0x0000000008004608                HAL_UART_MspInit
 .text.HAL_UART_MspDeInit
                0x00000000080047d8       0x58 ./Core/Src/stm32h7xx_hal_msp.o
                0x00000000080047d8                HAL_UART_MspDeInit
 .text.NMI_Handler
                0x0000000008004830        0x6 ./Core/Src/stm32h7xx_it.o
                0x0000000008004830                NMI_Handler
 .text.HardFault_Handler
                0x0000000008004836        0x6 ./Core/Src/stm32h7xx_it.o
                0x0000000008004836                HardFault_Handler
 .text.MemManage_Handler
                0x000000000800483c        0x6 ./Core/Src/stm32h7xx_it.o
                0x000000000800483c                MemManage_Handler
 .text.BusFault_Handler
                0x0000000008004842        0x6 ./Core/Src/stm32h7xx_it.o
                0x0000000008004842                BusFault_Handler
 .text.UsageFault_Handler
                0x0000000008004848        0x6 ./Core/Src/stm32h7xx_it.o
                0x0000000008004848                UsageFault_Handler
 .text.SVC_Handler
                0x000000000800484e        0xe ./Core/Src/stm32h7xx_it.o
                0x000000000800484e                SVC_Handler
 .text.DebugMon_Handler
                0x000000000800485c        0xe ./Core/Src/stm32h7xx_it.o
                0x000000000800485c                DebugMon_Handler
 .text.PendSV_Handler
                0x000000000800486a        0xe ./Core/Src/stm32h7xx_it.o
                0x000000000800486a                PendSV_Handler
 .text.SysTick_Handler
                0x0000000008004878        0xc ./Core/Src/stm32h7xx_it.o
                0x0000000008004878                SysTick_Handler
 .text.RCC_IRQHandler
                0x0000000008004884        0xe ./Core/Src/stm32h7xx_it.o
                0x0000000008004884                RCC_IRQHandler
 *fill*         0x0000000008004892        0x2 
 .text.DMA1_Stream0_IRQHandler
                0x0000000008004894       0x14 ./Core/Src/stm32h7xx_it.o
                0x0000000008004894                DMA1_Stream0_IRQHandler
 .text.DMA1_Stream1_IRQHandler
                0x00000000080048a8       0x14 ./Core/Src/stm32h7xx_it.o
                0x00000000080048a8                DMA1_Stream1_IRQHandler
 .text.TIM2_IRQHandler
                0x00000000080048bc       0x14 ./Core/Src/stm32h7xx_it.o
                0x00000000080048bc                TIM2_IRQHandler
 .text.EXTI15_10_IRQHandler
                0x00000000080048d0       0x10 ./Core/Src/stm32h7xx_it.o
                0x00000000080048d0                EXTI15_10_IRQHandler
 .text.TIM5_IRQHandler
                0x00000000080048e0       0x14 ./Core/Src/stm32h7xx_it.o
                0x00000000080048e0                TIM5_IRQHandler
 .text.USART10_IRQHandler
                0x00000000080048f4       0x14 ./Core/Src/stm32h7xx_it.o
                0x00000000080048f4                USART10_IRQHandler
 .text._getpid  0x0000000008004908       0x10 ./Core/Src/syscalls.o
                0x0000000008004908                _getpid
 .text._kill    0x0000000008004918       0x20 ./Core/Src/syscalls.o
                0x0000000008004918                _kill
 .text._exit    0x0000000008004938       0x14 ./Core/Src/syscalls.o
                0x0000000008004938                _exit
 .text._sbrk    0x000000000800494c       0x6c ./Core/Src/sysmem.o
                0x000000000800494c                _sbrk
 .text.SystemInit
                0x00000000080049b8       0xf0 ./Core/Src/system_stm32h7xx.o
                0x00000000080049b8                SystemInit
 .text.Reset_Handler
                0x0000000008004aa8       0x50 ./Core/Startup/startup_stm32h723zgtx.o
                0x0000000008004aa8                Reset_Handler
 .text.Default_Handler
                0x0000000008004af8        0x2 ./Core/Startup/startup_stm32h723zgtx.o
                0x0000000008004af8                RTC_Alarm_IRQHandler
                0x0000000008004af8                EXTI2_IRQHandler
                0x0000000008004af8                TIM8_CC_IRQHandler
                0x0000000008004af8                UART8_IRQHandler
                0x0000000008004af8                SPI4_IRQHandler
                0x0000000008004af8                FDCAN3_IT0_IRQHandler
                0x0000000008004af8                TIM1_CC_IRQHandler
                0x0000000008004af8                BDMA_Channel6_IRQHandler
                0x0000000008004af8                DMA2_Stream5_IRQHandler
                0x0000000008004af8                DMA1_Stream5_IRQHandler
                0x0000000008004af8                CORDIC_IRQHandler
                0x0000000008004af8                BDMA_Channel1_IRQHandler
                0x0000000008004af8                TAMP_STAMP_IRQHandler
                0x0000000008004af8                EXTI3_IRQHandler
                0x0000000008004af8                LPTIM4_IRQHandler
                0x0000000008004af8                TIM8_TRG_COM_TIM14_IRQHandler
                0x0000000008004af8                LPTIM2_IRQHandler
                0x0000000008004af8                DFSDM1_FLT1_IRQHandler
                0x0000000008004af8                DMAMUX2_OVR_IRQHandler
                0x0000000008004af8                TIM8_UP_TIM13_IRQHandler
                0x0000000008004af8                I2C3_ER_IRQHandler
                0x0000000008004af8                DFSDM1_FLT2_IRQHandler
                0x0000000008004af8                I2C5_EV_IRQHandler
                0x0000000008004af8                MDMA_IRQHandler
                0x0000000008004af8                LPTIM3_IRQHandler
                0x0000000008004af8                HSEM1_IRQHandler
                0x0000000008004af8                EXTI0_IRQHandler
                0x0000000008004af8                I2C2_EV_IRQHandler
                0x0000000008004af8                DMA1_Stream2_IRQHandler
                0x0000000008004af8                FPU_IRQHandler
                0x0000000008004af8                OTG_HS_WKUP_IRQHandler
                0x0000000008004af8                FDCAN1_IT1_IRQHandler
                0x0000000008004af8                LTDC_ER_IRQHandler
                0x0000000008004af8                DMA2_Stream2_IRQHandler
                0x0000000008004af8                SPI1_IRQHandler
                0x0000000008004af8                OCTOSPI1_IRQHandler
                0x0000000008004af8                TIM6_DAC_IRQHandler
                0x0000000008004af8                DMA2_Stream3_IRQHandler
                0x0000000008004af8                OCTOSPI2_IRQHandler
                0x0000000008004af8                DFSDM1_FLT3_IRQHandler
                0x0000000008004af8                TIM23_IRQHandler
                0x0000000008004af8                USART6_IRQHandler
                0x0000000008004af8                TIM17_IRQHandler
                0x0000000008004af8                USART3_IRQHandler
                0x0000000008004af8                BDMA_Channel7_IRQHandler
                0x0000000008004af8                LPTIM5_IRQHandler
                0x0000000008004af8                UART5_IRQHandler
                0x0000000008004af8                ADC3_IRQHandler
                0x0000000008004af8                DMA2_Stream0_IRQHandler
                0x0000000008004af8                TIM4_IRQHandler
                0x0000000008004af8                BDMA_Channel2_IRQHandler
                0x0000000008004af8                I2C1_EV_IRQHandler
                0x0000000008004af8                DMA1_Stream6_IRQHandler
                0x0000000008004af8                DMAMUX1_OVR_IRQHandler
                0x0000000008004af8                TIM16_IRQHandler
                0x0000000008004af8                UART4_IRQHandler
                0x0000000008004af8                BDMA_Channel5_IRQHandler
                0x0000000008004af8                TIM3_IRQHandler
                0x0000000008004af8                UART9_IRQHandler
                0x0000000008004af8                TIM8_BRK_TIM12_IRQHandler
                0x0000000008004af8                TIM1_TRG_COM_IRQHandler
                0x0000000008004af8                Default_Handler
                0x0000000008004af8                ECC_IRQHandler
                0x0000000008004af8                FMAC_IRQHandler
                0x0000000008004af8                CEC_IRQHandler
                0x0000000008004af8                BDMA_Channel0_IRQHandler
                0x0000000008004af8                ADC_IRQHandler
                0x0000000008004af8                I2C5_ER_IRQHandler
                0x0000000008004af8                DMA1_Stream7_IRQHandler
                0x0000000008004af8                SPI5_IRQHandler
                0x0000000008004af8                TIM7_IRQHandler
                0x0000000008004af8                FDCAN3_IT1_IRQHandler
                0x0000000008004af8                SDMMC1_IRQHandler
                0x0000000008004af8                DMA2_Stream7_IRQHandler
                0x0000000008004af8                TIM15_IRQHandler
                0x0000000008004af8                PVD_AVD_IRQHandler
                0x0000000008004af8                I2C3_EV_IRQHandler
                0x0000000008004af8                EXTI9_5_IRQHandler
                0x0000000008004af8                RTC_WKUP_IRQHandler
                0x0000000008004af8                LTDC_IRQHandler
                0x0000000008004af8                ETH_WKUP_IRQHandler
                0x0000000008004af8                SPDIF_RX_IRQHandler
                0x0000000008004af8                SPI2_IRQHandler
                0x0000000008004af8                OTG_HS_EP1_IN_IRQHandler
                0x0000000008004af8                TIM24_IRQHandler
                0x0000000008004af8                CRS_IRQHandler
                0x0000000008004af8                EXTI4_IRQHandler
                0x0000000008004af8                RNG_IRQHandler
                0x0000000008004af8                FDCAN2_IT1_IRQHandler
                0x0000000008004af8                ETH_IRQHandler
                0x0000000008004af8                TIM1_UP_IRQHandler
                0x0000000008004af8                BDMA_Channel4_IRQHandler
                0x0000000008004af8                OTG_HS_EP1_OUT_IRQHandler
                0x0000000008004af8                WWDG_IRQHandler
                0x0000000008004af8                SPI6_IRQHandler
                0x0000000008004af8                MDIOS_IRQHandler
                0x0000000008004af8                I2C4_EV_IRQHandler
                0x0000000008004af8                FDCAN2_IT0_IRQHandler
                0x0000000008004af8                LPUART1_IRQHandler
                0x0000000008004af8                FDCAN1_IT0_IRQHandler
                0x0000000008004af8                OTG_HS_IRQHandler
                0x0000000008004af8                DMA2D_IRQHandler
                0x0000000008004af8                TIM1_BRK_IRQHandler
                0x0000000008004af8                EXTI1_IRQHandler
                0x0000000008004af8                SDMMC2_IRQHandler
                0x0000000008004af8                BDMA_Channel3_IRQHandler
                0x0000000008004af8                DTS_IRQHandler
                0x0000000008004af8                UART7_IRQHandler
                0x0000000008004af8                MDIOS_WKUP_IRQHandler
                0x0000000008004af8                USART2_IRQHandler
                0x0000000008004af8                DFSDM1_FLT0_IRQHandler
                0x0000000008004af8                SAI4_IRQHandler
                0x0000000008004af8                I2C2_ER_IRQHandler
                0x0000000008004af8                DMA2_Stream1_IRQHandler
                0x0000000008004af8                FLASH_IRQHandler
                0x0000000008004af8                DMA2_Stream4_IRQHandler
                0x0000000008004af8                USART1_IRQHandler
                0x0000000008004af8                SPI3_IRQHandler
                0x0000000008004af8                WAKEUP_PIN_IRQHandler
                0x0000000008004af8                DMA1_Stream4_IRQHandler
                0x0000000008004af8                I2C1_ER_IRQHandler
                0x0000000008004af8                FMC_IRQHandler
                0x0000000008004af8                FDCAN_CAL_IRQHandler
                0x0000000008004af8                SWPMI1_IRQHandler
                0x0000000008004af8                COMP1_IRQHandler
                0x0000000008004af8                LPTIM1_IRQHandler
                0x0000000008004af8                DCMI_PSSI_IRQHandler
                0x0000000008004af8                I2C4_ER_IRQHandler
                0x0000000008004af8                DMA2_Stream6_IRQHandler
                0x0000000008004af8                SAI1_IRQHandler
                0x0000000008004af8                DMA1_Stream3_IRQHandler
 *fill*         0x0000000008004afa        0x2 
 .text.HAL_Init
                0x0000000008004afc       0x78 ./Drivers/STM32H7xx_HAL_Driver/Src/stm32h7xx_hal.o
                0x0000000008004afc                HAL_Init
 .text.HAL_InitTick
                0x0000000008004b74       0x6c ./Drivers/STM32H7xx_HAL_Driver/Src/stm32h7xx_hal.o
                0x0000000008004b74                HAL_InitTick
 .text.HAL_IncTick
                0x0000000008004be0       0x28 ./Drivers/STM32H7xx_HAL_Driver/Src/stm32h7xx_hal.o
                0x0000000008004be0                HAL_IncTick
 .text.HAL_GetTick
                0x0000000008004c08       0x18 ./Drivers/STM32H7xx_HAL_Driver/Src/stm32h7xx_hal.o
                0x0000000008004c08                HAL_GetTick
 .text.__NVIC_SetPriorityGrouping
                0x0000000008004c20       0x48 ./Drivers/STM32H7xx_HAL_Driver/Src/stm32h7xx_hal_cortex.o
 .text.__NVIC_GetPriorityGrouping
                0x0000000008004c68       0x1c ./Drivers/STM32H7xx_HAL_Driver/Src/stm32h7xx_hal_cortex.o
 .text.__NVIC_EnableIRQ
                0x0000000008004c84       0x3c ./Drivers/STM32H7xx_HAL_Driver/Src/stm32h7xx_hal_cortex.o
 .text.__NVIC_DisableIRQ
                0x0000000008004cc0       0x48 ./Drivers/STM32H7xx_HAL_Driver/Src/stm32h7xx_hal_cortex.o
 .text.__NVIC_SetPriority
                0x0000000008004d08       0x54 ./Drivers/STM32H7xx_HAL_Driver/Src/stm32h7xx_hal_cortex.o
 .text.NVIC_EncodePriority
                0x0000000008004d5c       0x66 ./Drivers/STM32H7xx_HAL_Driver/Src/stm32h7xx_hal_cortex.o
 *fill*         0x0000000008004dc2        0x2 
 .text.SysTick_Config
                0x0000000008004dc4       0x44 ./Drivers/STM32H7xx_HAL_Driver/Src/stm32h7xx_hal_cortex.o
 .text.HAL_NVIC_SetPriorityGrouping
                0x0000000008004e08       0x16 ./Drivers/STM32H7xx_HAL_Driver/Src/stm32h7xx_hal_cortex.o
                0x0000000008004e08                HAL_NVIC_SetPriorityGrouping
 .text.HAL_NVIC_SetPriority
                0x0000000008004e1e       0x34 ./Drivers/STM32H7xx_HAL_Driver/Src/stm32h7xx_hal_cortex.o
                0x0000000008004e1e                HAL_NVIC_SetPriority
 .text.HAL_NVIC_EnableIRQ
                0x0000000008004e52       0x1c ./Drivers/STM32H7xx_HAL_Driver/Src/stm32h7xx_hal_cortex.o
                0x0000000008004e52                HAL_NVIC_EnableIRQ
 .text.HAL_NVIC_DisableIRQ
                0x0000000008004e6e       0x1c ./Drivers/STM32H7xx_HAL_Driver/Src/stm32h7xx_hal_cortex.o
                0x0000000008004e6e                HAL_NVIC_DisableIRQ
 .text.HAL_SYSTICK_Config
                0x0000000008004e8a       0x18 ./Drivers/STM32H7xx_HAL_Driver/Src/stm32h7xx_hal_cortex.o
                0x0000000008004e8a                HAL_SYSTICK_Config
 *fill*         0x0000000008004ea2        0x2 
 .text.HAL_DMA_Init
                0x0000000008004ea4      0x6b4 ./Drivers/STM32H7xx_HAL_Driver/Src/stm32h7xx_hal_dma.o
                0x0000000008004ea4                HAL_DMA_Init
 .text.HAL_DMA_DeInit
                0x0000000008005558      0x36c ./Drivers/STM32H7xx_HAL_Driver/Src/stm32h7xx_hal_dma.o
                0x0000000008005558                HAL_DMA_DeInit
 .text.HAL_DMA_Start_IT
                0x00000000080058c4      0x4d4 ./Drivers/STM32H7xx_HAL_Driver/Src/stm32h7xx_hal_dma.o
                0x00000000080058c4                HAL_DMA_Start_IT
 .text.HAL_DMA_Abort
                0x0000000008005d98      0x63c ./Drivers/STM32H7xx_HAL_Driver/Src/stm32h7xx_hal_dma.o
                0x0000000008005d98                HAL_DMA_Abort
 .text.HAL_DMA_Abort_IT
                0x00000000080063d4      0x48c ./Drivers/STM32H7xx_HAL_Driver/Src/stm32h7xx_hal_dma.o
                0x00000000080063d4                HAL_DMA_Abort_IT
 .text.HAL_DMA_IRQHandler
                0x0000000008006860      0xe54 ./Drivers/STM32H7xx_HAL_Driver/Src/stm32h7xx_hal_dma.o
                0x0000000008006860                HAL_DMA_IRQHandler
 .text.DMA_SetConfig
                0x00000000080076b4      0x358 ./Drivers/STM32H7xx_HAL_Driver/Src/stm32h7xx_hal_dma.o
 .text.DMA_CalcBaseAndBitshift
                0x0000000008007a0c      0x164 ./Drivers/STM32H7xx_HAL_Driver/Src/stm32h7xx_hal_dma.o
 .text.DMA_CheckFifoParam
                0x0000000008007b70       0xf8 ./Drivers/STM32H7xx_HAL_Driver/Src/stm32h7xx_hal_dma.o
 .text.DMA_CalcDMAMUXChannelBaseAndMask
                0x0000000008007c68      0x134 ./Drivers/STM32H7xx_HAL_Driver/Src/stm32h7xx_hal_dma.o
 .text.DMA_CalcDMAMUXRequestGenBaseAndMask
                0x0000000008007d9c       0xe8 ./Drivers/STM32H7xx_HAL_Driver/Src/stm32h7xx_hal_dma.o
 .text.HAL_GPIO_Init
                0x0000000008007e84      0x350 ./Drivers/STM32H7xx_HAL_Driver/Src/stm32h7xx_hal_gpio.o
                0x0000000008007e84                HAL_GPIO_Init
 .text.HAL_GPIO_DeInit
                0x00000000080081d4      0x204 ./Drivers/STM32H7xx_HAL_Driver/Src/stm32h7xx_hal_gpio.o
                0x00000000080081d4                HAL_GPIO_DeInit
 .text.HAL_GPIO_WritePin
                0x00000000080083d8       0x32 ./Drivers/STM32H7xx_HAL_Driver/Src/stm32h7xx_hal_gpio.o
                0x00000000080083d8                HAL_GPIO_WritePin
 .text.HAL_GPIO_EXTI_IRQHandler
                0x000000000800840a       0x34 ./Drivers/STM32H7xx_HAL_Driver/Src/stm32h7xx_hal_gpio.o
                0x000000000800840a                HAL_GPIO_EXTI_IRQHandler
 .text.HAL_GPIO_EXTI_Callback
                0x000000000800843e       0x16 ./Drivers/STM32H7xx_HAL_Driver/Src/stm32h7xx_hal_gpio.o
                0x000000000800843e                HAL_GPIO_EXTI_Callback
 .text.HAL_PWREx_ConfigSupply
                0x0000000008008454       0x74 ./Drivers/STM32H7xx_HAL_Driver/Src/stm32h7xx_hal_pwr_ex.o
                0x0000000008008454                HAL_PWREx_ConfigSupply
 .text.HAL_RCC_OscConfig
                0x00000000080084c8      0x75c ./Drivers/STM32H7xx_HAL_Driver/Src/stm32h7xx_hal_rcc.o
                0x00000000080084c8                HAL_RCC_OscConfig
 .text.HAL_RCC_ClockConfig
                0x0000000008008c24      0x36c ./Drivers/STM32H7xx_HAL_Driver/Src/stm32h7xx_hal_rcc.o
                0x0000000008008c24                HAL_RCC_ClockConfig
 .text.HAL_RCC_GetSysClockFreq
                0x0000000008008f90      0x2f4 ./Drivers/STM32H7xx_HAL_Driver/Src/stm32h7xx_hal_rcc.o
                0x0000000008008f90                HAL_RCC_GetSysClockFreq
 .text.HAL_RCC_GetHCLKFreq
                0x0000000008009284       0x60 ./Drivers/STM32H7xx_HAL_Driver/Src/stm32h7xx_hal_rcc.o
                0x0000000008009284                HAL_RCC_GetHCLKFreq
 .text.HAL_RCC_GetPCLK1Freq
                0x00000000080092e4       0x2c ./Drivers/STM32H7xx_HAL_Driver/Src/stm32h7xx_hal_rcc.o
                0x00000000080092e4                HAL_RCC_GetPCLK1Freq
 .text.HAL_RCC_GetPCLK2Freq
                0x0000000008009310       0x2c ./Drivers/STM32H7xx_HAL_Driver/Src/stm32h7xx_hal_rcc.o
                0x0000000008009310                HAL_RCC_GetPCLK2Freq
 .text.HAL_RCCEx_PeriphCLKConfig
                0x000000000800933c      0xdf4 ./Drivers/STM32H7xx_HAL_Driver/Src/stm32h7xx_hal_rcc_ex.o
                0x000000000800933c                HAL_RCCEx_PeriphCLKConfig
 .text.HAL_RCCEx_GetD3PCLK1Freq
                0x000000000800a130       0x2c ./Drivers/STM32H7xx_HAL_Driver/Src/stm32h7xx_hal_rcc_ex.o
                0x000000000800a130                HAL_RCCEx_GetD3PCLK1Freq
 .text.HAL_RCCEx_GetPLL2ClockFreq
                0x000000000800a15c      0x2a8 ./Drivers/STM32H7xx_HAL_Driver/Src/stm32h7xx_hal_rcc_ex.o
                0x000000000800a15c                HAL_RCCEx_GetPLL2ClockFreq
 .text.HAL_RCCEx_GetPLL3ClockFreq
                0x000000000800a404      0x2a8 ./Drivers/STM32H7xx_HAL_Driver/Src/stm32h7xx_hal_rcc_ex.o
                0x000000000800a404                HAL_RCCEx_GetPLL3ClockFreq
 .text.RCCEx_PLL2_Config
                0x000000000800a6ac      0x164 ./Drivers/STM32H7xx_HAL_Driver/Src/stm32h7xx_hal_rcc_ex.o
 .text.RCCEx_PLL3_Config
                0x000000000800a810      0x164 ./Drivers/STM32H7xx_HAL_Driver/Src/stm32h7xx_hal_rcc_ex.o
 .text.HAL_TIM_Base_Init
                0x000000000800a974       0xae ./Drivers/STM32H7xx_HAL_Driver/Src/stm32h7xx_hal_tim.o
                0x000000000800a974                HAL_TIM_Base_Init
 *fill*         0x000000000800aa22        0x2 
 .text.HAL_TIM_Base_Start_IT
                0x000000000800aa24      0x10c ./Drivers/STM32H7xx_HAL_Driver/Src/stm32h7xx_hal_tim.o
                0x000000000800aa24                HAL_TIM_Base_Start_IT
 .text.HAL_TIM_PWM_Init
                0x000000000800ab30       0xae ./Drivers/STM32H7xx_HAL_Driver/Src/stm32h7xx_hal_tim.o
                0x000000000800ab30                HAL_TIM_PWM_Init
 *fill*         0x000000000800abde        0x2 
 .text.HAL_TIM_PWM_Start
                0x000000000800abe0      0x238 ./Drivers/STM32H7xx_HAL_Driver/Src/stm32h7xx_hal_tim.o
                0x000000000800abe0                HAL_TIM_PWM_Start
 .text.HAL_TIM_Encoder_Init
                0x000000000800ae18      0x14c ./Drivers/STM32H7xx_HAL_Driver/Src/stm32h7xx_hal_tim.o
                0x000000000800ae18                HAL_TIM_Encoder_Init
 .text.HAL_TIM_Encoder_Start
                0x000000000800af64      0x11c ./Drivers/STM32H7xx_HAL_Driver/Src/stm32h7xx_hal_tim.o
                0x000000000800af64                HAL_TIM_Encoder_Start
 .text.HAL_TIM_IRQHandler
                0x000000000800b080      0x23e ./Drivers/STM32H7xx_HAL_Driver/Src/stm32h7xx_hal_tim.o
                0x000000000800b080                HAL_TIM_IRQHandler
 *fill*         0x000000000800b2be        0x2 
 .text.HAL_TIM_PWM_ConfigChannel
                0x000000000800b2c0      0x228 ./Drivers/STM32H7xx_HAL_Driver/Src/stm32h7xx_hal_tim.o
                0x000000000800b2c0                HAL_TIM_PWM_ConfigChannel
 .text.HAL_TIM_ConfigClockSource
                0x000000000800b4e8      0x1f0 ./Drivers/STM32H7xx_HAL_Driver/Src/stm32h7xx_hal_tim.o
                0x000000000800b4e8                HAL_TIM_ConfigClockSource
 .text.HAL_TIM_OC_DelayElapsedCallback
                0x000000000800b6d8       0x14 ./Drivers/STM32H7xx_HAL_Driver/Src/stm32h7xx_hal_tim.o
                0x000000000800b6d8                HAL_TIM_OC_DelayElapsedCallback
 .text.HAL_TIM_IC_CaptureCallback
                0x000000000800b6ec       0x14 ./Drivers/STM32H7xx_HAL_Driver/Src/stm32h7xx_hal_tim.o
                0x000000000800b6ec                HAL_TIM_IC_CaptureCallback
 .text.HAL_TIM_PWM_PulseFinishedCallback
                0x000000000800b700       0x14 ./Drivers/STM32H7xx_HAL_Driver/Src/stm32h7xx_hal_tim.o
                0x000000000800b700                HAL_TIM_PWM_PulseFinishedCallback
 .text.HAL_TIM_TriggerCallback
                0x000000000800b714       0x14 ./Drivers/STM32H7xx_HAL_Driver/Src/stm32h7xx_hal_tim.o
                0x000000000800b714                HAL_TIM_TriggerCallback
 .text.TIM_Base_SetConfig
                0x000000000800b728      0x14c ./Drivers/STM32H7xx_HAL_Driver/Src/stm32h7xx_hal_tim.o
                0x000000000800b728                TIM_Base_SetConfig
 .text.TIM_OC1_SetConfig
                0x000000000800b874      0x120 ./Drivers/STM32H7xx_HAL_Driver/Src/stm32h7xx_hal_tim.o
 .text.TIM_OC2_SetConfig
                0x000000000800b994      0x114 ./Drivers/STM32H7xx_HAL_Driver/Src/stm32h7xx_hal_tim.o
                0x000000000800b994                TIM_OC2_SetConfig
 .text.TIM_OC3_SetConfig
                0x000000000800baa8      0x110 ./Drivers/STM32H7xx_HAL_Driver/Src/stm32h7xx_hal_tim.o
 .text.TIM_OC4_SetConfig
                0x000000000800bbb8       0xd4 ./Drivers/STM32H7xx_HAL_Driver/Src/stm32h7xx_hal_tim.o
 .text.TIM_OC5_SetConfig
                0x000000000800bc8c       0xc8 ./Drivers/STM32H7xx_HAL_Driver/Src/stm32h7xx_hal_tim.o
 .text.TIM_OC6_SetConfig
                0x000000000800bd54       0xcc ./Drivers/STM32H7xx_HAL_Driver/Src/stm32h7xx_hal_tim.o
 .text.TIM_TI1_ConfigInputStage
                0x000000000800be20       0x5e ./Drivers/STM32H7xx_HAL_Driver/Src/stm32h7xx_hal_tim.o
 .text.TIM_TI2_ConfigInputStage
                0x000000000800be7e       0x60 ./Drivers/STM32H7xx_HAL_Driver/Src/stm32h7xx_hal_tim.o
 *fill*         0x000000000800bede        0x2 
 .text.TIM_ITRx_SetConfig
                0x000000000800bee0       0x3c ./Drivers/STM32H7xx_HAL_Driver/Src/stm32h7xx_hal_tim.o
 .text.TIM_ETR_SetConfig
                0x000000000800bf1c       0x40 ./Drivers/STM32H7xx_HAL_Driver/Src/stm32h7xx_hal_tim.o
                0x000000000800bf1c                TIM_ETR_SetConfig
 .text.TIM_CCxChannelCmd
                0x000000000800bf5c       0x4a ./Drivers/STM32H7xx_HAL_Driver/Src/stm32h7xx_hal_tim.o
                0x000000000800bf5c                TIM_CCxChannelCmd
 *fill*         0x000000000800bfa6        0x2 
 .text.HAL_TIMEx_MasterConfigSynchronization
                0x000000000800bfa8      0x138 ./Drivers/STM32H7xx_HAL_Driver/Src/stm32h7xx_hal_tim_ex.o
                0x000000000800bfa8                HAL_TIMEx_MasterConfigSynchronization
 .text.HAL_TIMEx_ConfigBreakDeadTime
                0x000000000800c0e0      0x140 ./Drivers/STM32H7xx_HAL_Driver/Src/stm32h7xx_hal_tim_ex.o
                0x000000000800c0e0                HAL_TIMEx_ConfigBreakDeadTime
 .text.HAL_TIMEx_CommutCallback
                0x000000000800c220       0x14 ./Drivers/STM32H7xx_HAL_Driver/Src/stm32h7xx_hal_tim_ex.o
                0x000000000800c220                HAL_TIMEx_CommutCallback
 .text.HAL_TIMEx_BreakCallback
                0x000000000800c234       0x14 ./Drivers/STM32H7xx_HAL_Driver/Src/stm32h7xx_hal_tim_ex.o
                0x000000000800c234                HAL_TIMEx_BreakCallback
 .text.HAL_TIMEx_Break2Callback
                0x000000000800c248       0x14 ./Drivers/STM32H7xx_HAL_Driver/Src/stm32h7xx_hal_tim_ex.o
                0x000000000800c248                HAL_TIMEx_Break2Callback
 .text.HAL_UART_Init
                0x000000000800c25c       0xa0 ./Drivers/STM32H7xx_HAL_Driver/Src/stm32h7xx_hal_uart.o
                0x000000000800c25c                HAL_UART_Init
 .text.HAL_UART_DeInit
                0x000000000800c2fc       0x78 ./Drivers/STM32H7xx_HAL_Driver/Src/stm32h7xx_hal_uart.o
                0x000000000800c2fc                HAL_UART_DeInit
 .text.HAL_UART_Transmit_DMA
                0x000000000800c374      0x124 ./Drivers/STM32H7xx_HAL_Driver/Src/stm32h7xx_hal_uart.o
                0x000000000800c374                HAL_UART_Transmit_DMA
 .text.HAL_UART_Receive_DMA
                0x000000000800c498       0xac ./Drivers/STM32H7xx_HAL_Driver/Src/stm32h7xx_hal_uart.o
                0x000000000800c498                HAL_UART_Receive_DMA
 .text.HAL_UART_IRQHandler
                0x000000000800c544      0x73c ./Drivers/STM32H7xx_HAL_Driver/Src/stm32h7xx_hal_uart.o
                0x000000000800c544                HAL_UART_IRQHandler
 .text.HAL_UART_TxCpltCallback
                0x000000000800cc80       0x14 ./Drivers/STM32H7xx_HAL_Driver/Src/stm32h7xx_hal_uart.o
                0x000000000800cc80                HAL_UART_TxCpltCallback
 .text.HAL_UART_TxHalfCpltCallback
                0x000000000800cc94       0x14 ./Drivers/STM32H7xx_HAL_Driver/Src/stm32h7xx_hal_uart.o
                0x000000000800cc94                HAL_UART_TxHalfCpltCallback
 .text.HAL_UART_RxHalfCpltCallback
                0x000000000800cca8       0x14 ./Drivers/STM32H7xx_HAL_Driver/Src/stm32h7xx_hal_uart.o
                0x000000000800cca8                HAL_UART_RxHalfCpltCallback
 .text.HAL_UARTEx_RxEventCallback
                0x000000000800ccbc       0x18 ./Drivers/STM32H7xx_HAL_Driver/Src/stm32h7xx_hal_uart.o
                0x000000000800ccbc                HAL_UARTEx_RxEventCallback
 .text.UART_SetConfig
                0x000000000800ccd4      0xcd8 ./Drivers/STM32H7xx_HAL_Driver/Src/stm32h7xx_hal_uart.o
                0x000000000800ccd4                UART_SetConfig
 .text.UART_AdvFeatureConfig
                0x000000000800d9ac      0x144 ./Drivers/STM32H7xx_HAL_Driver/Src/stm32h7xx_hal_uart.o
                0x000000000800d9ac                UART_AdvFeatureConfig
 .text.UART_CheckIdleState
                0x000000000800daf0       0x96 ./Drivers/STM32H7xx_HAL_Driver/Src/stm32h7xx_hal_uart.o
                0x000000000800daf0                UART_CheckIdleState
 .text.UART_WaitOnFlagUntilTimeout
                0x000000000800db86      0x190 ./Drivers/STM32H7xx_HAL_Driver/Src/stm32h7xx_hal_uart.o
                0x000000000800db86                UART_WaitOnFlagUntilTimeout
 *fill*         0x000000000800dd16        0x2 
 .text.UART_Start_Receive_DMA
                0x000000000800dd18      0x150 ./Drivers/STM32H7xx_HAL_Driver/Src/stm32h7xx_hal_uart.o
                0x000000000800dd18                UART_Start_Receive_DMA
 .text.UART_EndTxTransfer
                0x000000000800de68       0x82 ./Drivers/STM32H7xx_HAL_Driver/Src/stm32h7xx_hal_uart.o
 *fill*         0x000000000800deea        0x2 
 .text.UART_EndRxTransfer
                0x000000000800deec       0xcc ./Drivers/STM32H7xx_HAL_Driver/Src/stm32h7xx_hal_uart.o
 .text.UART_DMATransmitCplt
                0x000000000800dfb8       0x96 ./Drivers/STM32H7xx_HAL_Driver/Src/stm32h7xx_hal_uart.o
 .text.UART_DMATxHalfCplt
                0x000000000800e04e       0x1c ./Drivers/STM32H7xx_HAL_Driver/Src/stm32h7xx_hal_uart.o
 .text.UART_DMAReceiveCplt
                0x000000000800e06a      0x122 ./Drivers/STM32H7xx_HAL_Driver/Src/stm32h7xx_hal_uart.o
 .text.UART_DMARxHalfCplt
                0x000000000800e18c       0x38 ./Drivers/STM32H7xx_HAL_Driver/Src/stm32h7xx_hal_uart.o
 .text.UART_DMAError
                0x000000000800e1c4       0x80 ./Drivers/STM32H7xx_HAL_Driver/Src/stm32h7xx_hal_uart.o
 .text.UART_DMAAbortOnError
                0x000000000800e244       0x2c ./Drivers/STM32H7xx_HAL_Driver/Src/stm32h7xx_hal_uart.o
 .text.UART_EndTransmit_IT
                0x000000000800e270       0x56 ./Drivers/STM32H7xx_HAL_Driver/Src/stm32h7xx_hal_uart.o
 .text.HAL_UARTEx_WakeupCallback
                0x000000000800e2c6       0x14 ./Drivers/STM32H7xx_HAL_Driver/Src/stm32h7xx_hal_uart_ex.o
                0x000000000800e2c6                HAL_UARTEx_WakeupCallback
 .text.HAL_UARTEx_RxFifoFullCallback
                0x000000000800e2da       0x14 ./Drivers/STM32H7xx_HAL_Driver/Src/stm32h7xx_hal_uart_ex.o
                0x000000000800e2da                HAL_UARTEx_RxFifoFullCallback
 .text.HAL_UARTEx_TxFifoEmptyCallback
                0x000000000800e2ee       0x14 ./Drivers/STM32H7xx_HAL_Driver/Src/stm32h7xx_hal_uart_ex.o
                0x000000000800e2ee                HAL_UARTEx_TxFifoEmptyCallback
 .text.HAL_UARTEx_DisableFifoMode
                0x000000000800e302       0x72 ./Drivers/STM32H7xx_HAL_Driver/Src/stm32h7xx_hal_uart_ex.o
                0x000000000800e302                HAL_UARTEx_DisableFifoMode
 .text.HAL_UARTEx_SetTxFifoThreshold
                0x000000000800e374       0x7c ./Drivers/STM32H7xx_HAL_Driver/Src/stm32h7xx_hal_uart_ex.o
                0x000000000800e374                HAL_UARTEx_SetTxFifoThreshold
 .text.HAL_UARTEx_SetRxFifoThreshold
                0x000000000800e3f0       0x7c ./Drivers/STM32H7xx_HAL_Driver/Src/stm32h7xx_hal_uart_ex.o
                0x000000000800e3f0                HAL_UARTEx_SetRxFifoThreshold
 .text.UARTEx_SetNbDataToProcess
                0x000000000800e46c       0x9c ./Drivers/STM32H7xx_HAL_Driver/Src/stm32h7xx_hal_uart_ex.o
 .text.__cxa_pure_virtual
                0x000000000800e508        0x6 d:/stm32cubeide_1.10.1/stm32cubeide/plugins/com.st.stm32cube.ide.mcu.externaltools.gnu-tools-for-stm32.10.3-2021.10.win32_1.0.0.202111181127/tools/bin/../lib/gcc/arm-none-eabi/10.3.1/../../../../arm-none-eabi/lib/thumb/v7e-m+dp/hard\libstdc++_nano.a(pure.o)
                0x000000000800e508                __cxa_pure_virtual
 .text._ZN10__cxxabiv111__terminateEPFvvE
                0x000000000800e50e        0x8 d:/stm32cubeide_1.10.1/stm32cubeide/plugins/com.st.stm32cube.ide.mcu.externaltools.gnu-tools-for-stm32.10.3-2021.10.win32_1.0.0.202111181127/tools/bin/../lib/gcc/arm-none-eabi/10.3.1/../../../../arm-none-eabi/lib/thumb/v7e-m+dp/hard\libstdc++_nano.a(eh_terminate.o)
                0x000000000800e50e                __cxxabiv1::__terminate(void (*)())
 *fill*         0x000000000800e516        0x2 
 .text._ZSt13get_terminatev
                0x000000000800e518       0x10 d:/stm32cubeide_1.10.1/stm32cubeide/plugins/com.st.stm32cube.ide.mcu.externaltools.gnu-tools-for-stm32.10.3-2021.10.win32_1.0.0.202111181127/tools/bin/../lib/gcc/arm-none-eabi/10.3.1/../../../../arm-none-eabi/lib/thumb/v7e-m+dp/hard\libstdc++_nano.a(eh_terminate.o)
                0x000000000800e518                std::get_terminate()
 .text._ZSt9terminatev
                0x000000000800e528        0xa d:/stm32cubeide_1.10.1/stm32cubeide/plugins/com.st.stm32cube.ide.mcu.externaltools.gnu-tools-for-stm32.10.3-2021.10.win32_1.0.0.202111181127/tools/bin/../lib/gcc/arm-none-eabi/10.3.1/../../../../arm-none-eabi/lib/thumb/v7e-m+dp/hard\libstdc++_nano.a(eh_terminate.o)
                0x000000000800e528                std::terminate()
 .text.abort    0x000000000800e532        0xe d:/stm32cubeide_1.10.1/stm32cubeide/plugins/com.st.stm32cube.ide.mcu.externaltools.gnu-tools-for-stm32.10.3-2021.10.win32_1.0.0.202111181127/tools/bin/../lib/gcc/arm-none-eabi/10.3.1/../../../../arm-none-eabi/lib/thumb/v7e-m+dp/hard\libc_nano.a(lib_a-abort.o)
                0x000000000800e532                abort
 .text.__errno  0x000000000800e540        0xc d:/stm32cubeide_1.10.1/stm32cubeide/plugins/com.st.stm32cube.ide.mcu.externaltools.gnu-tools-for-stm32.10.3-2021.10.win32_1.0.0.202111181127/tools/bin/../lib/gcc/arm-none-eabi/10.3.1/../../../../arm-none-eabi/lib/thumb/v7e-m+dp/hard\libc_nano.a(lib_a-errno.o)
                0x000000000800e540                __errno
 .text.__libc_init_array
                0x000000000800e54c       0x48 d:/stm32cubeide_1.10.1/stm32cubeide/plugins/com.st.stm32cube.ide.mcu.externaltools.gnu-tools-for-stm32.10.3-2021.10.win32_1.0.0.202111181127/tools/bin/../lib/gcc/arm-none-eabi/10.3.1/../../../../arm-none-eabi/lib/thumb/v7e-m+dp/hard\libc_nano.a(lib_a-init.o)
                0x000000000800e54c                __libc_init_array
 .text.memcpy   0x000000000800e594       0x1c d:/stm32cubeide_1.10.1/stm32cubeide/plugins/com.st.stm32cube.ide.mcu.externaltools.gnu-tools-for-stm32.10.3-2021.10.win32_1.0.0.202111181127/tools/bin/../lib/gcc/arm-none-eabi/10.3.1/../../../../arm-none-eabi/lib/thumb/v7e-m+dp/hard\libc_nano.a(lib_a-memcpy-stub.o)
                0x000000000800e594                memcpy
 .text.memset   0x000000000800e5b0       0x10 d:/stm32cubeide_1.10.1/stm32cubeide/plugins/com.st.stm32cube.ide.mcu.externaltools.gnu-tools-for-stm32.10.3-2021.10.win32_1.0.0.202111181127/tools/bin/../lib/gcc/arm-none-eabi/10.3.1/../../../../arm-none-eabi/lib/thumb/v7e-m+dp/hard\libc_nano.a(lib_a-memset.o)
                0x000000000800e5b0                memset
 .text.realloc  0x000000000800e5c0       0x10 d:/stm32cubeide_1.10.1/stm32cubeide/plugins/com.st.stm32cube.ide.mcu.externaltools.gnu-tools-for-stm32.10.3-2021.10.win32_1.0.0.202111181127/tools/bin/../lib/gcc/arm-none-eabi/10.3.1/../../../../arm-none-eabi/lib/thumb/v7e-m+dp/hard\libc_nano.a(lib_a-realloc.o)
                0x000000000800e5c0                realloc
 .text._raise_r
                0x000000000800e5d0       0x50 d:/stm32cubeide_1.10.1/stm32cubeide/plugins/com.st.stm32cube.ide.mcu.externaltools.gnu-tools-for-stm32.10.3-2021.10.win32_1.0.0.202111181127/tools/bin/../lib/gcc/arm-none-eabi/10.3.1/../../../../arm-none-eabi/lib/thumb/v7e-m+dp/hard\libc_nano.a(lib_a-signal.o)
                0x000000000800e5d0                _raise_r
 .text.raise    0x000000000800e620       0x10 d:/stm32cubeide_1.10.1/stm32cubeide/plugins/com.st.stm32cube.ide.mcu.externaltools.gnu-tools-for-stm32.10.3-2021.10.win32_1.0.0.202111181127/tools/bin/../lib/gcc/arm-none-eabi/10.3.1/../../../../arm-none-eabi/lib/thumb/v7e-m+dp/hard\libc_nano.a(lib_a-signal.o)
                0x000000000800e620                raise
 .text._kill_r  0x000000000800e630       0x24 d:/stm32cubeide_1.10.1/stm32cubeide/plugins/com.st.stm32cube.ide.mcu.externaltools.gnu-tools-for-stm32.10.3-2021.10.win32_1.0.0.202111181127/tools/bin/../lib/gcc/arm-none-eabi/10.3.1/../../../../arm-none-eabi/lib/thumb/v7e-m+dp/hard\libc_nano.a(lib_a-signalr.o)
                0x000000000800e630                _kill_r
 .text._getpid_r
                0x000000000800e654        0x4 d:/stm32cubeide_1.10.1/stm32cubeide/plugins/com.st.stm32cube.ide.mcu.externaltools.gnu-tools-for-stm32.10.3-2021.10.win32_1.0.0.202111181127/tools/bin/../lib/gcc/arm-none-eabi/10.3.1/../../../../arm-none-eabi/lib/thumb/v7e-m+dp/hard\libc_nano.a(lib_a-signalr.o)
                0x000000000800e654                _getpid_r
 .text.sbrk_aligned
                0x000000000800e658       0x40 d:/stm32cubeide_1.10.1/stm32cubeide/plugins/com.st.stm32cube.ide.mcu.externaltools.gnu-tools-for-stm32.10.3-2021.10.win32_1.0.0.202111181127/tools/bin/../lib/gcc/arm-none-eabi/10.3.1/../../../../arm-none-eabi/lib/thumb/v7e-m+dp/hard\libc_nano.a(lib_a-nano-mallocr.o)
 .text._malloc_r
                0x000000000800e698       0xe8 d:/stm32cubeide_1.10.1/stm32cubeide/plugins/com.st.stm32cube.ide.mcu.externaltools.gnu-tools-for-stm32.10.3-2021.10.win32_1.0.0.202111181127/tools/bin/../lib/gcc/arm-none-eabi/10.3.1/../../../../arm-none-eabi/lib/thumb/v7e-m+dp/hard\libc_nano.a(lib_a-nano-mallocr.o)
                0x000000000800e698                _malloc_r
 .text._realloc_r
                0x000000000800e780       0x5e d:/stm32cubeide_1.10.1/stm32cubeide/plugins/com.st.stm32cube.ide.mcu.externaltools.gnu-tools-for-stm32.10.3-2021.10.win32_1.0.0.202111181127/tools/bin/../lib/gcc/arm-none-eabi/10.3.1/../../../../arm-none-eabi/lib/thumb/v7e-m+dp/hard\libc_nano.a(lib_a-nano-reallocr.o)
                0x000000000800e780                _realloc_r
 *fill*         0x000000000800e7de        0x2 
 .text._sbrk_r  0x000000000800e7e0       0x20 d:/stm32cubeide_1.10.1/stm32cubeide/plugins/com.st.stm32cube.ide.mcu.externaltools.gnu-tools-for-stm32.10.3-2021.10.win32_1.0.0.202111181127/tools/bin/../lib/gcc/arm-none-eabi/10.3.1/../../../../arm-none-eabi/lib/thumb/v7e-m+dp/hard\libc_nano.a(lib_a-sbrkr.o)
                0x000000000800e7e0                _sbrk_r
 .text.__malloc_lock
                0x000000000800e800        0xc d:/stm32cubeide_1.10.1/stm32cubeide/plugins/com.st.stm32cube.ide.mcu.externaltools.gnu-tools-for-stm32.10.3-2021.10.win32_1.0.0.202111181127/tools/bin/../lib/gcc/arm-none-eabi/10.3.1/../../../../arm-none-eabi/lib/thumb/v7e-m+dp/hard\libc_nano.a(lib_a-mlock.o)
                0x000000000800e800                __malloc_lock
 .text.__malloc_unlock
                0x000000000800e80c        0xc d:/stm32cubeide_1.10.1/stm32cubeide/plugins/com.st.stm32cube.ide.mcu.externaltools.gnu-tools-for-stm32.10.3-2021.10.win32_1.0.0.202111181127/tools/bin/../lib/gcc/arm-none-eabi/10.3.1/../../../../arm-none-eabi/lib/thumb/v7e-m+dp/hard\libc_nano.a(lib_a-mlock.o)
                0x000000000800e80c                __malloc_unlock
 .text._free_r  0x000000000800e818       0x98 d:/stm32cubeide_1.10.1/stm32cubeide/plugins/com.st.stm32cube.ide.mcu.externaltools.gnu-tools-for-stm32.10.3-2021.10.win32_1.0.0.202111181127/tools/bin/../lib/gcc/arm-none-eabi/10.3.1/../../../../arm-none-eabi/lib/thumb/v7e-m+dp/hard\libc_nano.a(lib_a-nano-freer.o)
                0x000000000800e818                _free_r
 .text._malloc_usable_size_r
                0x000000000800e8b0       0x10 d:/stm32cubeide_1.10.1/stm32cubeide/plugins/com.st.stm32cube.ide.mcu.externaltools.gnu-tools-for-stm32.10.3-2021.10.win32_1.0.0.202111181127/tools/bin/../lib/gcc/arm-none-eabi/10.3.1/../../../../arm-none-eabi/lib/thumb/v7e-m+dp/hard\libc_nano.a(lib_a-nano-msizer.o)
                0x000000000800e8b0                _malloc_usable_size_r
 .text.__retarget_lock_acquire_recursive
                0x000000000800e8c0        0x2 d:/stm32cubeide_1.10.1/stm32cubeide/plugins/com.st.stm32cube.ide.mcu.externaltools.gnu-tools-for-stm32.10.3-2021.10.win32_1.0.0.202111181127/tools/bin/../lib/gcc/arm-none-eabi/10.3.1/../../../../arm-none-eabi/lib/thumb/v7e-m+dp/hard\libc_nano.a(lib_a-lock.o)
                0x000000000800e8c0                __retarget_lock_acquire_recursive
 .text.__retarget_lock_release_recursive
                0x000000000800e8c2        0x2 d:/stm32cubeide_1.10.1/stm32cubeide/plugins/com.st.stm32cube.ide.mcu.externaltools.gnu-tools-for-stm32.10.3-2021.10.win32_1.0.0.202111181127/tools/bin/../lib/gcc/arm-none-eabi/10.3.1/../../../../arm-none-eabi/lib/thumb/v7e-m+dp/hard\libc_nano.a(lib_a-lock.o)
                0x000000000800e8c2                __retarget_lock_release_recursive
 *(.glue_7)
 .glue_7        0x000000000800e8c4        0x0 linker stubs
 *(.glue_7t)
 .glue_7t       0x000000000800e8c4        0x0 linker stubs
 *(.eh_frame)
 .eh_frame      0x000000000800e8c4        0x0 d:/stm32cubeide_1.10.1/stm32cubeide/plugins/com.st.stm32cube.ide.mcu.externaltools.gnu-tools-for-stm32.10.3-2021.10.win32_1.0.0.202111181127/tools/bin/../lib/gcc/arm-none-eabi/10.3.1/thumb/v7e-m+dp/hard/crtbegin.o
 *(.init)
 .init          0x000000000800e8c4        0x4 d:/stm32cubeide_1.10.1/stm32cubeide/plugins/com.st.stm32cube.ide.mcu.externaltools.gnu-tools-for-stm32.10.3-2021.10.win32_1.0.0.202111181127/tools/bin/../lib/gcc/arm-none-eabi/10.3.1/thumb/v7e-m+dp/hard/crti.o
                0x000000000800e8c4                _init
 .init          0x000000000800e8c8        0x8 d:/stm32cubeide_1.10.1/stm32cubeide/plugins/com.st.stm32cube.ide.mcu.externaltools.gnu-tools-for-stm32.10.3-2021.10.win32_1.0.0.202111181127/tools/bin/../lib/gcc/arm-none-eabi/10.3.1/thumb/v7e-m+dp/hard/crtn.o
 *(.fini)
 .fini          0x000000000800e8d0        0x4 d:/stm32cubeide_1.10.1/stm32cubeide/plugins/com.st.stm32cube.ide.mcu.externaltools.gnu-tools-for-stm32.10.3-2021.10.win32_1.0.0.202111181127/tools/bin/../lib/gcc/arm-none-eabi/10.3.1/thumb/v7e-m+dp/hard/crti.o
                0x000000000800e8d0                _fini
 .fini          0x000000000800e8d4        0x8 d:/stm32cubeide_1.10.1/stm32cubeide/plugins/com.st.stm32cube.ide.mcu.externaltools.gnu-tools-for-stm32.10.3-2021.10.win32_1.0.0.202111181127/tools/bin/../lib/gcc/arm-none-eabi/10.3.1/thumb/v7e-m+dp/hard/crtn.o
                0x000000000800e8dc                . = ALIGN (0x4)
                0x000000000800e8dc                _etext = .

.vfp11_veneer   0x000000000800e8dc        0x0
 .vfp11_veneer  0x000000000800e8dc        0x0 linker stubs

.v4_bx          0x000000000800e8dc        0x0
 .v4_bx         0x000000000800e8dc        0x0 linker stubs

.iplt           0x000000000800e8dc        0x0
 .iplt          0x000000000800e8dc        0x0 d:/stm32cubeide_1.10.1/stm32cubeide/plugins/com.st.stm32cube.ide.mcu.externaltools.gnu-tools-for-stm32.10.3-2021.10.win32_1.0.0.202111181127/tools/bin/../lib/gcc/arm-none-eabi/10.3.1/thumb/v7e-m+dp/hard/crtbegin.o

.rodata         0x000000000800e8dc      0x2f8
                0x000000000800e8dc                . = ALIGN (0x4)
 *(.rodata)
 .rodata        0x000000000800e8dc      0x199 ./Core/Src/mainpp.o
 *(.rodata*)
 *fill*         0x000000000800ea75        0x3 
 .rodata._ZN14rosserial_msgsL12REQUESTPARAME
                0x000000000800ea78       0x1c ./Core/Src/mainpp.o
 .rodata._ZTVN3ros10SubscriberIN13geometry_msgs5TwistEvEE
                0x000000000800ea94       0x18 ./Core/Src/mainpp.o
                0x000000000800ea94                vtable for ros::Subscriber<geometry_msgs::Twist, void>
 .rodata._ZTVN3ros11NodeHandle_I13STM32HardwareLi25ELi25ELi512ELi512EEE
                0x000000000800eaac       0x14 ./Core/Src/mainpp.o
                0x000000000800eaac                vtable for ros::NodeHandle_<STM32Hardware, 25, 25, 512, 512>
 .rodata._ZTVN13geometry_msgs5TwistE
                0x000000000800eac0       0x18 ./Core/Src/mainpp.o
                0x000000000800eac0                vtable for geometry_msgs::Twist
 .rodata._ZTVN13geometry_msgs7Vector3E
                0x000000000800ead8       0x18 ./Core/Src/mainpp.o
                0x000000000800ead8                vtable for geometry_msgs::Vector3
 .rodata._ZTVN3ros11Subscriber_E
                0x000000000800eaf0       0x18 ./Core/Src/mainpp.o
                0x000000000800eaf0                vtable for ros::Subscriber_
 .rodata._ZTVN3ros15NodeHandleBase_E
                0x000000000800eb08       0x14 ./Core/Src/mainpp.o
                0x000000000800eb08                vtable for ros::NodeHandleBase_
 .rodata._ZTVN14rosserial_msgs20RequestParamResponseE
                0x000000000800eb1c       0x18 ./Core/Src/mainpp.o
                0x000000000800eb1c                vtable for rosserial_msgs::RequestParamResponse
 .rodata._ZTVN14rosserial_msgs3LogE
                0x000000000800eb34       0x18 ./Core/Src/mainpp.o
                0x000000000800eb34                vtable for rosserial_msgs::Log
 .rodata._ZTVN14rosserial_msgs9TopicInfoE
                0x000000000800eb4c       0x18 ./Core/Src/mainpp.o
                0x000000000800eb4c                vtable for rosserial_msgs::TopicInfo
 .rodata._ZTVN8std_msgs4TimeE
                0x000000000800eb64       0x18 ./Core/Src/mainpp.o
                0x000000000800eb64                vtable for std_msgs::Time
 .rodata._ZTVN3ros3MsgE
                0x000000000800eb7c       0x18 ./Core/Src/mainpp.o
                0x000000000800eb7c                vtable for ros::Msg
 .rodata.D1CorePrescTable
                0x000000000800eb94       0x10 ./Core/Src/system_stm32h7xx.o
                0x000000000800eb94                D1CorePrescTable
 .rodata.flagBitshiftOffset.0
                0x000000000800eba4        0x8 ./Drivers/STM32H7xx_HAL_Driver/Src/stm32h7xx_hal_dma.o
 .rodata.UARTPrescTable
                0x000000000800ebac       0x18 ./Drivers/STM32H7xx_HAL_Driver/Src/stm32h7xx_hal_uart.o
                0x000000000800ebac                UARTPrescTable
 .rodata.numerator.1
                0x000000000800ebc4        0x8 ./Drivers/STM32H7xx_HAL_Driver/Src/stm32h7xx_hal_uart_ex.o
 .rodata.denominator.0
                0x000000000800ebcc        0x8 ./Drivers/STM32H7xx_HAL_Driver/Src/stm32h7xx_hal_uart_ex.o
                0x000000000800ebd4                . = ALIGN (0x4)

.ARM.extab
 *(.ARM.extab* .gnu.linkonce.armextab.*)

.ARM            0x000000000800ebd4        0x8
                0x000000000800ebd4                __exidx_start = .
 *(.ARM.exidx*)
 .ARM.exidx     0x000000000800ebd4        0x8 d:/stm32cubeide_1.10.1/stm32cubeide/plugins/com.st.stm32cube.ide.mcu.externaltools.gnu-tools-for-stm32.10.3-2021.10.win32_1.0.0.202111181127/tools/bin/../lib/gcc/arm-none-eabi/10.3.1/thumb/v7e-m+dp/hard\libgcc.a(_udivmoddi4.o)
                0x000000000800ebdc                __exidx_end = .

.rel.dyn        0x000000000800ebdc        0x0
 .rel.iplt      0x000000000800ebdc        0x0 d:/stm32cubeide_1.10.1/stm32cubeide/plugins/com.st.stm32cube.ide.mcu.externaltools.gnu-tools-for-stm32.10.3-2021.10.win32_1.0.0.202111181127/tools/bin/../lib/gcc/arm-none-eabi/10.3.1/thumb/v7e-m+dp/hard/crtbegin.o

.preinit_array  0x000000000800ebdc        0x0
                0x000000000800ebdc                PROVIDE (__preinit_array_start = .)
 *(.preinit_array*)
                0x000000000800ebdc                PROVIDE (__preinit_array_end = .)

.init_array     0x000000000800ebdc        0x8
                0x000000000800ebdc                PROVIDE (__init_array_start = .)
 *(SORT_BY_NAME(.init_array.*))
 *(.init_array*)
 .init_array    0x000000000800ebdc        0x4 d:/stm32cubeide_1.10.1/stm32cubeide/plugins/com.st.stm32cube.ide.mcu.externaltools.gnu-tools-for-stm32.10.3-2021.10.win32_1.0.0.202111181127/tools/bin/../lib/gcc/arm-none-eabi/10.3.1/thumb/v7e-m+dp/hard/crtbegin.o
 .init_array    0x000000000800ebe0        0x4 ./Core/Src/mainpp.o
                0x000000000800ebe4                PROVIDE (__init_array_end = .)

.fini_array     0x000000000800ebe4        0x4
                [!provide]                        PROVIDE (__fini_array_start = .)
 *(SORT_BY_NAME(.fini_array.*))
 *(.fini_array*)
 .fini_array    0x000000000800ebe4        0x4 d:/stm32cubeide_1.10.1/stm32cubeide/plugins/com.st.stm32cube.ide.mcu.externaltools.gnu-tools-for-stm32.10.3-2021.10.win32_1.0.0.202111181127/tools/bin/../lib/gcc/arm-none-eabi/10.3.1/thumb/v7e-m+dp/hard/crtbegin.o
                [!provide]                        PROVIDE (__fini_array_end = .)
                0x000000000800ebe8                _sidata = LOADADDR (.data)

.data           0x0000000024000000      0x218 load address 0x000000000800ebe8
                0x0000000024000000                . = ALIGN (0x4)
                0x0000000024000000                _sdata = .
 *(.data)
 *(.data*)
 .data.Kpid     0x0000000024000000      0x1a0 ./Core/Src/PID.o
                0x0000000024000000                Kpid
 .data.SystemCoreClock
                0x00000000240001a0        0x4 ./Core/Src/system_stm32h7xx.o
                0x00000000240001a0                SystemCoreClock
 .data.SystemD2Clock
                0x00000000240001a4        0x4 ./Core/Src/system_stm32h7xx.o
                0x00000000240001a4                SystemD2Clock
 .data.uwTickPrio
                0x00000000240001a8        0x4 ./Drivers/STM32H7xx_HAL_Driver/Src/stm32h7xx_hal.o
                0x00000000240001a8                uwTickPrio
 .data.uwTickFreq
                0x00000000240001ac        0x1 ./Drivers/STM32H7xx_HAL_Driver/Src/stm32h7xx_hal.o
                0x00000000240001ac                uwTickFreq
 *fill*         0x00000000240001ad        0x3 
 .data._ZN10__cxxabiv119__terminate_handlerE
                0x00000000240001b0        0x4 d:/stm32cubeide_1.10.1/stm32cubeide/plugins/com.st.stm32cube.ide.mcu.externaltools.gnu-tools-for-stm32.10.3-2021.10.win32_1.0.0.202111181127/tools/bin/../lib/gcc/arm-none-eabi/10.3.1/../../../../arm-none-eabi/lib/thumb/v7e-m+dp/hard\libstdc++_nano.a(eh_term_handler.o)
                0x00000000240001b0                __cxxabiv1::__terminate_handler
 .data._impure_ptr
                0x00000000240001b4        0x4 d:/stm32cubeide_1.10.1/stm32cubeide/plugins/com.st.stm32cube.ide.mcu.externaltools.gnu-tools-for-stm32.10.3-2021.10.win32_1.0.0.202111181127/tools/bin/../lib/gcc/arm-none-eabi/10.3.1/../../../../arm-none-eabi/lib/thumb/v7e-m+dp/hard\libc_nano.a(lib_a-impure.o)
                0x00000000240001b4                _impure_ptr
 .data.impure_data
                0x00000000240001b8       0x60 d:/stm32cubeide_1.10.1/stm32cubeide/plugins/com.st.stm32cube.ide.mcu.externaltools.gnu-tools-for-stm32.10.3-2021.10.win32_1.0.0.202111181127/tools/bin/../lib/gcc/arm-none-eabi/10.3.1/../../../../arm-none-eabi/lib/thumb/v7e-m+dp/hard\libc_nano.a(lib_a-impure.o)
 *(.RamFunc)
 *(.RamFunc*)
                0x0000000024000218                . = ALIGN (0x4)
                0x0000000024000218                _edata = .

.igot.plt       0x0000000024000218        0x0 load address 0x000000000800ee00
 .igot.plt      0x0000000024000218        0x0 d:/stm32cubeide_1.10.1/stm32cubeide/plugins/com.st.stm32cube.ide.mcu.externaltools.gnu-tools-for-stm32.10.3-2021.10.win32_1.0.0.202111181127/tools/bin/../lib/gcc/arm-none-eabi/10.3.1/thumb/v7e-m+dp/hard/crtbegin.o
                0x0000000024000218                . = ALIGN (0x4)

.bss            0x0000000024000218      0xe4c load address 0x000000000800ee00
                0x0000000024000218                _sbss = .
                0x0000000024000218                __bss_start__ = _sbss
 *(.bss)
 .bss           0x0000000024000218       0x1c d:/stm32cubeide_1.10.1/stm32cubeide/plugins/com.st.stm32cube.ide.mcu.externaltools.gnu-tools-for-stm32.10.3-2021.10.win32_1.0.0.202111181127/tools/bin/../lib/gcc/arm-none-eabi/10.3.1/thumb/v7e-m+dp/hard/crtbegin.o
 *(.bss*)
 .bss.htim2     0x0000000024000234       0x4c ./Core/Src/main.o
                0x0000000024000234                htim2
 .bss.htim3     0x0000000024000280       0x4c ./Core/Src/main.o
                0x0000000024000280                htim3
 .bss.htim4     0x00000000240002cc       0x4c ./Core/Src/main.o
                0x00000000240002cc                htim4
 .bss.htim5     0x0000000024000318       0x4c ./Core/Src/main.o
                0x0000000024000318                htim5
 .bss.htim8     0x0000000024000364       0x4c ./Core/Src/main.o
                0x0000000024000364                htim8
 .bss.htim15    0x00000000240003b0       0x4c ./Core/Src/main.o
                0x00000000240003b0                htim15
 .bss.htim23    0x00000000240003fc       0x4c ./Core/Src/main.o
                0x00000000240003fc                htim23
 .bss.htim24    0x0000000024000448       0x4c ./Core/Src/main.o
                0x0000000024000448                htim24
 .bss.huart10   0x0000000024000494       0x90 ./Core/Src/main.o
                0x0000000024000494                huart10
 .bss.hdma_usart10_rx
                0x0000000024000524       0x78 ./Core/Src/main.o
                0x0000000024000524                hdma_usart10_rx
 .bss.hdma_usart10_tx
                0x000000002400059c       0x78 ./Core/Src/main.o
                0x000000002400059c                hdma_usart10_tx
 .bss._ZZN13STM32Hardware5flushEvE5mutex
                0x0000000024000614        0x1 ./Core/Src/mainpp.o
                0x0000000024000614                STM32Hardware::flush()::mutex
 *fill*         0x0000000024000615        0x3 
 .bss.run_inter0
                0x0000000024000618        0x4 ./Core/Src/mainpp.o
                0x0000000024000618                run_inter0
 .bss.run_inter1
                0x000000002400061c        0x4 ./Core/Src/mainpp.o
                0x000000002400061c                run_inter1
 .bss.Vx        0x0000000024000620        0x8 ./Core/Src/mainpp.o
                0x0000000024000620                Vx
 .bss.Vy        0x0000000024000628        0x8 ./Core/Src/mainpp.o
                0x0000000024000628                Vy
 .bss.W         0x0000000024000630        0x8 ./Core/Src/mainpp.o
                0x0000000024000630                W
 .bss.rVx       0x0000000024000638        0x8 ./Core/Src/mainpp.o
                0x0000000024000638                rVx
 .bss.rVy       0x0000000024000640        0x8 ./Core/Src/mainpp.o
                0x0000000024000640                rVy
 .bss.rW        0x0000000024000648        0x8 ./Core/Src/mainpp.o
                0x0000000024000648                rW
 .bss.insVel    0x0000000024000650       0x48 ./Core/Src/mainpp.o
                0x0000000024000650                insVel
 .bss.nh        0x0000000024000698      0x93c ./Core/Src/mainpp.o
                0x0000000024000698                nh
 *fill*         0x0000000024000fd4        0x4 
 .bss.sub       0x0000000024000fd8       0x60 ./Core/Src/mainpp.o
                0x0000000024000fd8                sub
 .bss.pub       0x0000000024001038       0x14 ./Core/Src/mainpp.o
                0x0000000024001038                pub
 .bss.__sbrk_heap_end
                0x000000002400104c        0x4 ./Core/Src/sysmem.o
 .bss.uwTick    0x0000000024001050        0x4 ./Drivers/STM32H7xx_HAL_Driver/Src/stm32h7xx_hal.o
                0x0000000024001050                uwTick
 .bss.__malloc_free_list
                0x0000000024001054        0x4 d:/stm32cubeide_1.10.1/stm32cubeide/plugins/com.st.stm32cube.ide.mcu.externaltools.gnu-tools-for-stm32.10.3-2021.10.win32_1.0.0.202111181127/tools/bin/../lib/gcc/arm-none-eabi/10.3.1/../../../../arm-none-eabi/lib/thumb/v7e-m+dp/hard\libc_nano.a(lib_a-nano-mallocr.o)
                0x0000000024001054                __malloc_free_list
 .bss.__malloc_sbrk_start
                0x0000000024001058        0x4 d:/stm32cubeide_1.10.1/stm32cubeide/plugins/com.st.stm32cube.ide.mcu.externaltools.gnu-tools-for-stm32.10.3-2021.10.win32_1.0.0.202111181127/tools/bin/../lib/gcc/arm-none-eabi/10.3.1/../../../../arm-none-eabi/lib/thumb/v7e-m+dp/hard\libc_nano.a(lib_a-nano-mallocr.o)
                0x0000000024001058                __malloc_sbrk_start
 .bss.errno     0x000000002400105c        0x4 d:/stm32cubeide_1.10.1/stm32cubeide/plugins/com.st.stm32cube.ide.mcu.externaltools.gnu-tools-for-stm32.10.3-2021.10.win32_1.0.0.202111181127/tools/bin/../lib/gcc/arm-none-eabi/10.3.1/../../../../arm-none-eabi/lib/thumb/v7e-m+dp/hard\libc_nano.a(lib_a-reent.o)
                0x000000002400105c                errno
 .bss.__lock___malloc_recursive_mutex
                0x0000000024001060        0x1 d:/stm32cubeide_1.10.1/stm32cubeide/plugins/com.st.stm32cube.ide.mcu.externaltools.gnu-tools-for-stm32.10.3-2021.10.win32_1.0.0.202111181127/tools/bin/../lib/gcc/arm-none-eabi/10.3.1/../../../../arm-none-eabi/lib/thumb/v7e-m+dp/hard\libc_nano.a(lib_a-lock.o)
                0x0000000024001060                __lock___malloc_recursive_mutex
 *(COMMON)
                0x0000000024001064                . = ALIGN (0x4)
 *fill*         0x0000000024001061        0x3 
                0x0000000024001064                _ebss = .
                0x0000000024001064                __bss_end__ = _ebss

._user_heap_stack
                0x0000000024001064      0x604 load address 0x000000000800ee00
                0x0000000024001068                . = ALIGN (0x8)
 *fill*         0x0000000024001064        0x4 
                [!provide]                        PROVIDE (end = .)
                0x0000000024001068                PROVIDE (_end = .)
                0x0000000024001268                . = (. + _Min_Heap_Size)
 *fill*         0x0000000024001068      0x200 
                0x0000000024001668                . = (. + _Min_Stack_Size)
 *fill*         0x0000000024001268      0x400 
                0x0000000024001668                . = ALIGN (0x8)

/DISCARD/
 libc.a(*)
 libm.a(*)
 libgcc.a(*)

.ARM.attributes
                0x0000000000000000       0x2e
 *(.ARM.attributes)
 .ARM.attributes
                0x0000000000000000       0x1e d:/stm32cubeide_1.10.1/stm32cubeide/plugins/com.st.stm32cube.ide.mcu.externaltools.gnu-tools-for-stm32.10.3-2021.10.win32_1.0.0.202111181127/tools/bin/../lib/gcc/arm-none-eabi/10.3.1/thumb/v7e-m+dp/hard/crti.o
 .ARM.attributes
                0x000000000000001e       0x32 d:/stm32cubeide_1.10.1/stm32cubeide/plugins/com.st.stm32cube.ide.mcu.externaltools.gnu-tools-for-stm32.10.3-2021.10.win32_1.0.0.202111181127/tools/bin/../lib/gcc/arm-none-eabi/10.3.1/thumb/v7e-m+dp/hard/crtbegin.o
 .ARM.attributes
                0x0000000000000050       0x32 ./Core/Inc/time.o
 .ARM.attributes
                0x0000000000000082       0x32 ./Core/Src/PID.o
 .ARM.attributes
                0x00000000000000b4       0x32 ./Core/Src/main.o
 .ARM.attributes
                0x00000000000000e6       0x32 ./Core/Src/mainpp.o
 .ARM.attributes
                0x0000000000000118       0x32 ./Core/Src/stm32h7xx_hal_msp.o
 .ARM.attributes
                0x000000000000014a       0x32 ./Core/Src/stm32h7xx_it.o
 .ARM.attributes
                0x000000000000017c       0x32 ./Core/Src/syscalls.o
 .ARM.attributes
                0x00000000000001ae       0x32 ./Core/Src/sysmem.o
 .ARM.attributes
                0x00000000000001e0       0x32 ./Core/Src/system_stm32h7xx.o
 .ARM.attributes
                0x0000000000000212       0x21 ./Core/Startup/startup_stm32h723zgtx.o
 .ARM.attributes
                0x0000000000000233       0x32 ./Drivers/STM32H7xx_HAL_Driver/Src/stm32h7xx_hal.o
 .ARM.attributes
                0x0000000000000265       0x32 ./Drivers/STM32H7xx_HAL_Driver/Src/stm32h7xx_hal_cortex.o
 .ARM.attributes
                0x0000000000000297       0x32 ./Drivers/STM32H7xx_HAL_Driver/Src/stm32h7xx_hal_dma.o
 .ARM.attributes
                0x00000000000002c9       0x32 ./Drivers/STM32H7xx_HAL_Driver/Src/stm32h7xx_hal_gpio.o
 .ARM.attributes
                0x00000000000002fb       0x32 ./Drivers/STM32H7xx_HAL_Driver/Src/stm32h7xx_hal_pwr_ex.o
 .ARM.attributes
                0x000000000000032d       0x32 ./Drivers/STM32H7xx_HAL_Driver/Src/stm32h7xx_hal_rcc.o
 .ARM.attributes
                0x000000000000035f       0x32 ./Drivers/STM32H7xx_HAL_Driver/Src/stm32h7xx_hal_rcc_ex.o
 .ARM.attributes
                0x0000000000000391       0x32 ./Drivers/STM32H7xx_HAL_Driver/Src/stm32h7xx_hal_tim.o
 .ARM.attributes
                0x00000000000003c3       0x32 ./Drivers/STM32H7xx_HAL_Driver/Src/stm32h7xx_hal_tim_ex.o
 .ARM.attributes
                0x00000000000003f5       0x32 ./Drivers/STM32H7xx_HAL_Driver/Src/stm32h7xx_hal_uart.o
 .ARM.attributes
                0x0000000000000427       0x32 ./Drivers/STM32H7xx_HAL_Driver/Src/stm32h7xx_hal_uart_ex.o
 .ARM.attributes
                0x0000000000000459       0x32 d:/stm32cubeide_1.10.1/stm32cubeide/plugins/com.st.stm32cube.ide.mcu.externaltools.gnu-tools-for-stm32.10.3-2021.10.win32_1.0.0.202111181127/tools/bin/../lib/gcc/arm-none-eabi/10.3.1/../../../../arm-none-eabi/lib/thumb/v7e-m+dp/hard\libstdc++_nano.a(pure.o)
 .ARM.attributes
                0x000000000000048b       0x32 d:/stm32cubeide_1.10.1/stm32cubeide/plugins/com.st.stm32cube.ide.mcu.externaltools.gnu-tools-for-stm32.10.3-2021.10.win32_1.0.0.202111181127/tools/bin/../lib/gcc/arm-none-eabi/10.3.1/../../../../arm-none-eabi/lib/thumb/v7e-m+dp/hard\libstdc++_nano.a(eh_terminate.o)
 .ARM.attributes
                0x00000000000004bd       0x32 d:/stm32cubeide_1.10.1/stm32cubeide/plugins/com.st.stm32cube.ide.mcu.externaltools.gnu-tools-for-stm32.10.3-2021.10.win32_1.0.0.202111181127/tools/bin/../lib/gcc/arm-none-eabi/10.3.1/../../../../arm-none-eabi/lib/thumb/v7e-m+dp/hard\libstdc++_nano.a(eh_term_handler.o)
 .ARM.attributes
                0x00000000000004ef       0x32 d:/stm32cubeide_1.10.1/stm32cubeide/plugins/com.st.stm32cube.ide.mcu.externaltools.gnu-tools-for-stm32.10.3-2021.10.win32_1.0.0.202111181127/tools/bin/../lib/gcc/arm-none-eabi/10.3.1/../../../../arm-none-eabi/lib/thumb/v7e-m+dp/hard\libc_nano.a(lib_a-abort.o)
 .ARM.attributes
                0x0000000000000521       0x32 d:/stm32cubeide_1.10.1/stm32cubeide/plugins/com.st.stm32cube.ide.mcu.externaltools.gnu-tools-for-stm32.10.3-2021.10.win32_1.0.0.202111181127/tools/bin/../lib/gcc/arm-none-eabi/10.3.1/../../../../arm-none-eabi/lib/thumb/v7e-m+dp/hard\libc_nano.a(lib_a-errno.o)
 .ARM.attributes
                0x0000000000000553       0x32 d:/stm32cubeide_1.10.1/stm32cubeide/plugins/com.st.stm32cube.ide.mcu.externaltools.gnu-tools-for-stm32.10.3-2021.10.win32_1.0.0.202111181127/tools/bin/../lib/gcc/arm-none-eabi/10.3.1/../../../../arm-none-eabi/lib/thumb/v7e-m+dp/hard\libc_nano.a(lib_a-impure.o)
 .ARM.attributes
                0x0000000000000585       0x32 d:/stm32cubeide_1.10.1/stm32cubeide/plugins/com.st.stm32cube.ide.mcu.externaltools.gnu-tools-for-stm32.10.3-2021.10.win32_1.0.0.202111181127/tools/bin/../lib/gcc/arm-none-eabi/10.3.1/../../../../arm-none-eabi/lib/thumb/v7e-m+dp/hard\libc_nano.a(lib_a-init.o)
 .ARM.attributes
                0x00000000000005b7       0x32 d:/stm32cubeide_1.10.1/stm32cubeide/plugins/com.st.stm32cube.ide.mcu.externaltools.gnu-tools-for-stm32.10.3-2021.10.win32_1.0.0.202111181127/tools/bin/../lib/gcc/arm-none-eabi/10.3.1/../../../../arm-none-eabi/lib/thumb/v7e-m+dp/hard\libc_nano.a(lib_a-memcpy-stub.o)
 .ARM.attributes
                0x00000000000005e9       0x32 d:/stm32cubeide_1.10.1/stm32cubeide/plugins/com.st.stm32cube.ide.mcu.externaltools.gnu-tools-for-stm32.10.3-2021.10.win32_1.0.0.202111181127/tools/bin/../lib/gcc/arm-none-eabi/10.3.1/../../../../arm-none-eabi/lib/thumb/v7e-m+dp/hard\libc_nano.a(lib_a-memset.o)
 .ARM.attributes
                0x000000000000061b       0x32 d:/stm32cubeide_1.10.1/stm32cubeide/plugins/com.st.stm32cube.ide.mcu.externaltools.gnu-tools-for-stm32.10.3-2021.10.win32_1.0.0.202111181127/tools/bin/../lib/gcc/arm-none-eabi/10.3.1/../../../../arm-none-eabi/lib/thumb/v7e-m+dp/hard\libc_nano.a(lib_a-realloc.o)
 .ARM.attributes
                0x000000000000064d       0x32 d:/stm32cubeide_1.10.1/stm32cubeide/plugins/com.st.stm32cube.ide.mcu.externaltools.gnu-tools-for-stm32.10.3-2021.10.win32_1.0.0.202111181127/tools/bin/../lib/gcc/arm-none-eabi/10.3.1/../../../../arm-none-eabi/lib/thumb/v7e-m+dp/hard\libc_nano.a(lib_a-signal.o)
 .ARM.attributes
                0x000000000000067f       0x32 d:/stm32cubeide_1.10.1/stm32cubeide/plugins/com.st.stm32cube.ide.mcu.externaltools.gnu-tools-for-stm32.10.3-2021.10.win32_1.0.0.202111181127/tools/bin/../lib/gcc/arm-none-eabi/10.3.1/../../../../arm-none-eabi/lib/thumb/v7e-m+dp/hard\libc_nano.a(lib_a-signalr.o)
 .ARM.attributes