Archive member included to satisfy reference by file (symbol)

d:/stm32cubeide_1.10.1/stm32cubeide/plugins/com.st.stm32cube.ide.mcu.externaltools.gnu-tools-for-stm32.10.3-2021.10.win32_1.0.0.202111181127/tools/bin/../lib/gcc/arm-none-eabi/10.3.1/../../../../arm-none-eabi/lib/thumb/v7e-m+dp/hard\libstdc++_nano.a(pure.o)
                              ./Core/Src/mainpp.o (__cxa_pure_virtual)
d:/stm32cubeide_1.10.1/stm32cubeide/plugins/com.st.stm32cube.ide.mcu.externaltools.gnu-tools-for-stm32.10.3-2021.10.win32_1.0.0.202111181127/tools/bin/../lib/gcc/arm-none-eabi/10.3.1/../../../../arm-none-eabi/lib/thumb/v7e-m+dp/hard\libstdc++_nano.a(eh_terminate.o)
                              d:/stm32cubeide_1.10.1/stm32cubeide/plugins/com.st.stm32cube.ide.mcu.externaltools.gnu-tools-for-stm32.10.3-2021.10.win32_1.0.0.202111181127/tools/bin/../lib/gcc/arm-none-eabi/10.3.1/../../../../arm-none-eabi/lib/thumb/v7e-m+dp/hard\libstdc++_nano.a(pure.o) (std::terminate())
d:/stm32cubeide_1.10.1/stm32cubeide/plugins/com.st.stm32cube.ide.mcu.externaltools.gnu-tools-for-stm32.10.3-2021.10.win32_1.0.0.202111181127/tools/bin/../lib/gcc/arm-none-eabi/10.3.1/../../../../arm-none-eabi/lib/thumb/v7e-m+dp/hard\libstdc++_nano.a(eh_unex_handler.o)
                              d:/stm32cubeide_1.10.1/stm32cubeide/plugins/com.st.stm32cube.ide.mcu.externaltools.gnu-tools-for-stm32.10.3-2021.10.win32_1.0.0.202111181127/tools/bin/../lib/gcc/arm-none-eabi/10.3.1/../../../../arm-none-eabi/lib/thumb/v7e-m+dp/hard\libstdc++_nano.a(eh_terminate.o) (__cxxabiv1::__unexpected_handler)
d:/stm32cubeide_1.10.1/stm32cubeide/plugins/com.st.stm32cube.ide.mcu.externaltools.gnu-tools-for-stm32.10.3-2021.10.win32_1.0.0.202111181127/tools/bin/../lib/gcc/arm-none-eabi/10.3.1/../../../../arm-none-eabi/lib/thumb/v7e-m+dp/hard\libstdc++_nano.a(eh_term_handler.o)
                              d:/stm32cubeide_1.10.1/stm32cubeide/plugins/com.st.stm32cube.ide.mcu.externaltools.gnu-tools-for-stm32.10.3-2021.10.win32_1.0.0.202111181127/tools/bin/../lib/gcc/arm-none-eabi/10.3.1/../../../../arm-none-eabi/lib/thumb/v7e-m+dp/hard\libstdc++_nano.a(eh_terminate.o) (__cxxabiv1::__terminate_handler)
d:/stm32cubeide_1.10.1/stm32cubeide/plugins/com.st.stm32cube.ide.mcu.externaltools.gnu-tools-for-stm32.10.3-2021.10.win32_1.0.0.202111181127/tools/bin/../lib/gcc/arm-none-eabi/10.3.1/../../../../arm-none-eabi/lib/thumb/v7e-m+dp/hard\libc_nano.a(lib_a-abort.o)
                              d:/stm32cubeide_1.10.1/stm32cubeide/plugins/com.st.stm32cube.ide.mcu.externaltools.gnu-tools-for-stm32.10.3-2021.10.win32_1.0.0.202111181127/tools/bin/../lib/gcc/arm-none-eabi/10.3.1/../../../../arm-none-eabi/lib/thumb/v7e-m+dp/hard\libstdc++_nano.a(eh_terminate.o) (abort)
d:/stm32cubeide_1.10.1/stm32cubeide/plugins/com.st.stm32cube.ide.mcu.externaltools.gnu-tools-for-stm32.10.3-2021.10.win32_1.0.0.202111181127/tools/bin/../lib/gcc/arm-none-eabi/10.3.1/../../../../arm-none-eabi/lib/thumb/v7e-m+dp/hard\libc_nano.a(lib_a-errno.o)
                              ./Core/Src/syscalls.o (__errno)
d:/stm32cubeide_1.10.1/stm32cubeide/plugins/com.st.stm32cube.ide.mcu.externaltools.gnu-tools-for-stm32.10.3-2021.10.win32_1.0.0.202111181127/tools/bin/../lib/gcc/arm-none-eabi/10.3.1/../../../../arm-none-eabi/lib/thumb/v7e-m+dp/hard\libc_nano.a(lib_a-exit.o)
                              d:/stm32cubeide_1.10.1/stm32cubeide/plugins/com.st.stm32cube.ide.mcu.externaltools.gnu-tools-for-stm32.10.3-2021.10.win32_1.0.0.202111181127/tools/bin/../lib/gcc/arm-none-eabi/10.3.1/../../../../arm-none-eabi/lib/thumb/v7e-m+dp/hard/crt0.o (exit)
d:/stm32cubeide_1.10.1/stm32cubeide/plugins/com.st.stm32cube.ide.mcu.externaltools.gnu-tools-for-stm32.10.3-2021.10.win32_1.0.0.202111181127/tools/bin/../lib/gcc/arm-none-eabi/10.3.1/../../../../arm-none-eabi/lib/thumb/v7e-m+dp/hard\libc_nano.a(lib_a-impure.o)
                              d:/stm32cubeide_1.10.1/stm32cubeide/plugins/com.st.stm32cube.ide.mcu.externaltools.gnu-tools-for-stm32.10.3-2021.10.win32_1.0.0.202111181127/tools/bin/../lib/gcc/arm-none-eabi/10.3.1/../../../../arm-none-eabi/lib/thumb/v7e-m+dp/hard\libc_nano.a(lib_a-exit.o) (_global_impure_ptr)
d:/stm32cubeide_1.10.1/stm32cubeide/plugins/com.st.stm32cube.ide.mcu.externaltools.gnu-tools-for-stm32.10.3-2021.10.win32_1.0.0.202111181127/tools/bin/../lib/gcc/arm-none-eabi/10.3.1/../../../../arm-none-eabi/lib/thumb/v7e-m+dp/hard\libc_nano.a(lib_a-init.o)
                              d:/stm32cubeide_1.10.1/stm32cubeide/plugins/com.st.stm32cube.ide.mcu.externaltools.gnu-tools-for-stm32.10.3-2021.10.win32_1.0.0.202111181127/tools/bin/../lib/gcc/arm-none-eabi/10.3.1/../../../../arm-none-eabi/lib/thumb/v7e-m+dp/hard/crt0.o (__libc_init_array)
d:/stm32cubeide_1.10.1/stm32cubeide/plugins/com.st.stm32cube.ide.mcu.externaltools.gnu-tools-for-stm32.10.3-2021.10.win32_1.0.0.202111181127/tools/bin/../lib/gcc/arm-none-eabi/10.3.1/../../../../arm-none-eabi/lib/thumb/v7e-m+dp/hard\libc_nano.a(lib_a-memcpy-stub.o)
[...]
Memory Configuration

Name             Origin             Length             Attributes
ITCMRAM          0x0000000000000000 0x0000000000010000 xrw
DTCMRAM          0x0000000020000000 0x0000000000020000 xrw
FLASH            0x0000000008000000 0x0000000000100000 xr
RAM_D1           0x0000000024000000 0x0000000000050000 xrw
RAM_D2           0x0000000030000000 0x0000000000008000 xrw
RAM_D3           0x0000000038000000 0x0000000000004000 xrw
*default*        0x0000000000000000 0xffffffffffffffff

Linker script and memory map

LOAD d:/stm32cubeide_1.10.1/stm32cubeide/plugins/com.st.stm32cube.ide.mcu.externaltools.gnu-tools-for-stm32.10.3-2021.10.win32_1.0.0.202111181127/tools/bin/../lib/gcc/arm-none-eabi/10.3.1/thumb/v7e-m+dp/hard/crti.o
LOAD d:/stm32cubeide_1.10.1/stm32cubeide/plugins/com.st.stm32cube.ide.mcu.externaltools.gnu-tools-for-stm32.10.3-2021.10.win32_1.0.0.202111181127/tools/bin/../lib/gcc/arm-none-eabi/10.3.1/thumb/v7e-m+dp/hard/crtbegin.o
LOAD d:/stm32cubeide_1.10.1/stm32cubeide/plugins/com.st.stm32cube.ide.mcu.externaltools.gnu-tools-for-stm32.10.3-2021.10.win32_1.0.0.202111181127/tools/bin/../lib/gcc/arm-none-eabi/10.3.1/../../../../arm-none-eabi/lib/thumb/v7e-m+dp/hard/crt0.o
LOAD ./Core/Inc/duration.o
LOAD ./Core/Inc/time.o
LOAD ./Core/Src/PID.o
LOAD ./Core/Src/main.o
LOAD ./Core/Src/mainpp.o
LOAD ./Core/Src/parameter.o
LOAD ./Core/Src/stm32h7xx_hal_msp.o
LOAD ./Core/Src/stm32h7xx_it.o
LOAD ./Core/Src/syscalls.o
LOAD ./Core/Src/sysmem.o
LOAD ./Core/Src/system_stm32h7xx.o
LOAD ./Core/Src/timing.o
LOAD ./Core/Startup/startup_stm32h723zgtx.o
LOAD ./Drivers/STM32H7xx_HAL_Driver/Src/stm32h7xx_hal.o
LOAD ./Drivers/STM32H7xx_HAL_Driver/Src/stm32h7xx_hal_cortex.o
LOAD ./Drivers/STM32H7xx_HAL_Driver/Src/stm32h7xx_hal_dma.o
LOAD ./Drivers/STM32H7xx_HAL_Driver/Src/stm32h7xx_hal_dma_ex.o
LOAD ./Drivers/STM32H7xx_HAL_Driver/Src/stm32h7xx_hal_exti.o
LOAD ./Drivers/STM32H7xx_HAL_Driver/Src/stm32h7xx_hal_flash.o
LOAD ./Drivers/STM32H7xx_HAL_Driver/Src/stm32h7xx_hal_flash_ex.o
LOAD ./Drivers/STM32H7xx_HAL_Driver/Src/stm32h7xx_hal_gpio.o
LOAD ./Drivers/STM32H7xx_HAL_Driver/Src/stm32h7xx_hal_hsem.o
LOAD ./Drivers/STM32H7xx_HAL_Driver/Src/stm32h7xx_hal_i2c.o
LOAD ./Drivers/STM32H7xx_HAL_Driver/Src/stm32h7xx_hal_i2c_ex.o
LOAD ./Drivers/STM32H7xx_HAL_Driver/Src/stm32h7xx_hal_mdma.o
LOAD ./Drivers/STM32H7xx_HAL_Driver/Src/stm32h7xx_hal_pwr.o
LOAD ./Drivers/STM32H7xx_HAL_Driver/Src/stm32h7xx_hal_pwr_ex.o
LOAD ./Drivers/STM32H7xx_HAL_Driver/Src/stm32h7xx_hal_rcc.o
LOAD ./Drivers/STM32H7xx_HAL_Driver/Src/stm32h7xx_hal_rcc_ex.o
LOAD ./Drivers/STM32H7xx_HAL_Driver/Src/stm32h7xx_hal_tim.o
LOAD ./Drivers/STM32H7xx_HAL_Driver/Src/stm32h7xx_hal_tim_ex.o
LOAD ./Drivers/STM32H7xx_HAL_Driver/Src/stm32h7xx_hal_uart.o
LOAD ./Drivers/STM32H7xx_HAL_Driver/Src/stm32h7xx_hal_uart_ex.o
START GROUP
LOAD d:/stm32cubeide_1.10.1/stm32cubeide/plugins/com.st.stm32cube.ide.mcu.externaltools.gnu-tools-for-stm32.10.3-2021.10.win32_1.0.0.202111181127/tools/bin/../lib/gcc/arm-none-eabi/10.3.1/../../../../arm-none-eabi/lib/thumb/v7e-m+dp/hard\libstdc++_nano.a
LOAD d:/stm32cubeide_1.10.1/stm32cubeide/plugins/com.st.stm32cube.ide.mcu.externaltools.gnu-tools-for-stm32.10.3-2021.10.win32_1.0.0.202111181127/tools/bin/../lib/gcc/arm-none-eabi/10.3.1/../../../../arm-none-eabi/lib/thumb/v7e-m+dp/hard\libsupc++_nano.a
END GROUP
LOAD d:/stm32cubeide_1.10.1/stm32cubeide/plugins/com.st.stm32cube.ide.mcu.externaltools.gnu-tools-for-stm32.10.3-2021.10.win32_1.0.0.202111181127/tools/bin/../lib/gcc/arm-none-eabi/10.3.1/../../../../arm-none-eabi/lib/thumb/v7e-m+dp/hard\libstdc++_nano.a
LOAD d:/stm32cubeide_1.10.1/stm32cubeide/plugins/com.st.stm32cube.ide.mcu.externaltools.gnu-tools-for-stm32.10.3-2021.10.win32_1.0.0.202111181127/tools/bin/../lib/gcc/arm-none-eabi/10.3.1/../../../../arm-none-eabi/lib/thumb/v7e-m+dp/hard\libm.a
LOAD d:/stm32cubeide_1.10.1/stm32cubeide/plugins/com.st.stm32cube.ide.mcu.externaltools.gnu-tools-for-stm32.10.3-2021.10.win32_1.0.0.202111181127/tools/bin/../lib/gcc/arm-none-eabi/10.3.1/../../../../arm-none-eabi/lib/thumb/v7e-m+dp/hard\libc_nano.a
START GROUP
LOAD d:/stm32cubeide_1.10.1/stm32cubeide/plugins/com.st.stm32cube.ide.mcu.externaltools.gnu-tools-for-stm32.10.3-2021.10.win32_1.0.0.202111181127/tools/bin/../lib/gcc/arm-none-eabi/10.3.1/thumb/v7e-m+dp/hard\libgcc.a
LOAD d:/stm32cubeide_1.10.1/stm32cubeide/plugins/com.st.stm32cube.ide.mcu.externaltools.gnu-tools-for-stm32.10.3-2021.10.win32_1.0.0.202111181127/tools/bin/../lib/gcc/arm-none-eabi/10.3.1/../../../../arm-none-eabi/lib/thumb/v7e-m+dp/hard\libc_nano.a
END GROUP
START GROUP
LOAD d:/stm32cubeide_1.10.1/stm32cubeide/plugins/com.st.stm32cube.ide.mcu.externaltools.gnu-tools-for-stm32.10.3-2021.10.win32_1.0.0.202111181127/tools/bin/../lib/gcc/arm-none-eabi/10.3.1/thumb/v7e-m+dp/hard\libgcc.a
LOAD d:/stm32cubeide_1.10.1/stm32cubeide/plugins/com.st.stm32cube.ide.mcu.externaltools.gnu-tools-for-stm32.10.3-2021.10.win32_1.0.0.202111181127/tools/bin/../lib/gcc/arm-none-eabi/10.3.1/../../../../arm-none-eabi/lib/thumb/v7e-m+dp/hard\libc_nano.a
LOAD d:/stm32cubeide_1.10.1/stm32cubeide/plugins/com.st.stm32cube.ide.mcu.externaltools.gnu-tools-for-stm32.10.3-2021.10.win32_1.0.0.202111181127/tools/bin/../lib/gcc/arm-none-eabi/10.3.1/../../../../arm-none-eabi/lib/thumb/v7e-m+dp/hard\libnosys.a
END GROUP
START GROUP
LOAD d:/stm32cubeide_1.10.1/stm32cubeide/plugins/com.st.stm32cube.ide.mcu.externaltools.gnu-tools-for-stm32.10.3-2021.10.win32_1.0.0.202111181127/tools/bin/../lib/gcc/arm-none-eabi/10.3.1/thumb/v7e-m+dp/hard\libgcc.a
LOAD d:/stm32cubeide_1.10.1/stm32cubeide/plugins/com.st.stm32cube.ide.mcu.externaltools.gnu-tools-for-stm32.10.3-2021.10.win32_1.0.0.202111181127/tools/bin/../lib/gcc/arm-none-eabi/10.3.1/../../../../arm-none-eabi/lib/thumb/v7e-m+dp/hard\libc_nano.a
LOAD d:/stm32cubeide_1.10.1/stm32cubeide/plugins/com.st.stm32cube.ide.mcu.externaltools.gnu-tools-for-stm32.10.3-2021.10.win32_1.0.0.202111181127/tools/bin/../lib/gcc/arm-none-eabi/10.3.1/../../../../arm-none-eabi/lib/thumb/v7e-m+dp/hard\libnosys.a
END GROUP
LOAD d:/stm32cubeide_1.10.1/stm32cubeide/plugins/com.st.stm32cube.ide.mcu.externaltools.gnu-tools-for-stm32.10.3-2021.10.win32_1.0.0.202111181127/tools/bin/../lib/gcc/arm-none-eabi/10.3.1/thumb/v7e-m+dp/hard/crtend.o
LOAD d:/stm32cubeide_1.10.1/stm32cubeide/plugins/com.st.stm32cube.ide.mcu.externaltools.gnu-tools-for-stm32.10.3-2021.10.win32_1.0.0.202111181127/tools/bin/../lib/gcc/arm-none-eabi/10.3.1/thumb/v7e-m+dp/hard/crtn.o
                0x0000000024050000                _estack = (ORIGIN (RAM_D1) + LENGTH (RAM_D1))
                0x0000000000000200                _Min_Heap_Size = 0x200
                0x0000000000000400                _Min_Stack_Size = 0x400

.isr_vector     0x0000000008000000      0x2cc
                0x0000000008000000                . = ALIGN (0x4)
 *(.isr_vector)
 .isr_vector    0x0000000008000000      0x2cc ./Core/Startup/startup_stm32h723zgtx.o
                0x0000000008000000                g_pfnVectors
                0x00000000080002cc                . = ALIGN (0x4)

.text           0x00000000080002cc     0xdfa8
                0x00000000080002cc                . = ALIGN (0x4)
 *(.text)
 .text          0x00000000080002cc       0x40 d:/stm32cubeide_1.10.1/stm32cubeide/plugins/com.st.stm32cube.ide.mcu.externaltools.gnu-tools-for-stm32.10.3-2021.10.win32_1.0.0.202111181127/tools/bin/../lib/gcc/arm-none-eabi/10.3.1/thumb/v7e-m+dp/hard/crtbegin.o
 .text          0x000000000800030c       0x10 d:/stm32cubeide_1.10.1/stm32cubeide/plugins/com.st.stm32cube.ide.mcu.externaltools.gnu-tools-for-stm32.10.3-2021.10.win32_1.0.0.202111181127/tools/bin/../lib/gcc/arm-none-eabi/10.3.1/../../../../arm-none-eabi/lib/thumb/v7e-m+dp/hard\libc_nano.a(lib_a-strlen.o)
                0x000000000800030c                strlen
 .text          0x000000000800031c       0x30 d:/stm32cubeide_1.10.1/stm32cubeide/plugins/com.st.stm32cube.ide.mcu.externaltools.gnu-tools-for-stm32.10.3-2021.10.win32_1.0.0.202111181127/tools/bin/../lib/gcc/arm-none-eabi/10.3.1/thumb/v7e-m+dp/hard\libgcc.a(_aeabi_uldivmod.o)
                0x000000000800031c                __aeabi_uldivmod
 .text          0x000000000800034c      0x2d0 d:/stm32cubeide_1.10.1/stm32cubeide/plugins/com.st.stm32cube.ide.mcu.externaltools.gnu-tools-for-stm32.10.3-2021.10.win32_1.0.0.202111181127/tools/bin/../lib/gcc/arm-none-eabi/10.3.1/thumb/v7e-m+dp/hard\libgcc.a(_udivmoddi4.o)
                0x000000000800034c                __udivmoddi4
 .text          0x000000000800061c        0x4 d:/stm32cubeide_1.10.1/stm32cubeide/plugins/com.st.stm32cube.ide.mcu.externaltools.gnu-tools-for-stm32.10.3-2021.10.win32_1.0.0.202111181127/tools/bin/../lib/gcc/arm-none-eabi/10.3.1/thumb/v7e-m+dp/hard\libgcc.a(_dvmd_tls.o)
                0x000000000800061c                __aeabi_idiv0
                0x000000000800061c                __aeabi_ldiv0
 *(.text*)
 .text._ZN3ros16normalizeSecNSecERmS0_
                0x0000000008000620       0x58 ./Core/Inc/time.o
                0x0000000008000620                ros::normalizeSecNSec(unsigned long&, unsigned long&)
 .text.main     0x0000000008000678       0xd0 ./Core/Src/main.o
                0x0000000008000678                main
 .text.SystemClock_Config
                0x0000000008000748       0xe4 ./Core/Src/main.o
                0x0000000008000748                SystemClock_Config
 .text.MX_TIM2_Init
                0x000000000800082c       0x9c ./Core/Src/main.o
 .text.MX_TIM3_Init
                0x00000000080008c8       0xac ./Core/Src/main.o
 .text.MX_TIM4_Init
                0x0000000008000974       0xac ./Core/Src/main.o
 .text.MX_TIM5_Init
                0x0000000008000a20       0x9c ./Core/Src/main.o
 .text.MX_TIM8_Init
                0x0000000008000abc      0x138 ./Core/Src/main.o
 .text.MX_TIM15_Init
                0x0000000008000bf4      0x124 ./Core/Src/main.o
 .text.MX_TIM23_Init
                0x0000000008000d18       0xac ./Core/Src/main.o
 .text.MX_TIM24_Init
                0x0000000008000dc4       0xac ./Core/Src/main.o
 .text.MX_USART10_UART_Init
                0x0000000008000e70       0x98 ./Core/Src/main.o
 .text.MX_DMA_Init
                0x0000000008000f08       0x50 ./Core/Src/main.o
 .text.MX_GPIO_Init
                0x0000000008000f58      0x180 ./Core/Src/main.o
 .text.Error_Handler
                0x00000000080010d8        0xa ./Core/Src/main.o
                0x00000000080010d8                Error_Handler
 .text._ZN3ros4TimeC2Ev
                0x00000000080010e2       0x22 ./Core/Src/mainpp.o
                0x00000000080010e2                ros::Time::Time()
                0x00000000080010e2                ros::Time::Time()
 .text._ZN3ros3MsgC2Ev
                0x0000000008001104       0x20 ./Core/Src/mainpp.o
                0x0000000008001104                ros::Msg::Msg()
                0x0000000008001104                ros::Msg::Msg()
 .text._ZN8std_msgs4TimeC2Ev
                0x0000000008001124       0x30 ./Core/Src/mainpp.o
                0x0000000008001124                std_msgs::Time::Time()
                0x0000000008001124                std_msgs::Time::Time()
 .text._ZNK8std_msgs4Time9serializeEPh
                0x0000000008001154       0xb0 ./Core/Src/mainpp.o
                0x0000000008001154                std_msgs::Time::serialize(unsigned char*) const
 .text._ZN8std_msgs4Time11deserializeEPh
                0x0000000008001204       0xc8 ./Core/Src/mainpp.o
                0x0000000008001204                std_msgs::Time::deserialize(unsigned char*)
 .text._ZN8std_msgs4Time7getTypeEv
                0x00000000080012cc       0x1c ./Core/Src/mainpp.o
                0x00000000080012cc                std_msgs::Time::getType()
 .text._ZN8std_msgs4Time6getMD5Ev
                0x00000000080012e8       0x1c ./Core/Src/mainpp.o
                0x00000000080012e8                std_msgs::Time::getMD5()
 .text._ZN14rosserial_msgs9TopicInfoC2Ev
                0x0000000008001304       0x48 ./Core/Src/mainpp.o
                0x0000000008001304                rosserial_msgs::TopicInfo::TopicInfo()
                0x0000000008001304                rosserial_msgs::TopicInfo::TopicInfo()
 .text._ZNK14rosserial_msgs9TopicInfo9serializeEPh
                0x000000000800134c      0x136 ./Core/Src/mainpp.o
                0x000000000800134c                rosserial_msgs::TopicInfo::serialize(unsigned char*) const
 .text._ZN14rosserial_msgs9TopicInfo11deserializeEPh
                0x0000000008001482      0x1d0 ./Core/Src/mainpp.o
                0x0000000008001482                rosserial_msgs::TopicInfo::deserialize(unsigned char*)
 *fill*         0x0000000008001652        0x2 
 .text._ZN14rosserial_msgs9TopicInfo7getTypeEv
                0x0000000008001654       0x1c ./Core/Src/mainpp.o
                0x0000000008001654                rosserial_msgs::TopicInfo::getType()
 .text._ZN14rosserial_msgs9TopicInfo6getMD5Ev
                0x0000000008001670       0x1c ./Core/Src/mainpp.o
                0x0000000008001670                rosserial_msgs::TopicInfo::getMD5()
 .text._ZN14rosserial_msgs3LogC2Ev
                0x000000000800168c       0x34 ./Core/Src/mainpp.o
                0x000000000800168c                rosserial_msgs::Log::Log()
                0x000000000800168c                rosserial_msgs::Log::Log()
 .text._ZNK14rosserial_msgs3Log9serializeEPh
                0x00000000080016c0       0x64 ./Core/Src/mainpp.o
                0x00000000080016c0                rosserial_msgs::Log::serialize(unsigned char*) const
 .text._ZN14rosserial_msgs3Log11deserializeEPh
                0x0000000008001724       0x90 ./Core/Src/mainpp.o
                0x0000000008001724                rosserial_msgs::Log::deserialize(unsigned char*)
 .text._ZN14rosserial_msgs3Log7getTypeEv
                0x00000000080017b4       0x1c ./Core/Src/mainpp.o
                0x00000000080017b4                rosserial_msgs::Log::getType()
 .text._ZN14rosserial_msgs3Log6getMD5Ev
                0x00000000080017d0       0x1c ./Core/Src/mainpp.o
                0x00000000080017d0                rosserial_msgs::Log::getMD5()
 .text._ZN14rosserial_msgs20RequestParamResponseC2Ev
                0x00000000080017ec       0x48 ./Core/Src/mainpp.o
                0x00000000080017ec                rosserial_msgs::RequestParamResponse::RequestParamResponse()
                0x00000000080017ec                rosserial_msgs::RequestParamResponse::RequestParamResponse()
 .text._ZNK14rosserial_msgs20RequestParamResponse9serializeEPh
                0x0000000008001834      0x222 ./Core/Src/mainpp.o
                0x0000000008001834                rosserial_msgs::RequestParamResponse::serialize(unsigned char*) const
 .text._ZN14rosserial_msgs20RequestParamResponse11deserializeEPh
                0x0000000008001a56      0x2e2 ./Core/Src/mainpp.o
                0x0000000008001a56                rosserial_msgs::RequestParamResponse::deserialize(unsigned char*)
 .text._ZN14rosserial_msgs20RequestParamResponse7getTypeEv
                0x0000000008001d38       0x1c ./Core/Src/mainpp.o
                0x0000000008001d38                rosserial_msgs::RequestParamResponse::getType()
 .text._ZN14rosserial_msgs20RequestParamResponse6getMD5Ev
                0x0000000008001d54       0x1c ./Core/Src/mainpp.o
                0x0000000008001d54                rosserial_msgs::RequestParamResponse::getMD5()
 .text._ZN3ros9PublisherC2EPKcPNS_3MsgEi
                0x0000000008001d70       0x2e ./Core/Src/mainpp.o
                0x0000000008001d70                ros::Publisher::Publisher(char const*, ros::Msg*, int)
                0x0000000008001d70                ros::Publisher::Publisher(char const*, ros::Msg*, int)
 .text._ZN3ros9Publisher7publishEPKNS_3MsgE
                0x0000000008001d9e       0x28 ./Core/Src/mainpp.o
                0x0000000008001d9e                ros::Publisher::publish(ros::Msg const*)
 .text._ZN3ros9Publisher15getEndpointTypeEv
                0x0000000008001dc6       0x18 ./Core/Src/mainpp.o
                0x0000000008001dc6                ros::Publisher::getEndpointType()
 *fill*         0x0000000008001dde        0x2 
 .text._ZN13STM32Hardware10getRdmaIndEv
                0x0000000008001de0      0x15c ./Core/Src/mainpp.o
                0x0000000008001de0                STM32Hardware::getRdmaInd()
 .text._ZN13STM32HardwareC2Ev
                0x0000000008001f3c       0x38 ./Core/Src/mainpp.o
                0x0000000008001f3c                STM32Hardware::STM32Hardware()
                0x0000000008001f3c                STM32Hardware::STM32Hardware()
 .text._ZN13STM32Hardware4initEv
                0x0000000008001f74       0x16 ./Core/Src/mainpp.o
                0x0000000008001f74                STM32Hardware::init()
 .text._ZN13STM32Hardware10reset_rbufEv
                0x0000000008001f8a       0x22 ./Core/Src/mainpp.o
                0x0000000008001f8a                STM32Hardware::reset_rbuf()
 .text._ZN13STM32Hardware4readEv
                0x0000000008001fac       0x5a ./Core/Src/mainpp.o
                0x0000000008001fac                STM32Hardware::read()
 *fill*         0x0000000008002006        0x2 
 .text._ZN13STM32Hardware5flushEv
                0x0000000008002008       0xb8 ./Core/Src/mainpp.o
                0x0000000008002008                STM32Hardware::flush()
 .text._ZN13STM32Hardware5writeEPhi
                0x00000000080020c0       0x8c ./Core/Src/mainpp.o
                0x00000000080020c0                STM32Hardware::write(unsigned char*, int)
 .text._ZN13STM32Hardware4timeEv
                0x000000000800214c       0x16 ./Core/Src/mainpp.o
                0x000000000800214c                STM32Hardware::time()
 *fill*         0x0000000008002162        0x2 
 .text._ZN13geometry_msgs7Vector3C2Ev
                0x0000000008002164       0x50 ./Core/Src/mainpp.o
                0x0000000008002164                geometry_msgs::Vector3::Vector3()
                0x0000000008002164                geometry_msgs::Vector3::Vector3()
 .text._ZNK13geometry_msgs7Vector39serializeEPh
                0x00000000080021b4      0x2e6 ./Core/Src/mainpp.o
                0x00000000080021b4                geometry_msgs::Vector3::serialize(unsigned char*) const
 .text._ZN13geometry_msgs7Vector311deserializeEPh
                0x000000000800249a      0x6be ./Core/Src/mainpp.o
                0x000000000800249a                geometry_msgs::Vector3::deserialize(unsigned char*)
 .text._ZN13geometry_msgs7Vector37getTypeEv
                0x0000000008002b58       0x1c ./Core/Src/mainpp.o
                0x0000000008002b58                geometry_msgs::Vector3::getType()
 .text._ZN13geometry_msgs7Vector36getMD5Ev
                0x0000000008002b74       0x1c ./Core/Src/mainpp.o
                0x0000000008002b74                geometry_msgs::Vector3::getMD5()
 .text._ZN13geometry_msgs5TwistC2Ev
                0x0000000008002b90       0x38 ./Core/Src/mainpp.o
                0x0000000008002b90                geometry_msgs::Twist::Twist()
                0x0000000008002b90                geometry_msgs::Twist::Twist()
 .text._ZNK13geometry_msgs5Twist9serializeEPh
                0x0000000008002bc8       0x4c ./Core/Src/mainpp.o
                0x0000000008002bc8                geometry_msgs::Twist::serialize(unsigned char*) const
 .text._ZN13geometry_msgs5Twist11deserializeEPh
                0x0000000008002c14       0x4c ./Core/Src/mainpp.o
                0x0000000008002c14                geometry_msgs::Twist::deserialize(unsigned char*)
 .text._ZN13geometry_msgs5Twist7getTypeEv
                0x0000000008002c60       0x1c ./Core/Src/mainpp.o
                0x0000000008002c60                geometry_msgs::Twist::getType()
 .text._ZN13geometry_msgs5Twist6getMD5Ev
                0x0000000008002c7c       0x1c ./Core/Src/mainpp.o
                0x0000000008002c7c                geometry_msgs::Twist::getMD5()
 .text._Z8callbackRKN13geometry_msgs5TwistE
                0x0000000008002c98       0x44 ./Core/Src/mainpp.o
                0x0000000008002c98                callback(geometry_msgs::Twist const&)
 .text.interPub
                0x0000000008002cdc       0x64 ./Core/Src/mainpp.o
                0x0000000008002cdc                interPub
 .text._Z13Error_Handlerv
                0x0000000008002d40        0xa ./Core/Src/mainpp.o
                0x0000000008002d40                Error_Handler()
 *fill*         0x0000000008002d4a        0x2 
 .text._ZL20MX_USART10_UART_Initv
                0x0000000008002d4c       0xc0 ./Core/Src/mainpp.o
 .text.HAL_UART_ErrorCallback
                0x0000000008002e0c       0x70 ./Core/Src/mainpp.o
                0x0000000008002e0c                HAL_UART_ErrorCallback
 .text.HAL_UART_TxCpltCallback
                0x0000000008002e7c       0x24 ./Core/Src/mainpp.o
                0x0000000008002e7c                HAL_UART_TxCpltCallback
 .text.HAL_UART_RxCpltCallback
                0x0000000008002ea0       0x24 ./Core/Src/mainpp.o
                0x0000000008002ea0                HAL_UART_RxCpltCallback
 .text.setup    0x0000000008002ec4       0x2c ./Core/Src/mainpp.o
                0x0000000008002ec4                setup
 .text.loop     0x0000000008002ef0       0x14 ./Core/Src/mainpp.o
                0x0000000008002ef0                loop
 .text._ZN3ros3Msg8varToArrIPhmEEvT_T0_
                0x0000000008002f04       0x3c ./Core/Src/mainpp.o
                0x0000000008002f04                void ros::Msg::varToArr<unsigned char*, unsigned long>(unsigned char*, unsigned long)
 .text._ZN3ros3Msg8arrToVarImPhEEvRT_T0_
                0x0000000008002f40       0x4a ./Core/Src/mainpp.o
                0x0000000008002f40                void ros::Msg::arrToVar<unsigned long, unsigned char*>(unsigned long&, unsigned char*)
 *fill*         0x0000000008002f8a        0x2 
 .text._ZN3ros15NodeHandleBase_C2Ev
                0x0000000008002f8c       0x20 ./Core/Src/mainpp.o
                0x0000000008002f8c                ros::NodeHandleBase_::NodeHandleBase_()
                0x0000000008002f8c                ros::NodeHandleBase_::NodeHandleBase_()
 .text._ZN3ros11NodeHandle_I13STM32HardwareLi25ELi25ELi512ELi512EEC2Ev
                0x0000000008002fac      0x100 ./Core/Src/mainpp.o
                0x0000000008002fac                ros::NodeHandle_<STM32Hardware, 25, 25, 512, 512>::NodeHandle_()
                0x0000000008002fac                ros::NodeHandle_<STM32Hardware, 25, 25, 512, 512>::NodeHandle_()
 .text._ZN3ros11Subscriber_C2Ev
                0x00000000080030ac       0x20 ./Core/Src/mainpp.o
                0x00000000080030ac                ros::Subscriber_::Subscriber_()
                0x00000000080030ac                ros::Subscriber_::Subscriber_()
 .text._ZN3ros10SubscriberIN13geometry_msgs5TwistEvEC2EPKcPFvRKS2_Ei
                0x00000000080030cc       0x48 ./Core/Src/mainpp.o
                0x00000000080030cc                ros::Subscriber<geometry_msgs::Twist, void>::Subscriber(char const*, void (*)(geometry_msgs::Twist const&), int)
                0x00000000080030cc                ros::Subscriber<geometry_msgs::Twist, void>::Subscriber(char const*, void (*)(geometry_msgs::Twist const&), int)
 .text._ZN3ros11NodeHandle_I13STM32HardwareLi25ELi25ELi512ELi512EE11getHardwareEv
                0x0000000008003114       0x18 ./Core/Src/mainpp.o
                0x0000000008003114                ros::NodeHandle_<STM32Hardware, 25, 25, 512, 512>::getHardware()
 .text._ZN3ros11NodeHandle_I13STM32HardwareLi25ELi25ELi512ELi512EE8initNodeEv
                0x000000000800312c       0x3a ./Core/Src/mainpp.o
                0x000000000800312c                ros::NodeHandle_<STM32Hardware, 25, 25, 512, 512>::initNode()
 .text._ZN3ros11NodeHandle_I13STM32HardwareLi25ELi25ELi512ELi512EE9subscribeINS_10SubscriberIN13geometry_msgs5TwistEvEEEEbRT_
                0x0000000008003166       0x56 ./Core/Src/mainpp.o
                0x0000000008003166                bool ros::NodeHandle_<STM32Hardware, 25, 25, 512, 512>::subscribe<ros::Subscriber<geometry_msgs::Twist, void> >(ros::Subscriber<geometry_msgs::Twist, void>&)
 .text._ZN3ros11NodeHandle_I13STM32HardwareLi25ELi25ELi512ELi512EE9advertiseERNS_9PublisherE
                0x00000000080031bc       0x60 ./Core/Src/mainpp.o
                0x00000000080031bc                ros::NodeHandle_<STM32Hardware, 25, 25, 512, 512>::advertise(ros::Publisher&)
 .text._ZN3ros11NodeHandle_I13STM32HardwareLi25ELi25ELi512ELi512EE8spinOnceEv
                0x000000000800321c      0x3b2 ./Core/Src/mainpp.o
                0x000000000800321c                ros::NodeHandle_<STM32Hardware, 25, 25, 512, 512>::spinOnce()
 .text._ZN3ros11NodeHandle_I13STM32HardwareLi25ELi25ELi512ELi512EE15requestSyncTimeEv
                0x00000000080035ce       0x3c ./Core/Src/mainpp.o
                0x00000000080035ce                ros::NodeHandle_<STM32Hardware, 25, 25, 512, 512>::requestSyncTime()
 .text._ZN3ros11NodeHandle_I13STM32HardwareLi25ELi25ELi512ELi512EE15negotiateTopicsEv
                0x000000000800360a      0x1be ./Core/Src/mainpp.o
                0x000000000800360a                ros::NodeHandle_<STM32Hardware, 25, 25, 512, 512>::negotiateTopics()
 .text._ZN3ros11NodeHandle_I13STM32HardwareLi25ELi25ELi512ELi512EE8syncTimeEPh
                0x00000000080037c8       0x98 ./Core/Src/mainpp.o
                0x00000000080037c8                ros::NodeHandle_<STM32Hardware, 25, 25, 512, 512>::syncTime(unsigned char*)
 .text._ZN3ros11NodeHandle_I13STM32HardwareLi25ELi25ELi512ELi512EE7publishEiPKNS_3MsgE
                0x0000000008003860      0x128 ./Core/Src/mainpp.o
                0x0000000008003860                ros::NodeHandle_<STM32Hardware, 25, 25, 512, 512>::publish(int, ros::Msg const*)
 .text._ZN3ros11NodeHandle_I13STM32HardwareLi25ELi25ELi512ELi512EE6setNowERNS_4TimeE
                0x0000000008003988       0x80 ./Core/Src/mainpp.o
                0x0000000008003988                ros::NodeHandle_<STM32Hardware, 25, 25, 512, 512>::setNow(ros::Time&)
 .text._ZN3ros11NodeHandle_I13STM32HardwareLi25ELi25ELi512ELi512EE8logerrorEPKc
                0x0000000008003a08       0x1c ./Core/Src/mainpp.o
                0x0000000008003a08                ros::NodeHandle_<STM32Hardware, 25, 25, 512, 512>::logerror(char const*)
 .text._ZN3ros11NodeHandle_I13STM32HardwareLi25ELi25ELi512ELi512EE3logEcPKc
                0x0000000008003a24       0x38 ./Core/Src/mainpp.o
                0x0000000008003a24                ros::NodeHandle_<STM32Hardware, 25, 25, 512, 512>::log(char, char const*)
 .text._Z41__static_initialization_and_destruction_0ii
                0x0000000008003a5c       0x64 ./Core/Src/mainpp.o
 .text._ZN3ros10SubscriberIN13geometry_msgs5TwistEvE8callbackEPh
                0x0000000008003ac0       0x2a ./Core/Src/mainpp.o
                0x0000000008003ac0                ros::Subscriber<geometry_msgs::Twist, void>::callback(unsigned char*)
 .text._ZN3ros10SubscriberIN13geometry_msgs5TwistEvE15getEndpointTypeEv
                0x0000000008003aea       0x18 ./Core/Src/mainpp.o
                0x0000000008003aea                ros::Subscriber<geometry_msgs::Twist, void>::getEndpointType()
 .text._ZN3ros10SubscriberIN13geometry_msgs5TwistEvE10getMsgTypeEv
                0x0000000008003b02       0x1c ./Core/Src/mainpp.o
                0x0000000008003b02                ros::Subscriber<geometry_msgs::Twist, void>::getMsgType()
 .text._ZN3ros10SubscriberIN13geometry_msgs5TwistEvE9getMsgMD5Ev
                0x0000000008003b1e       0x1c ./Core/Src/mainpp.o
                0x0000000008003b1e                ros::Subscriber<geometry_msgs::Twist, void>::getMsgMD5()
 .text._ZN3ros11NodeHandle_I13STM32HardwareLi25ELi25ELi512ELi512EE9connectedEv
                0x0000000008003b3a       0x1a ./Core/Src/mainpp.o
                0x0000000008003b3a                ros::NodeHandle_<STM32Hardware, 25, 25, 512, 512>::connected()
 .text._GLOBAL__sub_I_nh
                0x0000000008003b54       0x10 ./Core/Src/mainpp.o
 .text.HAL_MspInit
                0x0000000008003b64       0x40 ./Core/Src/stm32h7xx_hal_msp.o
                0x0000000008003b64                HAL_MspInit
 .text.HAL_TIM_Base_MspInit
                0x0000000008003ba4       0x8c ./Core/Src/stm32h7xx_hal_msp.o
                0x0000000008003ba4                HAL_TIM_Base_MspInit
 .text.HAL_TIM_Encoder_MspInit
                0x0000000008003c30      0x1e4 ./Core/Src/stm32h7xx_hal_msp.o
                0x0000000008003c30                HAL_TIM_Encoder_MspInit
 .text.HAL_TIM_PWM_MspInit
                0x0000000008003e14       0x74 ./Core/Src/stm32h7xx_hal_msp.o
                0x0000000008003e14                HAL_TIM_PWM_MspInit
 .text.HAL_TIM_MspPostInit
                0x0000000008003e88      0x10c ./Core/Src/stm32h7xx_hal_msp.o
                0x0000000008003e88                HAL_TIM_MspPostInit
 .text.HAL_UART_MspInit
                0x0000000008003f94      0x1d0 ./Core/Src/stm32h7xx_hal_msp.o
                0x0000000008003f94                HAL_UART_MspInit
 .text.HAL_UART_MspDeInit
                0x0000000008004164       0x58 ./Core/Src/stm32h7xx_hal_msp.o
                0x0000000008004164                HAL_UART_MspDeInit
 .text.NMI_Handler
                0x00000000080041bc        0x6 ./Core/Src/stm32h7xx_it.o
                0x00000000080041bc                NMI_Handler
 .text.HardFault_Handler
                0x00000000080041c2        0x6 ./Core/Src/stm32h7xx_it.o
                0x00000000080041c2                HardFault_Handler
 .text.MemManage_Handler
                0x00000000080041c8        0x6 ./Core/Src/stm32h7xx_it.o
                0x00000000080041c8                MemManage_Handler
 .text.BusFault_Handler
                0x00000000080041ce        0x6 ./Core/Src/stm32h7xx_it.o
                0x00000000080041ce                BusFault_Handler
 .text.UsageFault_Handler
                0x00000000080041d4        0x6 ./Core/Src/stm32h7xx_it.o
                0x00000000080041d4                UsageFault_Handler
 .text.SVC_Handler
                0x00000000080041da        0xe ./Core/Src/stm32h7xx_it.o
                0x00000000080041da                SVC_Handler
 .text.DebugMon_Handler
                0x00000000080041e8        0xe ./Core/Src/stm32h7xx_it.o
                0x00000000080041e8                DebugMon_Handler
 .text.PendSV_Handler
                0x00000000080041f6        0xe ./Core/Src/stm32h7xx_it.o
                0x00000000080041f6                PendSV_Handler
 .text.SysTick_Handler
                0x0000000008004204        0xc ./Core/Src/stm32h7xx_it.o
                0x0000000008004204                SysTick_Handler
 .text.RCC_IRQHandler
                0x0000000008004210        0xe ./Core/Src/stm32h7xx_it.o
                0x0000000008004210                RCC_IRQHandler
 *fill*         0x000000000800421e        0x2 
 .text.DMA1_Stream0_IRQHandler
                0x0000000008004220       0x14 ./Core/Src/stm32h7xx_it.o
                0x0000000008004220                DMA1_Stream0_IRQHandler
 .text.DMA1_Stream1_IRQHandler
                0x0000000008004234       0x14 ./Core/Src/stm32h7xx_it.o
                0x0000000008004234                DMA1_Stream1_IRQHandler
 .text.TIM2_IRQHandler
                0x0000000008004248       0x14 ./Core/Src/stm32h7xx_it.o
                0x0000000008004248                TIM2_IRQHandler
 .text.EXTI15_10_IRQHandler
                0x000000000800425c       0x10 ./Core/Src/stm32h7xx_it.o
                0x000000000800425c                EXTI15_10_IRQHandler
 .text.TIM5_IRQHandler
                0x000000000800426c       0x14 ./Core/Src/stm32h7xx_it.o
                0x000000000800426c                TIM5_IRQHandler
 .text.USART10_IRQHandler
                0x0000000008004280       0x14 ./Core/Src/stm32h7xx_it.o
                0x0000000008004280                USART10_IRQHandler
 .text._getpid  0x0000000008004294       0x10 ./Core/Src/syscalls.o
                0x0000000008004294                _getpid
 .text._kill    0x00000000080042a4       0x20 ./Core/Src/syscalls.o
                0x00000000080042a4                _kill
 .text._exit    0x00000000080042c4       0x14 ./Core/Src/syscalls.o
                0x00000000080042c4                _exit
 .text._sbrk    0x00000000080042d8       0x6c ./Core/Src/sysmem.o
                0x00000000080042d8                _sbrk
 .text.SystemInit
                0x0000000008004344       0xf0 ./Core/Src/system_stm32h7xx.o
                0x0000000008004344                SystemInit
 .text.HAL_TIM_PeriodElapsedCallback
                0x0000000008004434       0x1e ./Core/Src/timing.o
                0x0000000008004434                HAL_TIM_PeriodElapsedCallback
 *fill*         0x0000000008004452        0x2 
 .text.Reset_Handler
                0x0000000008004454       0x50 ./Core/Startup/startup_stm32h723zgtx.o
                0x0000000008004454                Reset_Handler
 .text.Default_Handler
                0x00000000080044a4        0x2 ./Core/Startup/startup_stm32h723zgtx.o
                0x00000000080044a4                RTC_Alarm_IRQHandler
                0x00000000080044a4                EXTI2_IRQHandler
                0x00000000080044a4                TIM8_CC_IRQHandler
                0x00000000080044a4                UART8_IRQHandler
                0x00000000080044a4                SPI4_IRQHandler
                0x00000000080044a4                FDCAN3_IT0_IRQHandler
                0x00000000080044a4                TIM1_CC_IRQHandler
                0x00000000080044a4                BDMA_Channel6_IRQHandler
                0x00000000080044a4                DMA2_Stream5_IRQHandler
                0x00000000080044a4                DMA1_Stream5_IRQHandler
                0x00000000080044a4                CORDIC_IRQHandler
                0x00000000080044a4                BDMA_Channel1_IRQHandler
                0x00000000080044a4                TAMP_STAMP_IRQHandler
                0x00000000080044a4                EXTI3_IRQHandler
                0x00000000080044a4                LPTIM4_IRQHandler
                0x00000000080044a4                TIM8_TRG_COM_TIM14_IRQHandler
                0x00000000080044a4                LPTIM2_IRQHandler
                0x00000000080044a4                DFSDM1_FLT1_IRQHandler
                0x00000000080044a4                DMAMUX2_OVR_IRQHandler
                0x00000000080044a4                TIM8_UP_TIM13_IRQHandler
                0x00000000080044a4                I2C3_ER_IRQHandler
                0x00000000080044a4                DFSDM1_FLT2_IRQHandler
                0x00000000080044a4                I2C5_EV_IRQHandler
                0x00000000080044a4                MDMA_IRQHandler
                0x00000000080044a4                LPTIM3_IRQHandler
                0x00000000080044a4                HSEM1_IRQHandler
                0x00000000080044a4                EXTI0_IRQHandler
                0x00000000080044a4                I2C2_EV_IRQHandler
                0x00000000080044a4                DMA1_Stream2_IRQHandler
                0x00000000080044a4                FPU_IRQHandler
                0x00000000080044a4                OTG_HS_WKUP_IRQHandler
                0x00000000080044a4                FDCAN1_IT1_IRQHandler
                0x00000000080044a4                LTDC_ER_IRQHandler
                0x00000000080044a4                DMA2_Stream2_IRQHandler
                0x00000000080044a4                SPI1_IRQHandler
                0x00000000080044a4                OCTOSPI1_IRQHandler
                0x00000000080044a4                TIM6_DAC_IRQHandler
                0x00000000080044a4                DMA2_Stream3_IRQHandler
                0x00000000080044a4                OCTOSPI2_IRQHandler
                0x00000000080044a4                DFSDM1_FLT3_IRQHandler
                0x00000000080044a4                TIM23_IRQHandler
                0x00000000080044a4                USART6_IRQHandler
                0x00000000080044a4                TIM17_IRQHandler
                0x00000000080044a4                USART3_IRQHandler
                0x00000000080044a4                BDMA_Channel7_IRQHandler
                0x00000000080044a4                LPTIM5_IRQHandler
                0x00000000080044a4                UART5_IRQHandler
                0x00000000080044a4                ADC3_IRQHandler
                0x00000000080044a4                DMA2_Stream0_IRQHandler
                0x00000000080044a4                TIM4_IRQHandler
                0x00000000080044a4                BDMA_Channel2_IRQHandler
                0x00000000080044a4                I2C1_EV_IRQHandler
                0x00000000080044a4                DMA1_Stream6_IRQHandler
                0x00000000080044a4                DMAMUX1_OVR_IRQHandler
                0x00000000080044a4                TIM16_IRQHandler
                0x00000000080044a4                UART4_IRQHandler
                0x00000000080044a4                BDMA_Channel5_IRQHandler
                0x00000000080044a4                TIM3_IRQHandler
                0x00000000080044a4                UART9_IRQHandler
                0x00000000080044a4                TIM8_BRK_TIM12_IRQHandler
                0x00000000080044a4                TIM1_TRG_COM_IRQHandler
                0x00000000080044a4                Default_Handler
                0x00000000080044a4                ECC_IRQHandler
                0x00000000080044a4                FMAC_IRQHandler
                0x00000000080044a4                CEC_IRQHandler
                0x00000000080044a4                BDMA_Channel0_IRQHandler
                0x00000000080044a4                ADC_IRQHandler
                0x00000000080044a4                I2C5_ER_IRQHandler
                0x00000000080044a4                DMA1_Stream7_IRQHandler
                0x00000000080044a4                SPI5_IRQHandler
                0x00000000080044a4                TIM7_IRQHandler
                0x00000000080044a4                FDCAN3_IT1_IRQHandler
                0x00000000080044a4                SDMMC1_IRQHandler
                0x00000000080044a4                DMA2_Stream7_IRQHandler
                0x00000000080044a4                TIM15_IRQHandler
                0x00000000080044a4                PVD_AVD_IRQHandler
                0x00000000080044a4                I2C3_EV_IRQHandler
                0x00000000080044a4                EXTI9_5_IRQHandler
                0x00000000080044a4                RTC_WKUP_IRQHandler
                0x00000000080044a4                LTDC_IRQHandler
                0x00000000080044a4                ETH_WKUP_IRQHandler
                0x00000000080044a4                SPDIF_RX_IRQHandler
                0x00000000080044a4                SPI2_IRQHandler
                0x00000000080044a4                OTG_HS_EP1_IN_IRQHandler
                0x00000000080044a4                TIM24_IRQHandler
                0x00000000080044a4                CRS_IRQHandler
                0x00000000080044a4                EXTI4_IRQHandler
                0x00000000080044a4                RNG_IRQHandler
                0x00000000080044a4                FDCAN2_IT1_IRQHandler
                0x00000000080044a4                ETH_IRQHandler
                0x00000000080044a4                TIM1_UP_IRQHandler
                0x00000000080044a4                BDMA_Channel4_IRQHandler
                0x00000000080044a4                OTG_HS_EP1_OUT_IRQHandler
                0x00000000080044a4                WWDG_IRQHandler
                0x00000000080044a4                SPI6_IRQHandler
                0x00000000080044a4                MDIOS_IRQHandler
                0x00000000080044a4                I2C4_EV_IRQHandler
                0x00000000080044a4                FDCAN2_IT0_IRQHandler
                0x00000000080044a4                LPUART1_IRQHandler
                0x00000000080044a4                FDCAN1_IT0_IRQHandler
                0x00000000080044a4                OTG_HS_IRQHandler
                0x00000000080044a4                DMA2D_IRQHandler
                0x00000000080044a4                TIM1_BRK_IRQHandler
                0x00000000080044a4                EXTI1_IRQHandler
                0x00000000080044a4                SDMMC2_IRQHandler
                0x00000000080044a4                BDMA_Channel3_IRQHandler
                0x00000000080044a4                DTS_IRQHandler
                0x00000000080044a4                UART7_IRQHandler
                0x00000000080044a4                MDIOS_WKUP_IRQHandler
                0x00000000080044a4                USART2_IRQHandler
                0x00000000080044a4                DFSDM1_FLT0_IRQHandler
                0x00000000080044a4                SAI4_IRQHandler
                0x00000000080044a4                I2C2_ER_IRQHandler
                0x00000000080044a4                DMA2_Stream1_IRQHandler
                0x00000000080044a4                FLASH_IRQHandler
                0x00000000080044a4                DMA2_Stream4_IRQHandler
                0x00000000080044a4                USART1_IRQHandler
                0x00000000080044a4                SPI3_IRQHandler
                0x00000000080044a4                WAKEUP_PIN_IRQHandler
                0x00000000080044a4                DMA1_Stream4_IRQHandler
                0x00000000080044a4                I2C1_ER_IRQHandler
                0x00000000080044a4                FMC_IRQHandler
                0x00000000080044a4                FDCAN_CAL_IRQHandler
                0x00000000080044a4                SWPMI1_IRQHandler
                0x00000000080044a4                COMP1_IRQHandler
                0x00000000080044a4                LPTIM1_IRQHandler
                0x00000000080044a4                DCMI_PSSI_IRQHandler
                0x00000000080044a4                I2C4_ER_IRQHandler
                0x00000000080044a4                DMA2_Stream6_IRQHandler
                0x00000000080044a4                SAI1_IRQHandler
                0x00000000080044a4                DMA1_Stream3_IRQHandler
 *fill*         0x00000000080044a6        0x2 
 .text.HAL_Init
                0x00000000080044a8       0x78 ./Drivers/STM32H7xx_HAL_Driver/Src/stm32h7xx_hal.o
                0x00000000080044a8                HAL_Init
 .text.HAL_InitTick
                0x0000000008004520       0x6c ./Drivers/STM32H7xx_HAL_Driver/Src/stm32h7xx_hal.o
                0x0000000008004520                HAL_InitTick
 .text.HAL_IncTick
                0x000000000800458c       0x28 ./Drivers/STM32H7xx_HAL_Driver/Src/stm32h7xx_hal.o
                0x000000000800458c                HAL_IncTick
 .text.HAL_GetTick
                0x00000000080045b4       0x18 ./Drivers/STM32H7xx_HAL_Driver/Src/stm32h7xx_hal.o
                0x00000000080045b4                HAL_GetTick
 .text.__NVIC_SetPriorityGrouping
                0x00000000080045cc       0x48 ./Drivers/STM32H7xx_HAL_Driver/Src/stm32h7xx_hal_cortex.o
 .text.__NVIC_GetPriorityGrouping
                0x0000000008004614       0x1c ./Drivers/STM32H7xx_HAL_Driver/Src/stm32h7xx_hal_cortex.o
 .text.__NVIC_EnableIRQ
                0x0000000008004630       0x3c ./Drivers/STM32H7xx_HAL_Driver/Src/stm32h7xx_hal_cortex.o
 .text.__NVIC_DisableIRQ
                0x000000000800466c       0x48 ./Drivers/STM32H7xx_HAL_Driver/Src/stm32h7xx_hal_cortex.o
 .text.__NVIC_SetPriority
                0x00000000080046b4       0x54 ./Drivers/STM32H7xx_HAL_Driver/Src/stm32h7xx_hal_cortex.o
 .text.NVIC_EncodePriority
                0x0000000008004708       0x66 ./Drivers/STM32H7xx_HAL_Driver/Src/stm32h7xx_hal_cortex.o
 *fill*         0x000000000800476e        0x2 
 .text.SysTick_Config
                0x0000000008004770       0x44 ./Drivers/STM32H7xx_HAL_Driver/Src/stm32h7xx_hal_cortex.o
 .text.HAL_NVIC_SetPriorityGrouping
                0x00000000080047b4       0x16 ./Drivers/STM32H7xx_HAL_Driver/Src/stm32h7xx_hal_cortex.o
                0x00000000080047b4                HAL_NVIC_SetPriorityGrouping
 .text.HAL_NVIC_SetPriority
                0x00000000080047ca       0x34 ./Drivers/STM32H7xx_HAL_Driver/Src/stm32h7xx_hal_cortex.o
                0x00000000080047ca                HAL_NVIC_SetPriority
 .text.HAL_NVIC_EnableIRQ
                0x00000000080047fe       0x1c ./Drivers/STM32H7xx_HAL_Driver/Src/stm32h7xx_hal_cortex.o
                0x00000000080047fe                HAL_NVIC_EnableIRQ
 .text.HAL_NVIC_DisableIRQ
                0x000000000800481a       0x1c ./Drivers/STM32H7xx_HAL_Driver/Src/stm32h7xx_hal_cortex.o
                0x000000000800481a                HAL_NVIC_DisableIRQ
 .text.HAL_SYSTICK_Config
                0x0000000008004836       0x18 ./Drivers/STM32H7xx_HAL_Driver/Src/stm32h7xx_hal_cortex.o
                0x0000000008004836                HAL_SYSTICK_Config
 *fill*         0x000000000800484e        0x2 
 .text.HAL_DMA_Init
                0x0000000008004850      0x6b4 ./Drivers/STM32H7xx_HAL_Driver/Src/stm32h7xx_hal_dma.o
                0x0000000008004850                HAL_DMA_Init
 .text.HAL_DMA_DeInit
                0x0000000008004f04      0x36c ./Drivers/STM32H7xx_HAL_Driver/Src/stm32h7xx_hal_dma.o
                0x0000000008004f04                HAL_DMA_DeInit
 .text.HAL_DMA_Start_IT
                0x0000000008005270      0x4d4 ./Drivers/STM32H7xx_HAL_Driver/Src/stm32h7xx_hal_dma.o
                0x0000000008005270                HAL_DMA_Start_IT
 .text.HAL_DMA_Abort
                0x0000000008005744      0x63c ./Drivers/STM32H7xx_HAL_Driver/Src/stm32h7xx_hal_dma.o
                0x0000000008005744                HAL_DMA_Abort
 .text.HAL_DMA_Abort_IT
                0x0000000008005d80      0x48c ./Drivers/STM32H7xx_HAL_Driver/Src/stm32h7xx_hal_dma.o
                0x0000000008005d80                HAL_DMA_Abort_IT
 .text.HAL_DMA_IRQHandler
                0x000000000800620c      0xe54 ./Drivers/STM32H7xx_HAL_Driver/Src/stm32h7xx_hal_dma.o
                0x000000000800620c                HAL_DMA_IRQHandler
 .text.DMA_SetConfig
                0x0000000008007060      0x358 ./Drivers/STM32H7xx_HAL_Driver/Src/stm32h7xx_hal_dma.o
 .text.DMA_CalcBaseAndBitshift
                0x00000000080073b8      0x164 ./Drivers/STM32H7xx_HAL_Driver/Src/stm32h7xx_hal_dma.o
 .text.DMA_CheckFifoParam
                0x000000000800751c       0xf8 ./Drivers/STM32H7xx_HAL_Driver/Src/stm32h7xx_hal_dma.o
 .text.DMA_CalcDMAMUXChannelBaseAndMask
                0x0000000008007614      0x134 ./Drivers/STM32H7xx_HAL_Driver/Src/stm32h7xx_hal_dma.o
 .text.DMA_CalcDMAMUXRequestGenBaseAndMask
                0x0000000008007748       0xe8 ./Drivers/STM32H7xx_HAL_Driver/Src/stm32h7xx_hal_dma.o
 .text.HAL_GPIO_Init
                0x0000000008007830      0x350 ./Drivers/STM32H7xx_HAL_Driver/Src/stm32h7xx_hal_gpio.o
                0x0000000008007830                HAL_GPIO_Init
 .text.HAL_GPIO_DeInit
                0x0000000008007b80      0x204 ./Drivers/STM32H7xx_HAL_Driver/Src/stm32h7xx_hal_gpio.o
                0x0000000008007b80                HAL_GPIO_DeInit
 .text.HAL_GPIO_WritePin
                0x0000000008007d84       0x32 ./Drivers/STM32H7xx_HAL_Driver/Src/stm32h7xx_hal_gpio.o
                0x0000000008007d84                HAL_GPIO_WritePin
 .text.HAL_GPIO_EXTI_IRQHandler
                0x0000000008007db6       0x34 ./Drivers/STM32H7xx_HAL_Driver/Src/stm32h7xx_hal_gpio.o
                0x0000000008007db6                HAL_GPIO_EXTI_IRQHandler
 .text.HAL_GPIO_EXTI_Callback
                0x0000000008007dea       0x16 ./Drivers/STM32H7xx_HAL_Driver/Src/stm32h7xx_hal_gpio.o
                0x0000000008007dea                HAL_GPIO_EXTI_Callback
 .text.HAL_PWREx_ConfigSupply
                0x0000000008007e00       0x74 ./Drivers/STM32H7xx_HAL_Driver/Src/stm32h7xx_hal_pwr_ex.o
                0x0000000008007e00                HAL_PWREx_ConfigSupply
 .text.HAL_RCC_OscConfig
                0x0000000008007e74      0x75c ./Drivers/STM32H7xx_HAL_Driver/Src/stm32h7xx_hal_rcc.o
                0x0000000008007e74                HAL_RCC_OscConfig
 .text.HAL_RCC_ClockConfig
                0x00000000080085d0      0x36c ./Drivers/STM32H7xx_HAL_Driver/Src/stm32h7xx_hal_rcc.o
                0x00000000080085d0                HAL_RCC_ClockConfig
 .text.HAL_RCC_GetSysClockFreq
                0x000000000800893c      0x2f4 ./Drivers/STM32H7xx_HAL_Driver/Src/stm32h7xx_hal_rcc.o
                0x000000000800893c                HAL_RCC_GetSysClockFreq
 .text.HAL_RCC_GetHCLKFreq
                0x0000000008008c30       0x60 ./Drivers/STM32H7xx_HAL_Driver/Src/stm32h7xx_hal_rcc.o
                0x0000000008008c30                HAL_RCC_GetHCLKFreq
 .text.HAL_RCC_GetPCLK1Freq
                0x0000000008008c90       0x2c ./Drivers/STM32H7xx_HAL_Driver/Src/stm32h7xx_hal_rcc.o
                0x0000000008008c90                HAL_RCC_GetPCLK1Freq
 .text.HAL_RCC_GetPCLK2Freq
                0x0000000008008cbc       0x2c ./Drivers/STM32H7xx_HAL_Driver/Src/stm32h7xx_hal_rcc.o
                0x0000000008008cbc                HAL_RCC_GetPCLK2Freq
 .text.HAL_RCCEx_PeriphCLKConfig
                0x0000000008008ce8      0xdf4 ./Drivers/STM32H7xx_HAL_Driver/Src/stm32h7xx_hal_rcc_ex.o
                0x0000000008008ce8                HAL_RCCEx_PeriphCLKConfig
 .text.HAL_RCCEx_GetD3PCLK1Freq
                0x0000000008009adc       0x2c ./Drivers/STM32H7xx_HAL_Driver/Src/stm32h7xx_hal_rcc_ex.o
                0x0000000008009adc                HAL_RCCEx_GetD3PCLK1Freq
 .text.HAL_RCCEx_GetPLL2ClockFreq
                0x0000000008009b08      0x2a8 ./Drivers/STM32H7xx_HAL_Driver/Src/stm32h7xx_hal_rcc_ex.o
                0x0000000008009b08                HAL_RCCEx_GetPLL2ClockFreq
 .text.HAL_RCCEx_GetPLL3ClockFreq
                0x0000000008009db0      0x2a8 ./Drivers/STM32H7xx_HAL_Driver/Src/stm32h7xx_hal_rcc_ex.o
                0x0000000008009db0                HAL_RCCEx_GetPLL3ClockFreq
 .text.RCCEx_PLL2_Config
                0x000000000800a058      0x164 ./Drivers/STM32H7xx_HAL_Driver/Src/stm32h7xx_hal_rcc_ex.o
 .text.RCCEx_PLL3_Config
                0x000000000800a1bc      0x164 ./Drivers/STM32H7xx_HAL_Driver/Src/stm32h7xx_hal_rcc_ex.o
 .text.HAL_TIM_Base_Init
                0x000000000800a320       0xae ./Drivers/STM32H7xx_HAL_Driver/Src/stm32h7xx_hal_tim.o
                0x000000000800a320                HAL_TIM_Base_Init
 *fill*         0x000000000800a3ce        0x2 
 .text.HAL_TIM_Base_Start_IT
                0x000000000800a3d0      0x10c ./Drivers/STM32H7xx_HAL_Driver/Src/stm32h7xx_hal_tim.o
                0x000000000800a3d0                HAL_TIM_Base_Start_IT
 .text.HAL_TIM_PWM_Init
                0x000000000800a4dc       0xae ./Drivers/STM32H7xx_HAL_Driver/Src/stm32h7xx_hal_tim.o
                0x000000000800a4dc                HAL_TIM_PWM_Init
 *fill*         0x000000000800a58a        0x2 
 .text.HAL_TIM_PWM_Start
                0x000000000800a58c      0x238 ./Drivers/STM32H7xx_HAL_Driver/Src/stm32h7xx_hal_tim.o
                0x000000000800a58c                HAL_TIM_PWM_Start
 .text.HAL_TIM_Encoder_Init
                0x000000000800a7c4      0x14c ./Drivers/STM32H7xx_HAL_Driver/Src/stm32h7xx_hal_tim.o
                0x000000000800a7c4                HAL_TIM_Encoder_Init
 .text.HAL_TIM_Encoder_Start
                0x000000000800a910      0x11c ./Drivers/STM32H7xx_HAL_Driver/Src/stm32h7xx_hal_tim.o
                0x000000000800a910                HAL_TIM_Encoder_Start
 .text.HAL_TIM_IRQHandler
                0x000000000800aa2c      0x23e ./Drivers/STM32H7xx_HAL_Driver/Src/stm32h7xx_hal_tim.o
                0x000000000800aa2c                HAL_TIM_IRQHandler
 *fill*         0x000000000800ac6a        0x2 
 .text.HAL_TIM_PWM_ConfigChannel
                0x000000000800ac6c      0x228 ./Drivers/STM32H7xx_HAL_Driver/Src/stm32h7xx_hal_tim.o
                0x000000000800ac6c                HAL_TIM_PWM_ConfigChannel
 .text.HAL_TIM_ConfigClockSource
                0x000000000800ae94      0x1f0 ./Drivers/STM32H7xx_HAL_Driver/Src/stm32h7xx_hal_tim.o
                0x000000000800ae94                HAL_TIM_ConfigClockSource
 .text.HAL_TIM_OC_DelayElapsedCallback
                0x000000000800b084       0x14 ./Drivers/STM32H7xx_HAL_Driver/Src/stm32h7xx_hal_tim.o
                0x000000000800b084                HAL_TIM_OC_DelayElapsedCallback
 .text.HAL_TIM_IC_CaptureCallback
                0x000000000800b098       0x14 ./Drivers/STM32H7xx_HAL_Driver/Src/stm32h7xx_hal_tim.o
                0x000000000800b098                HAL_TIM_IC_CaptureCallback
 .text.HAL_TIM_PWM_PulseFinishedCallback
                0x000000000800b0ac       0x14 ./Drivers/STM32H7xx_HAL_Driver/Src/stm32h7xx_hal_tim.o
                0x000000000800b0ac                HAL_TIM_PWM_PulseFinishedCallback
 .text.HAL_TIM_TriggerCallback
                0x000000000800b0c0       0x14 ./Drivers/STM32H7xx_HAL_Driver/Src/stm32h7xx_hal_tim.o
                0x000000000800b0c0                HAL_TIM_TriggerCallback
 .text.TIM_Base_SetConfig
                0x000000000800b0d4      0x14c ./Drivers/STM32H7xx_HAL_Driver/Src/stm32h7xx_hal_tim.o
                0x000000000800b0d4                TIM_Base_SetConfig
 .text.TIM_OC1_SetConfig
                0x000000000800b220      0x120 ./Drivers/STM32H7xx_HAL_Driver/Src/stm32h7xx_hal_tim.o
 .text.TIM_OC2_SetConfig
                0x000000000800b340      0x114 ./Drivers/STM32H7xx_HAL_Driver/Src/stm32h7xx_hal_tim.o
                0x000000000800b340                TIM_OC2_SetConfig
 .text.TIM_OC3_SetConfig
                0x000000000800b454      0x110 ./Drivers/STM32H7xx_HAL_Driver/Src/stm32h7xx_hal_tim.o
 .text.TIM_OC4_SetConfig
                0x000000000800b564       0xd4 ./Drivers/STM32H7xx_HAL_Driver/Src/stm32h7xx_hal_tim.o
 .text.TIM_OC5_SetConfig
                0x000000000800b638       0xc8 ./Drivers/STM32H7xx_HAL_Driver/Src/stm32h7xx_hal_tim.o
 .text.TIM_OC6_SetConfig
                0x000000000800b700       0xcc ./Drivers/STM32H7xx_HAL_Driver/Src/stm32h7xx_hal_tim.o
 .text.TIM_TI1_ConfigInputStage
                0x000000000800b7cc       0x5e ./Drivers/STM32H7xx_HAL_Driver/Src/stm32h7xx_hal_tim.o
 .text.TIM_TI2_ConfigInputStage
                0x000000000800b82a       0x60 ./Drivers/STM32H7xx_HAL_Driver/Src/stm32h7xx_hal_tim.o
 *fill*         0x000000000800b88a        0x2 
 .text.TIM_ITRx_SetConfig
                0x000000000800b88c       0x3c ./Drivers/STM32H7xx_HAL_Driver/Src/stm32h7xx_hal_tim.o
 .text.TIM_ETR_SetConfig
                0x000000000800b8c8       0x40 ./Drivers/STM32H7xx_HAL_Driver/Src/stm32h7xx_hal_tim.o
                0x000000000800b8c8                TIM_ETR_SetConfig
 .text.TIM_CCxChannelCmd
                0x000000000800b908       0x4a ./Drivers/STM32H7xx_HAL_Driver/Src/stm32h7xx_hal_tim.o
                0x000000000800b908                TIM_CCxChannelCmd
 *fill*         0x000000000800b952        0x2 
 .text.HAL_TIMEx_MasterConfigSynchronization
                0x000000000800b954      0x138 ./Drivers/STM32H7xx_HAL_Driver/Src/stm32h7xx_hal_tim_ex.o
                0x000000000800b954                HAL_TIMEx_MasterConfigSynchronization
 .text.HAL_TIMEx_ConfigBreakDeadTime
                0x000000000800ba8c      0x140 ./Drivers/STM32H7xx_HAL_Driver/Src/stm32h7xx_hal_tim_ex.o
                0x000000000800ba8c                HAL_TIMEx_ConfigBreakDeadTime
 .text.HAL_TIMEx_CommutCallback
                0x000000000800bbcc       0x14 ./Drivers/STM32H7xx_HAL_Driver/Src/stm32h7xx_hal_tim_ex.o
                0x000000000800bbcc                HAL_TIMEx_CommutCallback
 .text.HAL_TIMEx_BreakCallback
                0x000000000800bbe0       0x14 ./Drivers/STM32H7xx_HAL_Driver/Src/stm32h7xx_hal_tim_ex.o
                0x000000000800bbe0                HAL_TIMEx_BreakCallback
 .text.HAL_TIMEx_Break2Callback
                0x000000000800bbf4       0x14 ./Drivers/STM32H7xx_HAL_Driver/Src/stm32h7xx_hal_tim_ex.o
                0x000000000800bbf4                HAL_TIMEx_Break2Callback
 .text.HAL_UART_Init
                0x000000000800bc08       0xa0 ./Drivers/STM32H7xx_HAL_Driver/Src/stm32h7xx_hal_uart.o
                0x000000000800bc08                HAL_UART_Init
 .text.HAL_UART_DeInit
                0x000000000800bca8       0x78 ./Drivers/STM32H7xx_HAL_Driver/Src/stm32h7xx_hal_uart.o
                0x000000000800bca8                HAL_UART_DeInit
 .text.HAL_UART_Transmit_DMA
                0x000000000800bd20      0x124 ./Drivers/STM32H7xx_HAL_Driver/Src/stm32h7xx_hal_uart.o
                0x000000000800bd20                HAL_UART_Transmit_DMA
 .text.HAL_UART_Receive_DMA
                0x000000000800be44       0xac ./Drivers/STM32H7xx_HAL_Driver/Src/stm32h7xx_hal_uart.o
                0x000000000800be44                HAL_UART_Receive_DMA
 .text.HAL_UART_IRQHandler
                0x000000000800bef0      0x73c ./Drivers/STM32H7xx_HAL_Driver/Src/stm32h7xx_hal_uart.o
                0x000000000800bef0                HAL_UART_IRQHandler
 .text.HAL_UART_TxHalfCpltCallback
                0x000000000800c62c       0x14 ./Drivers/STM32H7xx_HAL_Driver/Src/stm32h7xx_hal_uart.o
                0x000000000800c62c                HAL_UART_TxHalfCpltCallback
 .text.HAL_UART_RxHalfCpltCallback
                0x000000000800c640       0x14 ./Drivers/STM32H7xx_HAL_Driver/Src/stm32h7xx_hal_uart.o
                0x000000000800c640                HAL_UART_RxHalfCpltCallback
 .text.HAL_UARTEx_RxEventCallback
                0x000000000800c654       0x18 ./Drivers/STM32H7xx_HAL_Driver/Src/stm32h7xx_hal_uart.o
                0x000000000800c654                HAL_UARTEx_RxEventCallback
 .text.UART_SetConfig
                0x000000000800c66c      0xcd8 ./Drivers/STM32H7xx_HAL_Driver/Src/stm32h7xx_hal_uart.o
                0x000000000800c66c                UART_SetConfig
 .text.UART_AdvFeatureConfig
                0x000000000800d344      0x144 ./Drivers/STM32H7xx_HAL_Driver/Src/stm32h7xx_hal_uart.o
                0x000000000800d344                UART_AdvFeatureConfig
 .text.UART_CheckIdleState
                0x000000000800d488       0x96 ./Drivers/STM32H7xx_HAL_Driver/Src/stm32h7xx_hal_uart.o
                0x000000000800d488                UART_CheckIdleState
 .text.UART_WaitOnFlagUntilTimeout
                0x000000000800d51e      0x190 ./Drivers/STM32H7xx_HAL_Driver/Src/stm32h7xx_hal_uart.o
                0x000000000800d51e                UART_WaitOnFlagUntilTimeout
 *fill*         0x000000000800d6ae        0x2 
 .text.UART_Start_Receive_DMA
                0x000000000800d6b0      0x150 ./Drivers/STM32H7xx_HAL_Driver/Src/stm32h7xx_hal_uart.o
                0x000000000800d6b0                UART_Start_Receive_DMA
 .text.UART_EndTxTransfer
                0x000000000800d800       0x82 ./Drivers/STM32H7xx_HAL_Driver/Src/stm32h7xx_hal_uart.o
 *fill*         0x000000000800d882        0x2 
 .text.UART_EndRxTransfer
                0x000000000800d884       0xcc ./Drivers/STM32H7xx_HAL_Driver/Src/stm32h7xx_hal_uart.o
 .text.UART_DMATransmitCplt
                0x000000000800d950       0x96 ./Drivers/STM32H7xx_HAL_Driver/Src/stm32h7xx_hal_uart.o
 .text.UART_DMATxHalfCplt
                0x000000000800d9e6       0x1c ./Drivers/STM32H7xx_HAL_Driver/Src/stm32h7xx_hal_uart.o
 .text.UART_DMAReceiveCplt
                0x000000000800da02      0x122 ./Drivers/STM32H7xx_HAL_Driver/Src/stm32h7xx_hal_uart.o
 .text.UART_DMARxHalfCplt
                0x000000000800db24       0x38 ./Drivers/STM32H7xx_HAL_Driver/Src/stm32h7xx_hal_uart.o
 .text.UART_DMAError
                0x000000000800db5c       0x80 ./Drivers/STM32H7xx_HAL_Driver/Src/stm32h7xx_hal_uart.o
 .text.UART_DMAAbortOnError
                0x000000000800dbdc       0x2c ./Drivers/STM32H7xx_HAL_Driver/Src/stm32h7xx_hal_uart.o
 .text.UART_EndTransmit_IT
                0x000000000800dc08       0x56 ./Drivers/STM32H7xx_HAL_Driver/Src/stm32h7xx_hal_uart.o
 .text.HAL_UARTEx_WakeupCallback
                0x000000000800dc5e       0x14 ./Drivers/STM32H7xx_HAL_Driver/Src/stm32h7xx_hal_uart_ex.o
                0x000000000800dc5e                HAL_UARTEx_WakeupCallback
 .text.HAL_UARTEx_RxFifoFullCallback
                0x000000000800dc72       0x14 ./Drivers/STM32H7xx_HAL_Driver/Src/stm32h7xx_hal_uart_ex.o
                0x000000000800dc72                HAL_UARTEx_RxFifoFullCallback
 .text.HAL_UARTEx_TxFifoEmptyCallback
                0x000000000800dc86       0x14 ./Drivers/STM32H7xx_HAL_Driver/Src/stm32h7xx_hal_uart_ex.o
                0x000000000800dc86                HAL_UARTEx_TxFifoEmptyCallback
 .text.HAL_UARTEx_DisableFifoMode
                0x000000000800dc9a       0x72 ./Drivers/STM32H7xx_HAL_Driver/Src/stm32h7xx_hal_uart_ex.o
                0x000000000800dc9a                HAL_UARTEx_DisableFifoMode
 .text.HAL_UARTEx_SetTxFifoThreshold
                0x000000000800dd0c       0x7c ./Drivers/STM32H7xx_HAL_Driver/Src/stm32h7xx_hal_uart_ex.o
                0x000000000800dd0c                HAL_UARTEx_SetTxFifoThreshold
 .text.HAL_UARTEx_SetRxFifoThreshold
                0x000000000800dd88       0x7c ./Drivers/STM32H7xx_HAL_Driver/Src/stm32h7xx_hal_uart_ex.o
                0x000000000800dd88                HAL_UARTEx_SetRxFifoThreshold
 .text.UARTEx_SetNbDataToProcess
                0x000000000800de04       0x9c ./Drivers/STM32H7xx_HAL_Driver/Src/stm32h7xx_hal_uart_ex.o
 .text.__cxa_pure_virtual
                0x000000000800dea0        0x6 d:/stm32cubeide_1.10.1/stm32cubeide/plugins/com.st.stm32cube.ide.mcu.externaltools.gnu-tools-for-stm32.10.3-2021.10.win32_1.0.0.202111181127/tools/bin/../lib/gcc/arm-none-eabi/10.3.1/../../../../arm-none-eabi/lib/thumb/v7e-m+dp/hard\libstdc++_nano.a(pure.o)
                0x000000000800dea0                __cxa_pure_virtual
 .text._ZN10__cxxabiv111__terminateEPFvvE
                0x000000000800dea6        0x8 d:/stm32cubeide_1.10.1/stm32cubeide/plugins/com.st.stm32cube.ide.mcu.externaltools.gnu-tools-for-stm32.10.3-2021.10.win32_1.0.0.202111181127/tools/bin/../lib/gcc/arm-none-eabi/10.3.1/../../../../arm-none-eabi/lib/thumb/v7e-m+dp/hard\libstdc++_nano.a(eh_terminate.o)
                0x000000000800dea6                __cxxabiv1::__terminate(void (*)())
 *fill*         0x000000000800deae        0x2 
 .text._ZSt13get_terminatev
                0x000000000800deb0       0x10 d:/stm32cubeide_1.10.1/stm32cubeide/plugins/com.st.stm32cube.ide.mcu.externaltools.gnu-tools-for-stm32.10.3-2021.10.win32_1.0.0.202111181127/tools/bin/../lib/gcc/arm-none-eabi/10.3.1/../../../../arm-none-eabi/lib/thumb/v7e-m+dp/hard\libstdc++_nano.a(eh_terminate.o)
                0x000000000800deb0                std::get_terminate()
 .text._ZSt9terminatev
                0x000000000800dec0        0xa d:/stm32cubeide_1.10.1/stm32cubeide/plugins/com.st.stm32cube.ide.mcu.externaltools.gnu-tools-for-stm32.10.3-2021.10.win32_1.0.0.202111181127/tools/bin/../lib/gcc/arm-none-eabi/10.3.1/../../../../arm-none-eabi/lib/thumb/v7e-m+dp/hard\libstdc++_nano.a(eh_terminate.o)
                0x000000000800dec0                std::terminate()
 .text.abort    0x000000000800deca        0xe d:/stm32cubeide_1.10.1/stm32cubeide/plugins/com.st.stm32cube.ide.mcu.externaltools.gnu-tools-for-stm32.10.3-2021.10.win32_1.0.0.202111181127/tools/bin/../lib/gcc/arm-none-eabi/10.3.1/../../../../arm-none-eabi/lib/thumb/v7e-m+dp/hard\libc_nano.a(lib_a-abort.o)
                0x000000000800deca                abort
 .text.__errno  0x000000000800ded8        0xc d:/stm32cubeide_1.10.1/stm32cubeide/plugins/com.st.stm32cube.ide.mcu.externaltools.gnu-tools-for-stm32.10.3-2021.10.win32_1.0.0.202111181127/tools/bin/../lib/gcc/arm-none-eabi/10.3.1/../../../../arm-none-eabi/lib/thumb/v7e-m+dp/hard\libc_nano.a(lib_a-errno.o)
                0x000000000800ded8                __errno
 .text.__libc_init_array
                0x000000000800dee4       0x48 d:/stm32cubeide_1.10.1/stm32cubeide/plugins/com.st.stm32cube.ide.mcu.externaltools.gnu-tools-for-stm32.10.3-2021.10.win32_1.0.0.202111181127/tools/bin/../lib/gcc/arm-none-eabi/10.3.1/../../../../arm-none-eabi/lib/thumb/v7e-m+dp/hard\libc_nano.a(lib_a-init.o)
                0x000000000800dee4                __libc_init_array
 .text.memcpy   0x000000000800df2c       0x1c d:/stm32cubeide_1.10.1/stm32cubeide/plugins/com.st.stm32cube.ide.mcu.externaltools.gnu-tools-for-stm32.10.3-2021.10.win32_1.0.0.202111181127/tools/bin/../lib/gcc/arm-none-eabi/10.3.1/../../../../arm-none-eabi/lib/thumb/v7e-m+dp/hard\libc_nano.a(lib_a-memcpy-stub.o)
                0x000000000800df2c                memcpy
 .text.memset   0x000000000800df48       0x10 d:/stm32cubeide_1.10.1/stm32cubeide/plugins/com.st.stm32cube.ide.mcu.externaltools.gnu-tools-for-stm32.10.3-2021.10.win32_1.0.0.202111181127/tools/bin/../lib/gcc/arm-none-eabi/10.3.1/../../../../arm-none-eabi/lib/thumb/v7e-m+dp/hard\libc_nano.a(lib_a-memset.o)
                0x000000000800df48                memset
 .text.realloc  0x000000000800df58       0x10 d:/stm32cubeide_1.10.1/stm32cubeide/plugins/com.st.stm32cube.ide.mcu.externaltools.gnu-tools-for-stm32.10.3-2021.10.win32_1.0.0.202111181127/tools/bin/../lib/gcc/arm-none-eabi/10.3.1/../../../../arm-none-eabi/lib/thumb/v7e-m+dp/hard\libc_nano.a(lib_a-realloc.o)
                0x000000000800df58                realloc
 .text._raise_r
                0x000000000800df68       0x50 d:/stm32cubeide_1.10.1/stm32cubeide/plugins/com.st.stm32cube.ide.mcu.externaltools.gnu-tools-for-stm32.10.3-2021.10.win32_1.0.0.202111181127/tools/bin/../lib/gcc/arm-none-eabi/10.3.1/../../../../arm-none-eabi/lib/thumb/v7e-m+dp/hard\libc_nano.a(lib_a-signal.o)
                0x000000000800df68                _raise_r
 .text.raise    0x000000000800dfb8       0x10 d:/stm32cubeide_1.10.1/stm32cubeide/plugins/com.st.stm32cube.ide.mcu.externaltools.gnu-tools-for-stm32.10.3-2021.10.win32_1.0.0.202111181127/tools/bin/../lib/gcc/arm-none-eabi/10.3.1/../../../../arm-none-eabi/lib/thumb/v7e-m+dp/hard\libc_nano.a(lib_a-signal.o)
                0x000000000800dfb8                raise
 .text._kill_r  0x000000000800dfc8       0x24 d:/stm32cubeide_1.10.1/stm32cubeide/plugins/com.st.stm32cube.ide.mcu.externaltools.gnu-tools-for-stm32.10.3-2021.10.win32_1.0.0.202111181127/tools/bin/../lib/gcc/arm-none-eabi/10.3.1/../../../../arm-none-eabi/lib/thumb/v7e-m+dp/hard\libc_nano.a(lib_a-signalr.o)
                0x000000000800dfc8                _kill_r
 .text._getpid_r
                0x000000000800dfec        0x4 d:/stm32cubeide_1.10.1/stm32cubeide/plugins/com.st.stm32cube.ide.mcu.externaltools.gnu-tools-for-stm32.10.3-2021.10.win32_1.0.0.202111181127/tools/bin/../lib/gcc/arm-none-eabi/10.3.1/../../../../arm-none-eabi/lib/thumb/v7e-m+dp/hard\libc_nano.a(lib_a-signalr.o)
                0x000000000800dfec                _getpid_r
 .text.sbrk_aligned
                0x000000000800dff0       0x40 d:/stm32cubeide_1.10.1/stm32cubeide/plugins/com.st.stm32cube.ide.mcu.externaltools.gnu-tools-for-stm32.10.3-2021.10.win32_1.0.0.202111181127/tools/bin/../lib/gcc/arm-none-eabi/10.3.1/../../../../arm-none-eabi/lib/thumb/v7e-m+dp/hard\libc_nano.a(lib_a-nano-mallocr.o)
 .text._malloc_r
                0x000000000800e030       0xe8 d:/stm32cubeide_1.10.1/stm32cubeide/plugins/com.st.stm32cube.ide.mcu.externaltools.gnu-tools-for-stm32.10.3-2021.10.win32_1.0.0.202111181127/tools/bin/../lib/gcc/arm-none-eabi/10.3.1/../../../../arm-none-eabi/lib/thumb/v7e-m+dp/hard\libc_nano.a(lib_a-nano-mallocr.o)
                0x000000000800e030                _malloc_r
 .text._realloc_r
                0x000000000800e118       0x5e d:/stm32cubeide_1.10.1/stm32cubeide/plugins/com.st.stm32cube.ide.mcu.externaltools.gnu-tools-for-stm32.10.3-2021.10.win32_1.0.0.202111181127/tools/bin/../lib/gcc/arm-none-eabi/10.3.1/../../../../arm-none-eabi/lib/thumb/v7e-m+dp/hard\libc_nano.a(lib_a-nano-reallocr.o)
                0x000000000800e118                _realloc_r
 *fill*         0x000000000800e176        0x2 
 .text._sbrk_r  0x000000000800e178       0x20 d:/stm32cubeide_1.10.1/stm32cubeide/plugins/com.st.stm32cube.ide.mcu.externaltools.gnu-tools-for-stm32.10.3-2021.10.win32_1.0.0.202111181127/tools/bin/../lib/gcc/arm-none-eabi/10.3.1/../../../../arm-none-eabi/lib/thumb/v7e-m+dp/hard\libc_nano.a(lib_a-sbrkr.o)
                0x000000000800e178                _sbrk_r
 .text.__malloc_lock
                0x000000000800e198        0xc d:/stm32cubeide_1.10.1/stm32cubeide/plugins/com.st.stm32cube.ide.mcu.externaltools.gnu-tools-for-stm32.10.3-2021.10.win32_1.0.0.202111181127/tools/bin/../lib/gcc/arm-none-eabi/10.3.1/../../../../arm-none-eabi/lib/thumb/v7e-m+dp/hard\libc_nano.a(lib_a-mlock.o)
                0x000000000800e198                __malloc_lock
 .text.__malloc_unlock
                0x000000000800e1a4        0xc d:/stm32cubeide_1.10.1/stm32cubeide/plugins/com.st.stm32cube.ide.mcu.externaltools.gnu-tools-for-stm32.10.3-2021.10.win32_1.0.0.202111181127/tools/bin/../lib/gcc/arm-none-eabi/10.3.1/../../../../arm-none-eabi/lib/thumb/v7e-m+dp/hard\libc_nano.a(lib_a-mlock.o)
                0x000000000800e1a4                __malloc_unlock
 .text._free_r  0x000000000800e1b0       0x98 d:/stm32cubeide_1.10.1/stm32cubeide/plugins/com.st.stm32cube.ide.mcu.externaltools.gnu-tools-for-stm32.10.3-2021.10.win32_1.0.0.202111181127/tools/bin/../lib/gcc/arm-none-eabi/10.3.1/../../../../arm-none-eabi/lib/thumb/v7e-m+dp/hard\libc_nano.a(lib_a-nano-freer.o)
                0x000000000800e1b0                _free_r
 .text._malloc_usable_size_r
                0x000000000800e248       0x10 d:/stm32cubeide_1.10.1/stm32cubeide/plugins/com.st.stm32cube.ide.mcu.externaltools.gnu-tools-for-stm32.10.3-2021.10.win32_1.0.0.202111181127/tools/bin/../lib/gcc/arm-none-eabi/10.3.1/../../../../arm-none-eabi/lib/thumb/v7e-m+dp/hard\libc_nano.a(lib_a-nano-msizer.o)
                0x000000000800e248                _malloc_usable_size_r
 .text.__retarget_lock_acquire_recursive
                0x000000000800e258        0x2 d:/stm32cubeide_1.10.1/stm32cubeide/plugins/com.st.stm32cube.ide.mcu.externaltools.gnu-tools-for-stm32.10.3-2021.10.win32_1.0.0.202111181127/tools/bin/../lib/gcc/arm-none-eabi/10.3.1/../../../../arm-none-eabi/lib/thumb/v7e-m+dp/hard\libc_nano.a(lib_a-lock.o)
                0x000000000800e258                __retarget_lock_acquire_recursive
 .text.__retarget_lock_release_recursive
                0x000000000800e25a        0x2 d:/stm32cubeide_1.10.1/stm32cubeide/plugins/com.st.stm32cube.ide.mcu.externaltools.gnu-tools-for-stm32.10.3-2021.10.win32_1.0.0.202111181127/tools/bin/../lib/gcc/arm-none-eabi/10.3.1/../../../../arm-none-eabi/lib/thumb/v7e-m+dp/hard\libc_nano.a(lib_a-lock.o)
                0x000000000800e25a                __retarget_lock_release_recursive
 *(.glue_7)
 .glue_7        0x000000000800e25c        0x0 linker stubs
 *(.glue_7t)
 .glue_7t       0x000000000800e25c        0x0 linker stubs
 *(.eh_frame)
 .eh_frame      0x000000000800e25c        0x0 d:/stm32cubeide_1.10.1/stm32cubeide/plugins/com.st.stm32cube.ide.mcu.externaltools.gnu-tools-for-stm32.10.3-2021.10.win32_1.0.0.202111181127/tools/bin/../lib/gcc/arm-none-eabi/10.3.1/thumb/v7e-m+dp/hard/crtbegin.o
 *(.init)
 .init          0x000000000800e25c        0x4 d:/stm32cubeide_1.10.1/stm32cubeide/plugins/com.st.stm32cube.ide.mcu.externaltools.gnu-tools-for-stm32.10.3-2021.10.win32_1.0.0.202111181127/tools/bin/../lib/gcc/arm-none-eabi/10.3.1/thumb/v7e-m+dp/hard/crti.o
                0x000000000800e25c                _init
 .init          0x000000000800e260        0x8 d:/stm32cubeide_1.10.1/stm32cubeide/plugins/com.st.stm32cube.ide.mcu.externaltools.gnu-tools-for-stm32.10.3-2021.10.win32_1.0.0.202111181127/tools/bin/../lib/gcc/arm-none-eabi/10.3.1/thumb/v7e-m+dp/hard/crtn.o
 *(.fini)
 .fini          0x000000000800e268        0x4 d:/stm32cubeide_1.10.1/stm32cubeide/plugins/com.st.stm32cube.ide.mcu.externaltools.gnu-tools-for-stm32.10.3-2021.10.win32_1.0.0.202111181127/tools/bin/../lib/gcc/arm-none-eabi/10.3.1/thumb/v7e-m+dp/hard/crti.o
                0x000000000800e268                _fini
 .fini          0x000000000800e26c        0x8 d:/stm32cubeide_1.10.1/stm32cubeide/plugins/com.st.stm32cube.ide.mcu.externaltools.gnu-tools-for-stm32.10.3-2021.10.win32_1.0.0.202111181127/tools/bin/../lib/gcc/arm-none-eabi/10.3.1/thumb/v7e-m+dp/hard/crtn.o
                0x000000000800e274                . = ALIGN (0x4)
                0x000000000800e274                _etext = .

.vfp11_veneer   0x000000000800e274        0x0
 .vfp11_veneer  0x000000000800e274        0x0 linker stubs

.v4_bx          0x000000000800e274        0x0
 .v4_bx         0x000000000800e274        0x0 linker stubs

.iplt           0x000000000800e274        0x0
 .iplt          0x000000000800e274        0x0 d:/stm32cubeide_1.10.1/stm32cubeide/plugins/com.st.stm32cube.ide.mcu.externaltools.gnu-tools-for-stm32.10.3-2021.10.win32_1.0.0.202111181127/tools/bin/../lib/gcc/arm-none-eabi/10.3.1/thumb/v7e-m+dp/hard/crtbegin.o

.rodata         0x000000000800e274      0x2f8
                0x000000000800e274                . = ALIGN (0x4)
 *(.rodata)
 .rodata        0x000000000800e274      0x19c ./Core/Src/mainpp.o
 *(.rodata*)
 .rodata._ZN14rosserial_msgsL12REQUESTPARAME
                0x000000000800e410       0x1c ./Core/Src/mainpp.o
 .rodata._ZTVN3ros10SubscriberIN13geometry_msgs5TwistEvEE
                0x000000000800e42c       0x18 ./Core/Src/mainpp.o
                0x000000000800e42c                vtable for ros::Subscriber<geometry_msgs::Twist, void>
 .rodata._ZTVN3ros11NodeHandle_I13STM32HardwareLi25ELi25ELi512ELi512EEE
                0x000000000800e444       0x14 ./Core/Src/mainpp.o
                0x000000000800e444                vtable for ros::NodeHandle_<STM32Hardware, 25, 25, 512, 512>
 .rodata._ZTVN13geometry_msgs5TwistE
                0x000000000800e458       0x18 ./Core/Src/mainpp.o
                0x000000000800e458                vtable for geometry_msgs::Twist
 .rodata._ZTVN13geometry_msgs7Vector3E
                0x000000000800e470       0x18 ./Core/Src/mainpp.o
                0x000000000800e470                vtable for geometry_msgs::Vector3
 .rodata._ZTVN3ros11Subscriber_E
                0x000000000800e488       0x18 ./Core/Src/mainpp.o
                0x000000000800e488                vtable for ros::Subscriber_
 .rodata._ZTVN3ros15NodeHandleBase_E
                0x000000000800e4a0       0x14 ./Core/Src/mainpp.o
                0x000000000800e4a0                vtable for ros::NodeHandleBase_
 .rodata._ZTVN14rosserial_msgs20RequestParamResponseE
                0x000000000800e4b4       0x18 ./Core/Src/mainpp.o
                0x000000000800e4b4                vtable for rosserial_msgs::RequestParamResponse
 .rodata._ZTVN14rosserial_msgs3LogE
                0x000000000800e4cc       0x18 ./Core/Src/mainpp.o
                0x000000000800e4cc                vtable for rosserial_msgs::Log
 .rodata._ZTVN14rosserial_msgs9TopicInfoE
                0x000000000800e4e4       0x18 ./Core/Src/mainpp.o
                0x000000000800e4e4                vtable for rosserial_msgs::TopicInfo
 .rodata._ZTVN8std_msgs4TimeE
                0x000000000800e4fc       0x18 ./Core/Src/mainpp.o
                0x000000000800e4fc                vtable for std_msgs::Time
 .rodata._ZTVN3ros3MsgE
                0x000000000800e514       0x18 ./Core/Src/mainpp.o
                0x000000000800e514                vtable for ros::Msg
 .rodata.D1CorePrescTable
                0x000000000800e52c       0x10 ./Core/Src/system_stm32h7xx.o
                0x000000000800e52c                D1CorePrescTable
 .rodata.flagBitshiftOffset.0
                0x000000000800e53c        0x8 ./Drivers/STM32H7xx_HAL_Driver/Src/stm32h7xx_hal_dma.o
 .rodata.UARTPrescTable
                0x000000000800e544       0x18 ./Drivers/STM32H7xx_HAL_Driver/Src/stm32h7xx_hal_uart.o
                0x000000000800e544                UARTPrescTable
 .rodata.numerator.1
                0x000000000800e55c        0x8 ./Drivers/STM32H7xx_HAL_Driver/Src/stm32h7xx_hal_uart_ex.o
 .rodata.denominator.0
                0x000000000800e564        0x8 ./Drivers/STM32H7xx_HAL_Driver/Src/stm32h7xx_hal_uart_ex.o
                0x000000000800e56c                . = ALIGN (0x4)

.ARM.extab
 *(.ARM.extab* .gnu.linkonce.armextab.*)

.ARM            0x000000000800e56c        0x8
                0x000000000800e56c                __exidx_start = .
 *(.ARM.exidx*)
 .ARM.exidx     0x000000000800e56c        0x8 d:/stm32cubeide_1.10.1/stm32cubeide/plugins/com.st.stm32cube.ide.mcu.externaltools.gnu-tools-for-stm32.10.3-2021.10.win32_1.0.0.202111181127/tools/bin/../lib/gcc/arm-none-eabi/10.3.1/thumb/v7e-m+dp/hard\libgcc.a(_udivmoddi4.o)
                0x000000000800e574                __exidx_end = .

.rel.dyn        0x000000000800e574        0x0
 .rel.iplt      0x000000000800e574        0x0 d:/stm32cubeide_1.10.1/stm32cubeide/plugins/com.st.stm32cube.ide.mcu.externaltools.gnu-tools-for-stm32.10.3-2021.10.win32_1.0.0.202111181127/tools/bin/../lib/gcc/arm-none-eabi/10.3.1/thumb/v7e-m+dp/hard/crtbegin.o

.preinit_array  0x000000000800e574        0x0
                0x000000000800e574                PROVIDE (__preinit_array_start = .)
 *(.preinit_array*)
                0x000000000800e574                PROVIDE (__preinit_array_end = .)

.init_array     0x000000000800e574        0x8
                0x000000000800e574                PROVIDE (__init_array_start = .)
 *(SORT_BY_NAME(.init_array.*))
 *(.init_array*)
 .init_array    0x000000000800e574        0x4 d:/stm32cubeide_1.10.1/stm32cubeide/plugins/com.st.stm32cube.ide.mcu.externaltools.gnu-tools-for-stm32.10.3-2021.10.win32_1.0.0.202111181127/tools/bin/../lib/gcc/arm-none-eabi/10.3.1/thumb/v7e-m+dp/hard/crtbegin.o
 .init_array    0x000000000800e578        0x4 ./Core/Src/mainpp.o
                0x000000000800e57c                PROVIDE (__init_array_end = .)

.fini_array     0x000000000800e57c        0x4
                [!provide]                        PROVIDE (__fini_array_start = .)
 *(SORT_BY_NAME(.fini_array.*))
 *(.fini_array*)
 .fini_array    0x000000000800e57c        0x4 d:/stm32cubeide_1.10.1/stm32cubeide/plugins/com.st.stm32cube.ide.mcu.externaltools.gnu-tools-for-stm32.10.3-2021.10.win32_1.0.0.202111181127/tools/bin/../lib/gcc/arm-none-eabi/10.3.1/thumb/v7e-m+dp/hard/crtbegin.o
                [!provide]                        PROVIDE (__fini_array_end = .)
                0x000000000800e580                _sidata = LOADADDR (.data)

.data           0x0000000024000000       0x78 load address 0x000000000800e580
                0x0000000024000000                . = ALIGN (0x4)
                0x0000000024000000                _sdata = .
 *(.data)
 *(.data*)
 .data.SystemCoreClock
                0x0000000024000000        0x4 ./Core/Src/system_stm32h7xx.o
                0x0000000024000000                SystemCoreClock
 .data.SystemD2Clock
                0x0000000024000004        0x4 ./Core/Src/system_stm32h7xx.o
                0x0000000024000004                SystemD2Clock
 .data.uwTickPrio
                0x0000000024000008        0x4 ./Drivers/STM32H7xx_HAL_Driver/Src/stm32h7xx_hal.o
                0x0000000024000008                uwTickPrio
 .data.uwTickFreq
                0x000000002400000c        0x1 ./Drivers/STM32H7xx_HAL_Driver/Src/stm32h7xx_hal.o
                0x000000002400000c                uwTickFreq
 *fill*         0x000000002400000d        0x3 
 .data._ZN10__cxxabiv119__terminate_handlerE
                0x0000000024000010        0x4 d:/stm32cubeide_1.10.1/stm32cubeide/plugins/com.st.stm32cube.ide.mcu.externaltools.gnu-tools-for-stm32.10.3-2021.10.win32_1.0.0.202111181127/tools/bin/../lib/gcc/arm-none-eabi/10.3.1/../../../../arm-none-eabi/lib/thumb/v7e-m+dp/hard\libstdc++_nano.a(eh_term_handler.o)
                0x0000000024000010                __cxxabiv1::__terminate_handler
 .data._impure_ptr
                0x0000000024000014        0x4 d:/stm32cubeide_1.10.1/stm32cubeide/plugins/com.st.stm32cube.ide.mcu.externaltools.gnu-tools-for-stm32.10.3-2021.10.win32_1.0.0.202111181127/tools/bin/../lib/gcc/arm-none-eabi/10.3.1/../../../../arm-none-eabi/lib/thumb/v7e-m+dp/hard\libc_nano.a(lib_a-impure.o)
                0x0000000024000014                _impure_ptr
 .data.impure_data
                0x0000000024000018       0x60 d:/stm32cubeide_1.10.1/stm32cubeide/plugins/com.st.stm32cube.ide.mcu.externaltools.gnu-tools-for-stm32.10.3-2021.10.win32_1.0.0.202111181127/tools/bin/../lib/gcc/arm-none-eabi/10.3.1/../../../../arm-none-eabi/lib/thumb/v7e-m+dp/hard\libc_nano.a(lib_a-impure.o)
 *(.RamFunc)
 *(.RamFunc*)
                0x0000000024000078                . = ALIGN (0x4)
                0x0000000024000078                _edata = .

.igot.plt       0x0000000024000078        0x0 load address 0x000000000800e5f8
 .igot.plt      0x0000000024000078        0x0 d:/stm32cubeide_1.10.1/stm32cubeide/plugins/com.st.stm32cube.ide.mcu.externaltools.gnu-tools-for-stm32.10.3-2021.10.win32_1.0.0.202111181127/tools/bin/../lib/gcc/arm-none-eabi/10.3.1/thumb/v7e-m+dp/hard/crtbegin.o
                0x0000000024000078                . = ALIGN (0x4)

.bss            0x0000000024000078      0xe50 load address 0x000000000800e5f8
                0x0000000024000078                _sbss = .
                0x0000000024000078                __bss_start__ = _sbss
 *(.bss)
 .bss           0x0000000024000078       0x1c d:/stm32cubeide_1.10.1/stm32cubeide/plugins/com.st.stm32cube.ide.mcu.externaltools.gnu-tools-for-stm32.10.3-2021.10.win32_1.0.0.202111181127/tools/bin/../lib/gcc/arm-none-eabi/10.3.1/thumb/v7e-m+dp/hard/crtbegin.o
 *(.bss*)
 .bss.htim2     0x0000000024000094       0x4c ./Core/Src/main.o
                0x0000000024000094                htim2
 .bss.htim3     0x00000000240000e0       0x4c ./Core/Src/main.o
                0x00000000240000e0                htim3
 .bss.htim4     0x000000002400012c       0x4c ./Core/Src/main.o
                0x000000002400012c                htim4
 .bss.htim5     0x0000000024000178       0x4c ./Core/Src/main.o
                0x0000000024000178                htim5
 .bss.htim8     0x00000000240001c4       0x4c ./Core/Src/main.o
                0x00000000240001c4                htim8
 .bss.htim15    0x0000000024000210       0x4c ./Core/Src/main.o
                0x0000000024000210                htim15
 .bss.htim23    0x000000002400025c       0x4c ./Core/Src/main.o
                0x000000002400025c                htim23
 .bss.htim24    0x00000000240002a8       0x4c ./Core/Src/main.o
                0x00000000240002a8                htim24
 .bss.huart10   0x00000000240002f4       0x90 ./Core/Src/main.o
                0x00000000240002f4                huart10
 .bss.hdma_usart10_rx
                0x0000000024000384       0x78 ./Core/Src/main.o
                0x0000000024000384                hdma_usart10_rx
 .bss.hdma_usart10_tx
                0x00000000240003fc       0x78 ./Core/Src/main.o
                0x00000000240003fc                hdma_usart10_tx
 .bss._ZZN13STM32Hardware5flushEvE5mutex
                0x0000000024000474        0x1 ./Core/Src/mainpp.o
                0x0000000024000474                STM32Hardware::flush()::mutex
 *fill*         0x0000000024000475        0x3 
 .bss.nh        0x0000000024000478      0x93c ./Core/Src/mainpp.o
                0x0000000024000478                nh
 .bss.run_inter0
                0x0000000024000db4        0x4 ./Core/Src/mainpp.o
                0x0000000024000db4                run_inter0
 .bss.run_inter1
                0x0000000024000db8        0x4 ./Core/Src/mainpp.o
                0x0000000024000db8                run_inter1
 *fill*         0x0000000024000dbc        0x4 
 .bss.Vx        0x0000000024000dc0        0x8 ./Core/Src/mainpp.o
                0x0000000024000dc0                Vx
 .bss.Vy        0x0000000024000dc8        0x8 ./Core/Src/mainpp.o
                0x0000000024000dc8                Vy
 .bss.W         0x0000000024000dd0        0x8 ./Core/Src/mainpp.o
                0x0000000024000dd0                W
 .bss.rVx       0x0000000024000dd8        0x8 ./Core/Src/mainpp.o
                0x0000000024000dd8                rVx
 .bss.rVy       0x0000000024000de0        0x8 ./Core/Src/mainpp.o
                0x0000000024000de0                rVy
 .bss.rW        0x0000000024000de8        0x8 ./Core/Src/mainpp.o
                0x0000000024000de8                rW
 .bss.insVel    0x0000000024000df0       0x48 ./Core/Src/mainpp.o
                0x0000000024000df0                insVel
 .bss.pub       0x0000000024000e38       0x14 ./Core/Src/mainpp.o
                0x0000000024000e38                pub
 *fill*         0x0000000024000e4c        0x4 
 .bss.sub       0x0000000024000e50       0x60 ./Core/Src/mainpp.o
                0x0000000024000e50                sub
 .bss.__sbrk_heap_end
                0x0000000024000eb0        0x4 ./Core/Src/sysmem.o
 .bss.uwTick    0x0000000024000eb4        0x4 ./Drivers/STM32H7xx_HAL_Driver/Src/stm32h7xx_hal.o
                0x0000000024000eb4                uwTick
 .bss.__malloc_free_list
                0x0000000024000eb8        0x4 d:/stm32cubeide_1.10.1/stm32cubeide/plugins/com.st.stm32cube.ide.mcu.externaltools.gnu-tools-for-stm32.10.3-2021.10.win32_1.0.0.202111181127/tools/bin/../lib/gcc/arm-none-eabi/10.3.1/../../../../arm-none-eabi/lib/thumb/v7e-m+dp/hard\libc_nano.a(lib_a-nano-mallocr.o)
                0x0000000024000eb8                __malloc_free_list
 .bss.__malloc_sbrk_start
                0x0000000024000ebc        0x4 d:/stm32cubeide_1.10.1/stm32cubeide/plugins/com.st.stm32cube.ide.mcu.externaltools.gnu-tools-for-stm32.10.3-2021.10.win32_1.0.0.202111181127/tools/bin/../lib/gcc/arm-none-eabi/10.3.1/../../../../arm-none-eabi/lib/thumb/v7e-m+dp/hard\libc_nano.a(lib_a-nano-mallocr.o)
                0x0000000024000ebc                __malloc_sbrk_start
 .bss.errno     0x0000000024000ec0        0x4 d:/stm32cubeide_1.10.1/stm32cubeide/plugins/com.st.stm32cube.ide.mcu.externaltools.gnu-tools-for-stm32.10.3-2021.10.win32_1.0.0.202111181127/tools/bin/../lib/gcc/arm-none-eabi/10.3.1/../../../../arm-none-eabi/lib/thumb/v7e-m+dp/hard\libc_nano.a(lib_a-reent.o)
                0x0000000024000ec0                errno
 .bss.__lock___malloc_recursive_mutex
                0x0000000024000ec4        0x1 d:/stm32cubeide_1.10.1/stm32cubeide/plugins/com.st.stm32cube.ide.mcu.externaltools.gnu-tools-for-stm32.10.3-2021.10.win32_1.0.0.202111181127/tools/bin/../lib/gcc/arm-none-eabi/10.3.1/../../../../arm-none-eabi/lib/thumb/v7e-m+dp/hard\libc_nano.a(lib_a-lock.o)
                0x0000000024000ec4                __lock___malloc_recursive_mutex
 *(COMMON)
                0x0000000024000ec8                . = ALIGN (0x4)
 *fill*         0x0000000024000ec5        0x3 
                0x0000000024000ec8                _ebss = .
                0x0000000024000ec8                __bss_end__ = _ebss

._user_heap_stack
                0x0000000024000ec8      0x600 load address 0x000000000800e5f8
                0x0000000024000ec8                . = ALIGN (0x8)
                [!provide]                        PROVIDE (end = .)
                0x0000000024000ec8                PROVIDE (_end = .)
                0x00000000240010c8                . = (. + _Min_Heap_Size)
 *fill*         0x0000000024000ec8      0x200 
                0x00000000240014c8                . = (. + _Min_Stack_Size)
 *fill*         0x00000000240010c8      0x400 
                0x00000000240014c8                . = ALIGN (0x8)

/DISCARD/
 libc.a(*)
 libm.a(*)
 libgcc.a(*)

.ARM.attributes
                0x0000000000000000       0x2e
 *(.ARM.attributes)
 .ARM.attributes
                0x0000000000000000       0x1e d:/stm32cubeide_1.10.1/stm32cubeide/plugins/com.st.stm32cube.ide.mcu.externaltools.gnu-tools-for-stm32.10.3-2021.10.win32_1.0.0.202111181127/tools/bin/../lib/gcc/arm-none-eabi/10.3.1/thumb/v7e-m+dp/hard/crti.o
 .ARM.attributes
                0x000000000000001e       0x32 d:/stm32cubeide_1.10.1/stm32cubeide/plugins/com.st.stm32cube.ide.mcu.externaltools.gnu-tools-for-stm32.10.3-2021.10.win32_1.0.0.202111181127/tools/bin/../lib/gcc/arm-none-eabi/10.3.1/thumb/v7e-m+dp/hard/crtbegin.o
 .ARM.attributes
                0x0000000000000050       0x32 ./Core/Inc/time.o
 .ARM.attributes
                0x0000000000000082       0x32 ./Core/Src/main.o
 .ARM.attributes
                0x00000000000000b4       0x32 ./Core/Src/mainpp.o
 .ARM.attributes
                0x00000000000000e6       0x32 ./Core/Src/stm32h7xx_hal_msp.o
 .ARM.attributes
                0x0000000000000118       0x32 ./Core/Src/stm32h7xx_it.o
 .ARM.attributes
                0x000000000000014a       0x32 ./Core/Src/syscalls.o
 .ARM.attributes
                0x000000000000017c       0x32 ./Core/Src/sysmem.o
 .ARM.attributes
                0x00000000000001ae       0x32 ./Core/Src/system_stm32h7xx.o
 .ARM.attributes
                0x00000000000001e0       0x32 ./Core/Src/timing.o
 .ARM.attributes
                0x0000000000000212       0x21 ./Core/Startup/startup_stm32h723zgtx.o
 .ARM.attributes
                0x0000000000000233       0x32 ./Drivers/STM32H7xx_HAL_Driver/Src/stm32h7xx_hal.o
 .ARM.attributes
                0x0000000000000265       0x32 ./Drivers/STM32H7xx_HAL_Driver/Src/stm32h7xx_hal_cortex.o
 .ARM.attributes
                0x0000000000000297       0x32 ./Drivers/STM32H7xx_HAL_Driver/Src/stm32h7xx_hal_dma.o
 .ARM.attributes
                0x00000000000002c9       0x32 ./Drivers/STM32H7xx_HAL_Driver/Src/stm32h7xx_hal_gpio.o
 .ARM.attributes
                0x00000000000002fb       0x32 ./Drivers/STM32H7xx_HAL_Driver/Src/stm32h7xx_hal_pwr_ex.o
 .ARM.attributes
                0x000000000000032d       0x32 ./Drivers/STM32H7xx_HAL_Driver/Src/stm32h7xx_hal_rcc.o
 .ARM.attributes
                0x000000000000035f       0x32 ./Drivers/STM32H7xx_HAL_Driver/Src/stm32h7xx_hal_rcc_ex.o
 .ARM.attributes
                0x0000000000000391       0x32 ./Drivers/STM32H7xx_HAL_Driver/Src/stm32h7xx_hal_tim.o
 .ARM.attributes
                0x00000000000003c3       0x32 ./Drivers/STM32H7xx_HAL_Driver/Src/stm32h7xx_hal_tim_ex.o
 .ARM.attributes
                0x00000000000003f5       0x32 ./Drivers/STM32H7xx_HAL_Driver/Src/stm32h7xx_hal_uart.o
 .ARM.attributes
                0x0000000000000427       0x32 ./Drivers/STM32H7xx_HAL_Driver/Src/stm32h7xx_hal_uart_ex.o
 .ARM.attributes
                0x0000000000000459       0x32 d:/stm32cubeide_1.10.1/stm32cubeide/plugins/com.st.stm32cube.ide.mcu.externaltools.gnu-tools-for-stm32.10.3-2021.10.win32_1.0.0.202111181127/tools/bin/../lib/gcc/arm-none-eabi/10.3.1/../../../../arm-none-eabi/lib/thumb/v7e-m+dp/hard\libstdc++_nano.a(pure.o)
 .ARM.attributes
                0x000000000000048b       0x32 d:/stm32cubeide_1.10.1/stm32cubeide/plugins/com.st.stm32cube.ide.mcu.externaltools.gnu-tools-for-stm32.10.3-2021.10.win32_1.0.0.202111181127/tools/bin/../lib/gcc/arm-none-eabi/10.3.1/../../../../arm-none-eabi/lib/thumb/v7e-m+dp/hard\libstdc++_nano.a(eh_terminate.o)
 .ARM.attributes
                0x00000000000004bd       0x32 d:/stm32cubeide_1.10.1/stm32cubeide/plugins/com.st.stm32cube.ide.mcu.externaltools.gnu-tools-for-stm32.10.3-2021.10.win32_1.0.0.202111181127/tools/bin/../lib/gcc/arm-none-eabi/10.3.1/../../../../arm-none-eabi/lib/thumb/v7e-m+dp/hard\libstdc++_nano.a(eh_term_handler.o)
 .ARM.attributes
                0x00000000000004ef       0x32 d:/stm32cubeide_1.10.1/stm32cubeide/plugins/com.st.stm32cube.ide.mcu.externaltools.gnu-tools-for-stm32.10.3-2021.10.win32_1.0.0.202111181127/tools/bin/../lib/gcc/arm-none-eabi/10.3.1/../../../../arm-none-eabi/lib/thumb/v7e-m+dp/hard\libc_nano.a(lib_a-abort.o)
 .ARM.attributes
                0x0000000000000521       0x32 d:/stm32cubeide_1.10.1/stm32cubeide/plugins/com.st.stm32cube.ide.mcu.externaltools.gnu-tools-for-stm32.10.3-2021.10.win32_1.0.0.202111181127/tools/bin/../lib/gcc/arm-none-eabi/10.3.1/../../../../arm-none-eabi/lib/thumb/v7e-m+dp/hard\libc_nano.a(lib_a-errno.o)
 .ARM.attributes
                0x0000000000000553       0x32 d:/stm32cubeide_1.10.1/stm32cubeide/plugins/com.st.stm32cube.ide.mcu.externaltools.gnu-tools-for-stm32.10.3-2021.10.win32_1.0.0.202111181127/tools/bin/../lib/gcc/arm-none-eabi/10.3.1/../../../../arm-none-eabi/lib/thumb/v7e-m+dp/hard\libc_nano.a(lib_a-impure.o)
 .ARM.attributes
                0x0000000000000585       0x32 d:/stm32cubeide_1.10.1/stm32cubeide/plugins/com.st.stm32cube.ide.mcu.externaltools.gnu-tools-for-stm32.10.3-2021.10.win32_1.0.0.202111181127/tools/bin/../lib/gcc/arm-none-eabi/10.3.1/../../../../arm-none-eabi/lib/thumb/v7e-m+dp/hard\libc_nano.a(lib_a-init.o)
 .ARM.attributes
                0x00000000000005b7       0x32 d:/stm32cubeide_1.10.1/stm32cubeide/plugins/com.st.stm32cube.ide.mcu.externaltools.gnu-tools-for-stm32.10.3-2021.10.win32_1.0.0.202111181127/tools/bin/../lib/gcc/arm-none-eabi/10.3.1/../../../../arm-none-eabi/lib/thumb/v7e-m+dp/hard\libc_nano.a(lib_a-memcpy-stub.o)
 .ARM.attributes
                0x00000000000005e9       0x32 d:/stm32cubeide_1.10.1/stm32cubeide/plugins/com.st.stm32cube.ide.mcu.externaltools.gnu-tools-for-stm32.10.3-2021.10.win32_1.0.0.202111181127/tools/bin/../lib/gcc/arm-none-eabi/10.3.1/../../../../arm-none-eabi/lib/thumb/v7e-m+dp/hard\libc_nano.a(lib_a-memset.o)
 .ARM.attributes
                0x000000000000061b       0x32 d:/stm32cubeide_1.10.1/stm32cubeide/plugins/com.st.stm32cube.ide.mcu.externaltools.gnu-tools-for-stm32.10.3-2021.10.win32_1.0.0.202111181127/tools/bin/../lib/gcc/arm-none-eabi/10.3.1/../../../../arm-none-eabi/lib/thumb/v7e-m+dp/hard\libc_nano.a(lib_a-realloc.o)
 .ARM.attributes
                0x000000000000064d       0x32 d:/stm32cubeide_1.10.1/stm32cubeide/plugins/com.st.stm32cube.ide.mcu.externaltools.gnu-tools-for-stm32.10.3-2021.10.win32_1.0.0.202111181127/tools/bin/../lib/gcc/arm-none-eabi/10.3.1/../../../../arm-none-eabi/lib/thumb/v7e-m+dp/hard\libc_nano.a(lib_a-signal.o)
 .ARM.attributes
                0x000000000000067f       0x32 d:/stm32cubeide_1.10.1/stm32cubeide/plugins/com.st.stm32cube.ide.mcu.externaltools.gnu-tools-for-stm32.10.3-2021.10.win32_1.0.0.202111181127/tools/bin/../lib/gcc/arm-none-eabi/10.3.1/../../../../arm-none-eabi/lib/thumb/v7e-m+dp/hard\libc_nano.a(lib_a-signalr.o)
 .ARM.attributes
                0x00000000000006b1       0x17 d:/stm32cubeide_1.10.1/stm32cubeide/plugins/com.st.stm32cube.ide.mcu.externaltools.gnu-tools-for-stm32.10.3-2021.10.win32_1.0.0.202111181127/tools/bin/../lib/gcc/arm-none-eabi/10.3.1/../../../../arm-none-eabi/lib/thumb/v7e-m+dp/hard\libc_nano.a(lib_a-strlen.o)
 .ARM.attributes